Component: ARM Compiler 5.06 update 5 (build 528) Tool: armlink [4d35e2]

==============================================================================

Section Cross References

    startup_stm32f746xx.o(RESET) refers to startup_stm32f746xx.o(STACK) for __initial_sp
    startup_stm32f746xx.o(RESET) refers to startup_stm32f746xx.o(.text) for Reset_Handler
    startup_stm32f746xx.o(RESET) refers to stm32f7xx_it.o(i.SysTick_Handler) for SysTick_Handler
    startup_stm32f746xx.o(RESET) refers to stm32f7xx_it.o(i.TIM2_IRQHandler) for TIM2_IRQHandler
    startup_stm32f746xx.o(RESET) refers to stm32f7xx_it.o(i.TIM3_IRQHandler) for TIM3_IRQHandler
    startup_stm32f746xx.o(RESET) refers to stm32f7xx_it.o(i.TIM4_IRQHandler) for TIM4_IRQHandler
    startup_stm32f746xx.o(RESET) refers to stm32f7xx_it.o(i.TIM5_IRQHandler) for TIM5_IRQHandler
    startup_stm32f746xx.o(RESET) refers to stm32f7xx_it.o(i.DMA2_Stream0_IRQHandler) for DMA2_Stream0_IRQHandler
    startup_stm32f746xx.o(.text) refers to system_stm32f7xx.o(i.SystemInit) for SystemInit
    startup_stm32f746xx.o(.text) refers to entry.o(.ARM.Collect$$$$00000000) for __main
    stm32746g_discovery.o(i.AUDIO_IO_Delay) refers to stm32f7xx_hal.o(i.HAL_Delay) for HAL_Delay
    stm32746g_discovery.o(i.AUDIO_IO_Init) refers to stm32746g_discovery.o(i.I2Cx_Init) for I2Cx_Init
    stm32746g_discovery.o(i.AUDIO_IO_Init) refers to stm32746g_discovery.o(.bss) for .bss
    stm32746g_discovery.o(i.AUDIO_IO_Read) refers to stm32746g_discovery.o(i.I2Cx_ReadMultiple) for I2Cx_ReadMultiple
    stm32746g_discovery.o(i.AUDIO_IO_Read) refers to stm32746g_discovery.o(.bss) for .bss
    stm32746g_discovery.o(i.AUDIO_IO_Write) refers to stm32746g_discovery.o(i.I2Cx_WriteMultiple) for I2Cx_WriteMultiple
    stm32746g_discovery.o(i.AUDIO_IO_Write) refers to stm32746g_discovery.o(.bss) for .bss
    stm32746g_discovery.o(i.BSP_COM_DeInit) refers to stm32f7xx_hal_uart.o(i.HAL_UART_DeInit) for HAL_UART_DeInit
    stm32746g_discovery.o(i.BSP_COM_DeInit) refers to stm32746g_discovery.o(.data) for .data
    stm32746g_discovery.o(i.BSP_COM_Init) refers to stm32f7xx_hal_gpio.o(i.HAL_GPIO_Init) for HAL_GPIO_Init
    stm32746g_discovery.o(i.BSP_COM_Init) refers to stm32f7xx_hal_uart.o(i.HAL_UART_Init) for HAL_UART_Init
    stm32746g_discovery.o(i.BSP_COM_Init) refers to stm32746g_discovery.o(.constdata) for .constdata
    stm32746g_discovery.o(i.BSP_COM_Init) refers to stm32746g_discovery.o(.data) for .data
    stm32746g_discovery.o(i.BSP_LED_DeInit) refers to stm32f7xx_hal_gpio.o(i.HAL_GPIO_WritePin) for HAL_GPIO_WritePin
    stm32746g_discovery.o(i.BSP_LED_DeInit) refers to stm32f7xx_hal_gpio.o(i.HAL_GPIO_DeInit) for HAL_GPIO_DeInit
    stm32746g_discovery.o(i.BSP_LED_DeInit) refers to stm32746g_discovery.o(.constdata) for .constdata
    stm32746g_discovery.o(i.BSP_LED_Init) refers to stm32f7xx_hal_gpio.o(i.HAL_GPIO_Init) for HAL_GPIO_Init
    stm32746g_discovery.o(i.BSP_LED_Init) refers to stm32f7xx_hal_gpio.o(i.HAL_GPIO_WritePin) for HAL_GPIO_WritePin
    stm32746g_discovery.o(i.BSP_LED_Init) refers to stm32746g_discovery.o(.constdata) for .constdata
    stm32746g_discovery.o(i.BSP_LED_Off) refers to stm32f7xx_hal_gpio.o(i.HAL_GPIO_WritePin) for HAL_GPIO_WritePin
    stm32746g_discovery.o(i.BSP_LED_Off) refers to stm32746g_discovery.o(.constdata) for .constdata
    stm32746g_discovery.o(i.BSP_LED_On) refers to stm32f7xx_hal_gpio.o(i.HAL_GPIO_WritePin) for HAL_GPIO_WritePin
    stm32746g_discovery.o(i.BSP_LED_On) refers to stm32746g_discovery.o(.constdata) for .constdata
    stm32746g_discovery.o(i.BSP_LED_Toggle) refers to stm32f7xx_hal_gpio.o(i.HAL_GPIO_TogglePin) for HAL_GPIO_TogglePin
    stm32746g_discovery.o(i.BSP_LED_Toggle) refers to stm32746g_discovery.o(.constdata) for .constdata
    stm32746g_discovery.o(i.BSP_PB_DeInit) refers to stm32f7xx_hal_cortex.o(i.HAL_NVIC_DisableIRQ) for HAL_NVIC_DisableIRQ
    stm32746g_discovery.o(i.BSP_PB_DeInit) refers to stm32f7xx_hal_gpio.o(i.HAL_GPIO_DeInit) for HAL_GPIO_DeInit
    stm32746g_discovery.o(i.BSP_PB_DeInit) refers to stm32746g_discovery.o(.constdata) for .constdata
    stm32746g_discovery.o(i.BSP_PB_DeInit) refers to stm32746g_discovery.o(.data) for .data
    stm32746g_discovery.o(i.BSP_PB_GetState) refers to stm32f7xx_hal_gpio.o(i.HAL_GPIO_ReadPin) for HAL_GPIO_ReadPin
    stm32746g_discovery.o(i.BSP_PB_GetState) refers to stm32746g_discovery.o(.constdata) for .constdata
    stm32746g_discovery.o(i.BSP_PB_GetState) refers to stm32746g_discovery.o(.data) for .data
    stm32746g_discovery.o(i.BSP_PB_Init) refers to stm32f7xx_hal_gpio.o(i.HAL_GPIO_Init) for HAL_GPIO_Init
    stm32746g_discovery.o(i.BSP_PB_Init) refers to stm32f7xx_hal_cortex.o(i.HAL_NVIC_SetPriority) for HAL_NVIC_SetPriority
    stm32746g_discovery.o(i.BSP_PB_Init) refers to stm32f7xx_hal_cortex.o(i.HAL_NVIC_EnableIRQ) for HAL_NVIC_EnableIRQ
    stm32746g_discovery.o(i.BSP_PB_Init) refers to stm32746g_discovery.o(.constdata) for .constdata
[...]
    i.BSP_LCD_DrawPixel                      0x0800074c   Section        0  stm32746g_discovery_lcd.o(i.BSP_LCD_DrawPixel)
    i.BSP_LCD_FillCircle                     0x080007b0   Section        0  stm32746g_discovery_lcd.o(i.BSP_LCD_FillCircle)
    i.BSP_LCD_GetXSize                       0x08000874   Section        0  stm32746g_discovery_lcd.o(i.BSP_LCD_GetXSize)
    i.BSP_LCD_GetYSize                       0x08000894   Section        0  stm32746g_discovery_lcd.o(i.BSP_LCD_GetYSize)
    i.BSP_LCD_Init                           0x080008b4   Section        0  stm32746g_discovery_lcd.o(i.BSP_LCD_Init)
    i.BSP_LCD_LayerDefaultInit               0x08000958   Section        0  stm32746g_discovery_lcd.o(i.BSP_LCD_LayerDefaultInit)
    i.BSP_LCD_MspInit                        0x080009d0   Section        0  stm32746g_discovery_lcd.o(i.BSP_LCD_MspInit)
    i.BSP_LCD_SelectLayer                    0x08000b08   Section        0  stm32746g_discovery_lcd.o(i.BSP_LCD_SelectLayer)
    i.BSP_LCD_SetBackColor                   0x08000b14   Section        0  stm32746g_discovery_lcd.o(i.BSP_LCD_SetBackColor)
    i.BSP_LCD_SetFont                        0x08000b30   Section        0  stm32746g_discovery_lcd.o(i.BSP_LCD_SetFont)
    i.BSP_LCD_SetTextColor                   0x08000b4c   Section        0  stm32746g_discovery_lcd.o(i.BSP_LCD_SetTextColor)
    i.BSP_LCD_SetTransparency                0x08000b64   Section        0  stm32746g_discovery_lcd.o(i.BSP_LCD_SetTransparency)
    i.BSP_LED_Init                           0x08000b70   Section        0  stm32746g_discovery.o(i.BSP_LED_Init)
    i.BSP_LED_Off                            0x08000bc0   Section        0  stm32746g_discovery.o(i.BSP_LED_Off)
    i.BSP_LED_On                             0x08000bdc   Section        0  stm32746g_discovery.o(i.BSP_LED_On)
    i.BSP_PB_GetState                        0x08000bf8   Section        0  stm32746g_discovery.o(i.BSP_PB_GetState)
    i.BSP_PB_Init                            0x08000c10   Section        0  stm32746g_discovery.o(i.BSP_PB_Init)
    i.BSP_SDRAM_Init                         0x08000ca4   Section        0  stm32746g_discovery_sdram.o(i.BSP_SDRAM_Init)
    i.BSP_SDRAM_Initialization_sequence      0x08000d1c   Section        0  stm32746g_discovery_sdram.o(i.BSP_SDRAM_Initialization_sequence)
    i.BSP_SDRAM_MspInit                      0x08000da8   Section        0  stm32746g_discovery_sdram.o(i.BSP_SDRAM_MspInit)
    i.BSP_TS_GetState                        0x08000f10   Section        0  stm32746g_discovery_ts.o(i.BSP_TS_GetState)
    i.BSP_TS_Get_GestureId                   0x08001080   Section        0  stm32746g_discovery_ts.o(i.BSP_TS_Get_GestureId)
    i.BSP_TS_Init                            0x080010dc   Section        0  stm32746g_discovery_ts.o(i.BSP_TS_Init)
    i.DMA2D_SetConfig                        0x08001118   Section        0  stm32f7xx_hal_dma2d.o(i.DMA2D_SetConfig)
    DMA2D_SetConfig                          0x08001119   Thumb Code   156  stm32f7xx_hal_dma2d.o(i.DMA2D_SetConfig)
    i.DMA2_Stream0_IRQHandler                0x080011b8   Section        0  stm32f7xx_it.o(i.DMA2_Stream0_IRQHandler)
    i.DMA_CalcBaseAndBitshift                0x080011c4   Section        0  stm32f7xx_hal_dma.o(i.DMA_CalcBaseAndBitshift)
    DMA_CalcBaseAndBitshift                  0x080011c5   Thumb Code    34  stm32f7xx_hal_dma.o(i.DMA_CalcBaseAndBitshift)
    i.DMA_CheckFifoParam                     0x080011ec   Section        0  stm32f7xx_hal_dma.o(i.DMA_CheckFifoParam)
    DMA_CheckFifoParam                       0x080011ed   Thumb Code    84  stm32f7xx_hal_dma.o(i.DMA_CheckFifoParam)
    i.DMA_SetConfig                          0x08001240   Section        0  stm32f7xx_hal_dma.o(i.DMA_SetConfig)
    DMA_SetConfig                            0x08001241   Thumb Code    40  stm32f7xx_hal_dma.o(i.DMA_SetConfig)
    i.DrawChar                               0x08001268   Section        0  stm32746g_discovery_lcd.o(i.DrawChar)
    DrawChar                                 0x08001269   Thumb Code   168  stm32746g_discovery_lcd.o(i.DrawChar)
    i.Error_Handler                          0x08001318   Section        0  main.o(i.Error_Handler)
    i.FMC_SDRAM_Init                         0x0800131a   Section        0  stm32f7xx_ll_fmc.o(i.FMC_SDRAM_Init)
    i.FMC_SDRAM_ProgramRefreshRate           0x08001378   Section        0  stm32f7xx_ll_fmc.o(i.FMC_SDRAM_ProgramRefreshRate)
    i.FMC_SDRAM_SendCommand                  0x08001384   Section        0  stm32f7xx_ll_fmc.o(i.FMC_SDRAM_SendCommand)
    i.FMC_SDRAM_Timing_Init                  0x080013cc   Section        0  stm32f7xx_ll_fmc.o(i.FMC_SDRAM_Timing_Init)
    i.HAL_ADC_ConfigChannel                  0x08001458   Section        0  stm32f7xx_hal_adc.o(i.HAL_ADC_ConfigChannel)
    i.HAL_ADC_ConvCpltCallback               0x080015bc   Section        0  main.o(i.HAL_ADC_ConvCpltCallback)
    i.HAL_ADC_ConvHalfCpltCallback           0x080015e4   Section        0  stm32f7xx_hal_adc.o(i.HAL_ADC_ConvHalfCpltCallback)
    i.HAL_ADC_ErrorCallback                  0x080015e6   Section        0  stm32f7xx_hal_adc.o(i.HAL_ADC_ErrorCallback)
    i.HAL_ADC_Init                           0x080015e8   Section        0  stm32f7xx_hal_adc.o(i.HAL_ADC_Init)
    i.HAL_ADC_MspInit                        0x0800163c   Section        0  stm32f7xx_hal_msp.o(i.HAL_ADC_MspInit)
    i.HAL_ADC_Start                          0x080016fc   Section        0  stm32f7xx_hal_adc.o(i.HAL_ADC_Start)
    i.HAL_ADC_Start_DMA                      0x080017b4   Section        0  stm32f7xx_hal_adc.o(i.HAL_ADC_Start_DMA)
    i.HAL_DMA2D_ConfigLayer                  0x080018b0   Section        0  stm32f7xx_hal_dma2d.o(i.HAL_DMA2D_ConfigLayer)
    i.HAL_DMA2D_Init                         0x08001968   Section        0  stm32f7xx_hal_dma2d.o(i.HAL_DMA2D_Init)
    i.HAL_DMA2D_MspInit                      0x080019c2   Section        0  stm32f7xx_hal_dma2d.o(i.HAL_DMA2D_MspInit)
    i.HAL_DMA2D_PollForTransfer              0x080019c4   Section        0  stm32f7xx_hal_dma2d.o(i.HAL_DMA2D_PollForTransfer)
    i.HAL_DMA2D_Start                        0x08001ad0   Section        0  stm32f7xx_hal_dma2d.o(i.HAL_DMA2D_Start)
    i.HAL_DMA_DeInit                         0x08001b04   Section        0  stm32f7xx_hal_dma.o(i.HAL_DMA_DeInit)
    i.HAL_DMA_IRQHandler                     0x08001b5c   Section        0  stm32f7xx_hal_dma.o(i.HAL_DMA_IRQHandler)
    i.HAL_DMA_Init                           0x08001d04   Section        0  stm32f7xx_hal_dma.o(i.HAL_DMA_Init)
    i.HAL_DMA_Start_IT                       0x08001de4   Section        0  stm32f7xx_hal_dma.o(i.HAL_DMA_Start_IT)
    i.HAL_Delay                              0x08001e5e   Section        0  stm32f7xx_hal.o(i.HAL_Delay)
    i.HAL_GPIO_Init                          0x08001e74   Section        0  stm32f7xx_hal_gpio.o(i.HAL_GPIO_Init)
    i.HAL_GPIO_ReadPin                       0x0800204c   Section        0  stm32f7xx_hal_gpio.o(i.HAL_GPIO_ReadPin)
    i.HAL_GPIO_WritePin                      0x08002056   Section        0  stm32f7xx_hal_gpio.o(i.HAL_GPIO_WritePin)
    i.HAL_GetTick                            0x08002060   Section        0  stm32f7xx_hal.o(i.HAL_GetTick)
    i.HAL_I2C_DeInit                         0x0800206c   Section        0  stm32f7xx_hal_i2c.o(i.HAL_I2C_DeInit)
    i.HAL_I2C_GetState                       0x080020a0   Section        0  stm32f7xx_hal_i2c.o(i.HAL_I2C_GetState)
    i.HAL_I2C_Init                           0x080020a8   Section        0  stm32f7xx_hal_i2c.o(i.HAL_I2C_Init)
    i.HAL_I2C_Mem_Read                       0x08002158   Section        0  stm32f7xx_hal_i2c.o(i.HAL_I2C_Mem_Read)
    i.HAL_I2C_Mem_Write                      0x080022c4   Section        0  stm32f7xx_hal_i2c.o(i.HAL_I2C_Mem_Write)
    i.HAL_I2C_MspDeInit                      0x0800242c   Section        0  stm32f7xx_hal_i2c.o(i.HAL_I2C_MspDeInit)
    i.HAL_I2C_MspInit                        0x0800242e   Section        0  stm32f7xx_hal_i2c.o(i.HAL_I2C_MspInit)
    i.HAL_IncTick                            0x08002430   Section        0  stm32f7xx_hal.o(i.HAL_IncTick)
    i.HAL_Init                               0x08002440   Section        0  stm32f7xx_hal.o(i.HAL_Init)
    i.HAL_InitTick                           0x08002458   Section        0  stm32f7xx_hal.o(i.HAL_InitTick)
    i.HAL_LTDC_ConfigLayer                   0x08002480   Section        0  stm32f7xx_hal_ltdc.o(i.HAL_LTDC_ConfigLayer)
    i.HAL_LTDC_GetState                      0x080024d2   Section        0  stm32f7xx_hal_ltdc.o(i.HAL_LTDC_GetState)
    i.HAL_LTDC_Init                          0x080024d8   Section        0  stm32f7xx_hal_ltdc.o(i.HAL_LTDC_Init)
    i.HAL_LTDC_MspInit                       0x080025d8   Section        0  stm32f7xx_hal_msp.o(i.HAL_LTDC_MspInit)
    i.HAL_LTDC_SetAlpha                      0x08002688   Section        0  stm32f7xx_hal_ltdc.o(i.HAL_LTDC_SetAlpha)
    i.HAL_MspInit                            0x080026cc   Section        0  stm32f7xx_hal_msp.o(i.HAL_MspInit)
    i.HAL_NVIC_EnableIRQ                     0x08002724   Section        0  stm32f7xx_hal_cortex.o(i.HAL_NVIC_EnableIRQ)
    i.HAL_NVIC_SetPriority                   0x0800273c   Section        0  stm32f7xx_hal_cortex.o(i.HAL_NVIC_SetPriority)
    i.HAL_NVIC_SetPriorityGrouping           0x0800277c   Section        0  stm32f7xx_hal_cortex.o(i.HAL_NVIC_SetPriorityGrouping)
    i.HAL_RCCEx_PeriphCLKConfig              0x080027a0   Section        0  stm32f7xx_hal_rcc_ex.o(i.HAL_RCCEx_PeriphCLKConfig)
    i.HAL_RCC_ClockConfig                    0x08002e54   Section        0  stm32f7xx_hal_rcc.o(i.HAL_RCC_ClockConfig)
    i.HAL_RCC_GetHCLKFreq                    0x08002fb8   Section        0  stm32f7xx_hal_rcc.o(i.HAL_RCC_GetHCLKFreq)
    i.HAL_RCC_GetSysClockFreq                0x08002fc4   Section        0  stm32f7xx_hal_rcc.o(i.HAL_RCC_GetSysClockFreq)
    i.HAL_RCC_OscConfig                      0x08003048   Section        0  stm32f7xx_hal_rcc.o(i.HAL_RCC_OscConfig)
    i.HAL_SDRAM_Init                         0x08003368   Section        0  stm32f7xx_hal_sdram.o(i.HAL_SDRAM_Init)
    i.HAL_SDRAM_MspInit                      0x080033aa   Section        0  stm32f7xx_hal_sdram.o(i.HAL_SDRAM_MspInit)
    i.HAL_SDRAM_ProgramRefreshRate           0x080033ac   Section        0  stm32f7xx_hal_sdram.o(i.HAL_SDRAM_ProgramRefreshRate)
    i.HAL_SDRAM_SendCommand                  0x080033d0   Section        0  stm32f7xx_hal_sdram.o(i.HAL_SDRAM_SendCommand)
    i.HAL_SYSTICK_CLKSourceConfig            0x08003400   Section        0  stm32f7xx_hal_cortex.o(i.HAL_SYSTICK_CLKSourceConfig)
    i.HAL_SYSTICK_Callback                   0x08003418   Section        0  stm32f7xx_hal_cortex.o(i.HAL_SYSTICK_Callback)
    i.HAL_SYSTICK_Config                     0x0800341a   Section        0  stm32f7xx_hal_cortex.o(i.HAL_SYSTICK_Config)
    i.HAL_SYSTICK_IRQHandler                 0x08003440   Section        0  stm32f7xx_hal_cortex.o(i.HAL_SYSTICK_IRQHandler)
    i.HAL_TIMEx_BreakCallback                0x08003448   Section        0  stm32f7xx_hal_tim_ex.o(i.HAL_TIMEx_BreakCallback)
    i.HAL_TIMEx_CommutationCallback          0x0800344a   Section        0  stm32f7xx_hal_tim_ex.o(i.HAL_TIMEx_CommutationCallback)
    i.HAL_TIMEx_MasterConfigSynchronization  0x0800344c   Section        0  stm32f7xx_hal_tim_ex.o(i.HAL_TIMEx_MasterConfigSynchronization)
    i.HAL_TIM_Base_Init                      0x080034a4   Section        0  stm32f7xx_hal_tim.o(i.HAL_TIM_Base_Init)
    i.HAL_TIM_Base_MspInit                   0x080034d4   Section        0  stm32f7xx_hal_msp.o(i.HAL_TIM_Base_MspInit)
    i.HAL_TIM_Base_Start_IT                  0x080035fc   Section        0  stm32f7xx_hal_tim.o(i.HAL_TIM_Base_Start_IT)
    i.HAL_TIM_ConfigClockSource              0x08003614   Section        0  stm32f7xx_hal_tim.o(i.HAL_TIM_ConfigClockSource)
    i.HAL_TIM_IC_CaptureCallback             0x08003710   Section        0  stm32f7xx_hal_tim.o(i.HAL_TIM_IC_CaptureCallback)
    i.HAL_TIM_IRQHandler                     0x08003712   Section        0  stm32f7xx_hal_tim.o(i.HAL_TIM_IRQHandler)
    i.HAL_TIM_OC_DelayElapsedCallback        0x08003890   Section        0  stm32f7xx_hal_tim.o(i.HAL_TIM_OC_DelayElapsedCallback)
    i.HAL_TIM_PWM_PulseFinishedCallback      0x08003892   Section        0  stm32f7xx_hal_tim.o(i.HAL_TIM_PWM_PulseFinishedCallback)
    i.HAL_TIM_PeriodElapsedCallback          0x08003894   Section        0  stm32f7xx_hal_tim.o(i.HAL_TIM_PeriodElapsedCallback)
    i.HAL_TIM_TriggerCallback                0x08003896   Section        0  stm32f7xx_hal_tim.o(i.HAL_TIM_TriggerCallback)
    i.I2C_Flush_TXDR                         0x08003898   Section        0  stm32f7xx_hal_i2c.o(i.I2C_Flush_TXDR)
    I2C_Flush_TXDR                           0x08003899   Thumb Code    34  stm32f7xx_hal_i2c.o(i.I2C_Flush_TXDR)
    i.I2C_IsAcknowledgeFailed                0x080038bc   Section        0  stm32f7xx_hal_i2c.o(i.I2C_IsAcknowledgeFailed)
    I2C_IsAcknowledgeFailed                  0x080038bd   Thumb Code   120  stm32f7xx_hal_i2c.o(i.I2C_IsAcknowledgeFailed)
    i.I2C_RequestMemoryRead                  0x08003938   Section        0  stm32f7xx_hal_i2c.o(i.I2C_RequestMemoryRead)
    I2C_RequestMemoryRead                    0x08003939   Thumb Code   110  stm32f7xx_hal_i2c.o(i.I2C_RequestMemoryRead)
    i.I2C_RequestMemoryWrite                 0x080039a6   Section        0  stm32f7xx_hal_i2c.o(i.I2C_RequestMemoryWrite)
    I2C_RequestMemoryWrite                   0x080039a7   Thumb Code   110  stm32f7xx_hal_i2c.o(i.I2C_RequestMemoryWrite)
    i.I2C_TransferConfig                     0x08003a14   Section        0  stm32f7xx_hal_i2c.o(i.I2C_TransferConfig)
    I2C_TransferConfig                       0x08003a15   Thumb Code    30  stm32f7xx_hal_i2c.o(i.I2C_TransferConfig)
    i.I2C_WaitOnFlagUntilTimeout             0x08003a38   Section        0  stm32f7xx_hal_i2c.o(i.I2C_WaitOnFlagUntilTimeout)
    I2C_WaitOnFlagUntilTimeout               0x08003a39   Thumb Code    82  stm32f7xx_hal_i2c.o(i.I2C_WaitOnFlagUntilTimeout)
    i.I2C_WaitOnSTOPFlagUntilTimeout         0x08003a8a   Section        0  stm32f7xx_hal_i2c.o(i.I2C_WaitOnSTOPFlagUntilTimeout)
    I2C_WaitOnSTOPFlagUntilTimeout           0x08003a8b   Thumb Code    80  stm32f7xx_hal_i2c.o(i.I2C_WaitOnSTOPFlagUntilTimeout)
    i.I2C_WaitOnTXISFlagUntilTimeout         0x08003ada   Section        0  stm32f7xx_hal_i2c.o(i.I2C_WaitOnTXISFlagUntilTimeout)
    I2C_WaitOnTXISFlagUntilTimeout           0x08003adb   Thumb Code    84  stm32f7xx_hal_i2c.o(i.I2C_WaitOnTXISFlagUntilTimeout)
    i.I2Cx_Error                             0x08003b2e   Section        0  stm32746g_discovery.o(i.I2Cx_Error)
    I2Cx_Error                               0x08003b2f   Thumb Code    18  stm32746g_discovery.o(i.I2Cx_Error)
    i.I2Cx_Init                              0x08003b40   Section        0  stm32746g_discovery.o(i.I2Cx_Init)
    I2Cx_Init                                0x08003b41   Thumb Code    64  stm32746g_discovery.o(i.I2Cx_Init)
    i.I2Cx_MspInit                           0x08003b90   Section        0  stm32746g_discovery.o(i.I2Cx_MspInit)
    I2Cx_MspInit                             0x08003b91   Thumb Code   266  stm32746g_discovery.o(i.I2Cx_MspInit)
    i.I2Cx_ReadMultiple                      0x08003cb4   Section        0  stm32746g_discovery.o(i.I2Cx_ReadMultiple)
    I2Cx_ReadMultiple                        0x08003cb5   Thumb Code    42  stm32746g_discovery.o(i.I2Cx_ReadMultiple)
    i.I2Cx_WriteMultiple                     0x08003cde   Section        0  stm32746g_discovery.o(i.I2Cx_WriteMultiple)
    I2Cx_WriteMultiple                       0x08003cdf   Thumb Code    42  stm32746g_discovery.o(i.I2Cx_WriteMultiple)
    i.LL_FillBuffer                          0x08003d08   Section        0  stm32746g_discovery_lcd.o(i.LL_FillBuffer)
    LL_FillBuffer                            0x08003d09   Thumb Code   116  stm32746g_discovery_lcd.o(i.LL_FillBuffer)
    i.LTDC_SetConfig                         0x08003d88   Section        0  stm32f7xx_hal_ltdc.o(i.LTDC_SetConfig)
    LTDC_SetConfig                           0x08003d89   Thumb Code   464  stm32f7xx_hal_ltdc.o(i.LTDC_SetConfig)
    i.MX_ADC3_Init                           0x08003f58   Section        0  main.o(i.MX_ADC3_Init)
    MX_ADC3_Init                             0x08003f59   Thumb Code    68  main.o(i.MX_ADC3_Init)
    i.MX_GPIO_Init                           0x08003fa4   Section        0  main.o(i.MX_GPIO_Init)
    MX_GPIO_Init                             0x08003fa5   Thumb Code  1364  main.o(i.MX_GPIO_Init)
    i.MX_LTDC_Init                           0x08004518   Section        0  main.o(i.MX_LTDC_Init)
    MX_LTDC_Init                             0x08004519   Thumb Code   132  main.o(i.MX_LTDC_Init)
    i.MX_TIM2_Init                           0x080045a4   Section        0  main.o(i.MX_TIM2_Init)
    MX_TIM2_Init                             0x080045a5   Thumb Code    82  main.o(i.MX_TIM2_Init)
    i.MX_TIM3_Init                           0x080045fc   Section        0  main.o(i.MX_TIM3_Init)
    MX_TIM3_Init                             0x080045fd   Thumb Code    80  main.o(i.MX_TIM3_Init)
    i.MX_TIM4_Init                           0x08004654   Section        0  main.o(i.MX_TIM4_Init)
    MX_TIM4_Init                             0x08004655   Thumb Code    80  main.o(i.MX_TIM4_Init)
    i.MX_TIM5_Init                           0x080046ac   Section        0  main.o(i.MX_TIM5_Init)
    MX_TIM5_Init                             0x080046ad   Thumb Code    80  main.o(i.MX_TIM5_Init)
    i.NVIC_SetPriority                       0x08004704   Section        0  stm32f7xx_hal_cortex.o(i.NVIC_SetPriority)
    NVIC_SetPriority                         0x08004705   Thumb Code    34  stm32f7xx_hal_cortex.o(i.NVIC_SetPriority)
    i.SysTick_Handler                        0x08004726   Section        0  stm32f7xx_it.o(i.SysTick_Handler)
    i.SystemClock_Config                     0x08004734   Section        0  main.o(i.SystemClock_Config)
    i.SystemInit                             0x080047c0   Section        0  system_stm32f7xx.o(i.SystemInit)
    i.TIM2_IRQHandler                        0x08004814   Section        0  stm32f7xx_it.o(i.TIM2_IRQHandler)
    i.TIM3_IRQHandler                        0x0800482c   Section        0  stm32f7xx_it.o(i.TIM3_IRQHandler)
    i.TIM4_IRQHandler                        0x08004844   Section        0  stm32f7xx_it.o(i.TIM4_IRQHandler)
    i.TIM5_IRQHandler                        0x0800485c   Section        0  stm32f7xx_it.o(i.TIM5_IRQHandler)
    i.TIM_Base_SetConfig                     0x08004874   Section        0  stm32f7xx_hal_tim.o(i.TIM_Base_SetConfig)
    i.TIM_ETR_SetConfig                      0x08004938   Section        0  stm32f7xx_hal_tim.o(i.TIM_ETR_SetConfig)
    i.TIM_ITRx_SetConfig                     0x0800494a   Section        0  stm32f7xx_hal_tim.o(i.TIM_ITRx_SetConfig)
    TIM_ITRx_SetConfig                       0x0800494b   Thumb Code    16  stm32f7xx_hal_tim.o(i.TIM_ITRx_SetConfig)
    i.TIM_TI1_ConfigInputStage               0x0800495a   Section        0  stm32f7xx_hal_tim.o(i.TIM_TI1_ConfigInputStage)
    TIM_TI1_ConfigInputStage                 0x0800495b   Thumb Code    34  stm32f7xx_hal_tim.o(i.TIM_TI1_ConfigInputStage)
    i.TIM_TI2_ConfigInputStage               0x0800497c   Section        0  stm32f7xx_hal_tim.o(i.TIM_TI2_ConfigInputStage)
    TIM_TI2_ConfigInputStage                 0x0800497d   Thumb Code    36  stm32f7xx_hal_tim.o(i.TIM_TI2_ConfigInputStage)
    i.TS_IO_Delay                            0x080049a0   Section        0  stm32746g_discovery.o(i.TS_IO_Delay)
    i.TS_IO_Init                             0x080049a4   Section        0  stm32746g_discovery.o(i.TS_IO_Init)
    i.TS_IO_Read                             0x080049b0   Section        0  stm32746g_discovery.o(i.TS_IO_Read)
    i.TS_IO_Write                            0x080049d8   Section        0  stm32746g_discovery.o(i.TS_IO_Write)
    i.__0sprintf$1                           0x080049f8   Section        0  printf1.o(i.__0sprintf$1)
    i.__scatterload_copy                     0x08004a20   Section       14  handlers.o(i.__scatterload_copy)
    i.__scatterload_null                     0x08004a2e   Section        2  handlers.o(i.__scatterload_null)
    i.__scatterload_zeroinit                 0x08004a30   Section       14  handlers.o(i.__scatterload_zeroinit)
    i._printf_core                           0x08004a40   Section        0  printf1.o(i._printf_core)
    _printf_core                             0x08004a41   Thumb Code   336  printf1.o(i._printf_core)
    i._sputc                                 0x08004b94   Section        0  printf1.o(i._sputc)
    _sputc                                   0x08004b95   Thumb Code    10  printf1.o(i._sputc)
    i.ft5336_I2C_InitializeIfRequired        0x08004ba0   Section        0  ft5336.o(i.ft5336_I2C_InitializeIfRequired)
    ft5336_I2C_InitializeIfRequired          0x08004ba1   Thumb Code    20  ft5336.o(i.ft5336_I2C_InitializeIfRequired)
    i.ft5336_Init                            0x08004bb8   Section        0  ft5336.o(i.ft5336_Init)
    i.ft5336_ReadID                          0x08004bc8   Section        0  ft5336.o(i.ft5336_ReadID)
    i.ft5336_Reset                           0x08004c02   Section        0  ft5336.o(i.ft5336_Reset)
    i.ft5336_TS_ClearIT                      0x08004c04   Section        0  ft5336.o(i.ft5336_TS_ClearIT)
    i.ft5336_TS_DetectTouch                  0x08004c08   Section        0  ft5336.o(i.ft5336_TS_DetectTouch)
    i.ft5336_TS_DisableIT                    0x08004c48   Section        0  ft5336.o(i.ft5336_TS_DisableIT)
    i.ft5336_TS_EnableIT                     0x08004c52   Section        0  ft5336.o(i.ft5336_TS_EnableIT)
    i.ft5336_TS_GetGestureID                 0x08004c5c   Section        0  ft5336.o(i.ft5336_TS_GetGestureID)
    i.ft5336_TS_GetTouchInfo                 0x08004c7c   Section        0  ft5336.o(i.ft5336_TS_GetTouchInfo)
    i.ft5336_TS_GetXY                        0x08004d48   Section        0  ft5336.o(i.ft5336_TS_GetXY)
    i.ft5336_TS_ITStatus                     0x08004e68   Section        0  ft5336.o(i.ft5336_TS_ITStatus)
    i.ft5336_TS_Start                        0x08004e6c   Section        0  ft5336.o(i.ft5336_TS_Start)
    i.main                                   0x08004e70   Section        0  main.o(i.main)
    i.timerTest                              0x0800509c   Section        0  main.o(i.timerTest)
    .constdata                               0x080050b8   Section       24  stm32746g_discovery.o(.constdata)
    .constdata                               0x080050d0   Section     6840  stm32746g_discovery_lcd.o(.constdata)
    .constdata                               0x08006b88   Section      760  stm32746g_discovery_lcd.o(.constdata)
    .constdata                               0x08006e80   Section        8  stm32f7xx_hal_dma.o(.constdata)
    flagBitshiftOffset                       0x08006e80   Data           8  stm32f7xx_hal_dma.o(.constdata)
    .constdata                               0x08006e88   Section       16  system_stm32f7xx.o(.constdata)
    .data                                    0x20000000   Section       24  stm32746g_discovery.o(.data)
    .data                                    0x20000018   Section       12  stm32746g_discovery_lcd.o(.data)
    ActiveLayer                              0x20000018   Data           4  stm32746g_discovery_lcd.o(.data)
    .data                                    0x20000024   Section        8  stm32746g_discovery_lcd.o(.data)
    .data                                    0x2000002c   Section        2  stm32746g_discovery_sdram.o(.data)
    sdramstatus                              0x2000002c   Data           1  stm32746g_discovery_sdram.o(.data)
    sdramstatus                              0x2000002d   Data           1  stm32746g_discovery_sdram.o(.data)
    .data                                    0x20000030   Section       12  stm32746g_discovery_ts.o(.data)
    tsOrientation                            0x20000030   Data           1  stm32746g_discovery_ts.o(.data)
    I2cAddress                               0x20000031   Data           1  stm32746g_discovery_ts.o(.data)
    tsXBoundary                              0x20000032   Data           2  stm32746g_discovery_ts.o(.data)
    tsYBoundary                              0x20000034   Data           2  stm32746g_discovery_ts.o(.data)
    tsDriver                                 0x20000038   Data           4  stm32746g_discovery_ts.o(.data)
    .data                                    0x2000003c   Section       40  ft5336.o(.data)
    .data                                    0x20000064   Section        5  ft5336.o(.data)
    coord                                    0x20000064   Data           2  ft5336.o(.data)
    ft5336_handle                            0x20000066   Data           3  ft5336.o(.data)
    .data                                    0x2000006c   Section        4  stm32f7xx_hal.o(.data)
    .data                                    0x20000070   Section      144  main.o(.data)
    iteration                                0x20000071   Data           1  main.o(.data)
    Px                                       0x20000078   Data           4  main.o(.data)
    Py                                       0x2000007c   Data           4  main.o(.data)
    x                                        0x20000080   Data           4  main.o(.data)
    xtemp                                    0x20000084   Data           4  main.o(.data)
    y                                        0x20000088   Data           4  main.o(.data)
    x0                                       0x2000008c   Data           4  main.o(.data)
    y0                                       0x20000090   Data           4  main.o(.data)
    i                                        0x20000094   Data           4  main.o(.data)
    tmpval                                   0x20000098   Data           4  main.o(.data)
    .data                                    0x20000100   Section        4  system_stm32f7xx.o(.data)
    .bss                                     0x20000104   Section      152  stm32746g_discovery.o(.bss)
    hI2cAudioHandler                         0x20000104   Data          76  stm32746g_discovery.o(.bss)
    hI2cExtHandler                           0x20000150   Data          76  stm32746g_discovery.o(.bss)
    .bss                                     0x2000019c   Section      388  stm32746g_discovery_lcd.o(.bss)
    periph_clk_init_struct                   0x2000019c   Data         132  stm32746g_discovery_lcd.o(.bss)
    hDma2dHandler                            0x200002c8   Data          64  stm32746g_discovery_lcd.o(.bss)
    DrawProp                                 0x20000308   Data          24  stm32746g_discovery_lcd.o(.bss)
    .bss                                     0x20000320   Section      288  stm32746g_discovery_sdram.o(.bss)
    dma_handle                               0x20000320   Data          96  stm32746g_discovery_sdram.o(.bss)
    dma_handle                               0x20000380   Data          96  stm32746g_discovery_sdram.o(.bss)
    Timing                                   0x20000414   Data          28  stm32746g_discovery_sdram.o(.bss)
    Command                                  0x20000430   Data          16  stm32746g_discovery_sdram.o(.bss)
    .bss                                     0x20000440   Section       40  stm32746g_discovery_ts.o(.bss)
    _x                                       0x20000440   Data          20  stm32746g_discovery_ts.o(.bss)
    _y                                       0x20000454   Data          20  stm32746g_discovery_ts.o(.bss)
    .bss                                     0x20000468   Section     1052  main.o(.bss)
    .bss                                     0x20000884   Section       96  main.o(.bss)
    STACK                                    0x200008e8   Section     1024  startup_stm32f746xx.o(STACK)

    Global Symbols

    Symbol Name                              Value     Ov Type        Size  Object(Section)

    BuildAttributes$$THM_ISAv4$E$P$D$K$B$S$7EM$VFPi5$EXTD16$VFPS$VFMA$PE$PLD8$A:L22UL41UL21$X:L11$S22US41US21$IEEE1$IW$USESV6$~STKCKD$USESV7$~SHL$OSPACE$ROPI$EBA8$MICROLIB$REQ8$PRES8$EABIv2 0x00000000   Number         0  anon$$obj.o ABSOLUTE
    __ARM_use_no_argv                        0x00000000   Number         0  main.o ABSOLUTE
    _printf_a                                0x00000000   Number         0  stubs.o ABSOLUTE
    _printf_c                                0x00000000   Number         0  stubs.o ABSOLUTE
    _printf_charcount                        0x00000000   Number         0  stubs.o ABSOLUTE
    _printf_d                                0x00000000   Number         0  stubs.o ABSOLUTE
    _printf_e                                0x00000000   Number         0  stubs.o ABSOLUTE
    _printf_f                                0x00000000   Number         0  stubs.o ABSOLUTE
    _printf_flags                            0x00000000   Number         0  stubs.o ABSOLUTE
    _printf_fp_dec                           0x00000000   Number         0  stubs.o ABSOLUTE
    _printf_fp_hex                           0x00000000   Number         0  stubs.o ABSOLUTE
    _printf_g                                0x00000000   Number         0  stubs.o ABSOLUTE
    _printf_i                                0x00000000   Number         0  stubs.o ABSOLUTE
    _printf_int_dec                          0x00000000   Number         0  stubs.o ABSOLUTE
    _printf_l                                0x00000000   Number         0  stubs.o ABSOLUTE
    _printf_lc                               0x00000000   Number         0  stubs.o ABSOLUTE
    _printf_ll                               0x00000000   Number         0  stubs.o ABSOLUTE
    _printf_lld                              0x00000000   Number         0  stubs.o ABSOLUTE
    _printf_lli                              0x00000000   Number         0  stubs.o ABSOLUTE
    _printf_llo                              0x00000000   Number         0  stubs.o ABSOLUTE
    _printf_llu                              0x00000000   Number         0  stubs.o ABSOLUTE
    _printf_llx                              0x00000000   Number         0  stubs.o ABSOLUTE
    _printf_longlong_dec                     0x00000000   Number         0  stubs.o ABSOLUTE
    _printf_longlong_hex                     0x00000000   Number         0  stubs.o ABSOLUTE
    _printf_longlong_oct                     0x00000000   Number         0  stubs.o ABSOLUTE
    _printf_ls                               0x00000000   Number         0  stubs.o ABSOLUTE
    _printf_mbtowc                           0x00000000   Number         0  stubs.o ABSOLUTE
    _printf_n                                0x00000000   Number         0  stubs.o ABSOLUTE
    _printf_o                                0x00000000   Number         0  stubs.o ABSOLUTE
    _printf_p                                0x00000000   Number         0  stubs.o ABSOLUTE
    _printf_percent                          0x00000000   Number         0  stubs.o ABSOLUTE
    _printf_pre_padding                      0x00000000   Number         0  stubs.o ABSOLUTE
    _printf_return_value                     0x00000000   Number         0  stubs.o ABSOLUTE
    _printf_s                                0x00000000   Number         0  stubs.o ABSOLUTE
    _printf_sizespec                         0x00000000   Number         0  stubs.o ABSOLUTE
    _printf_str                              0x00000000   Number         0  stubs.o ABSOLUTE
    _printf_truncate_signed                  0x00000000   Number         0  stubs.o ABSOLUTE
    _printf_truncate_unsigned                0x00000000   Number         0  stubs.o ABSOLUTE
    _printf_u                                0x00000000   Number         0  stubs.o ABSOLUTE
    _printf_wc                               0x00000000   Number         0  stubs.o ABSOLUTE
    _printf_wctomb                           0x00000000   Number         0  stubs.o ABSOLUTE
    _printf_widthprec                        0x00000000   Number         0  stubs.o ABSOLUTE
    _printf_x                                0x00000000   Number         0  stubs.o ABSOLUTE
    __cpp_initialize__aeabi_                  - Undefined Weak Reference
    __cxa_finalize                            - Undefined Weak Reference
    __decompress                              - Undefined Weak Reference
    _clock_init                               - Undefined Weak Reference
    _microlib_exit                            - Undefined Weak Reference
    __Vectors_Size                           0x000001c8   Number         0  startup_stm32f746xx.o ABSOLUTE
    __Vectors                                0x08000000   Data           4  startup_stm32f746xx.o(RESET)
    __Vectors_End                            0x080001c8   Data           0  startup_stm32f746xx.o(RESET)
    __main                                   0x080001c9   Thumb Code     0  entry.o(.ARM.Collect$$$$00000000)
    _main_stk                                0x080001c9   Thumb Code     0  entry2.o(.ARM.Collect$$$$00000001)
    _main_scatterload                        0x080001cd   Thumb Code     0  entry5.o(.ARM.Collect$$$$00000004)
    __main_after_scatterload                 0x080001d1   Thumb Code     0  entry5.o(.ARM.Collect$$$$00000004)
    _main_clock                              0x080001d1   Thumb Code     0  entry7b.o(.ARM.Collect$$$$00000008)
    _main_cpp_init                           0x080001d1   Thumb Code     0  entry8b.o(.ARM.Collect$$$$0000000A)
    _main_init                               0x080001d1   Thumb Code     0  entry9a.o(.ARM.Collect$$$$0000000B)
    __rt_final_cpp                           0x080001d9   Thumb Code     0  entry10a.o(.ARM.Collect$$$$0000000D)
    __rt_final_exit                          0x080001d9   Thumb Code     0  entry11a.o(.ARM.Collect$$$$0000000F)
    Reset_Handler                            0x080001dd   Thumb Code     8  startup_stm32f746xx.o(.text)
    NMI_Handler                              0x080001e5   Thumb Code     2  startup_stm32f746xx.o(.text)
    HardFault_Handler                        0x080001e7   Thumb Code     2  startup_stm32f746xx.o(.text)
    MemManage_Handler                        0x080001e9   Thumb Code     2  startup_stm32f746xx.o(.text)
    BusFault_Handler                         0x080001eb   Thumb Code     2  startup_stm32f746xx.o(.text)
    UsageFault_Handler                       0x080001ed   Thumb Code     2  startup_stm32f746xx.o(.text)
    SVC_Handler                              0x080001ef   Thumb Code     2  startup_stm32f746xx.o(.text)
    DebugMon_Handler                         0x080001f1   Thumb Code     2  startup_stm32f746xx.o(.text)
    PendSV_Handler                           0x080001f3   Thumb Code     2  startup_stm32f746xx.o(.text)
    ADC_IRQHandler                           0x080001f7   Thumb Code     0  startup_stm32f746xx.o(.text)
    CAN1_RX0_IRQHandler                      0x080001f7   Thumb Code     0  startup_stm32f746xx.o(.text)
    CAN1_RX1_IRQHandler                      0x080001f7   Thumb Code     0  startup_stm32f746xx.o(.text)
    CAN1_SCE_IRQHandler                      0x080001f7   Thumb Code     0  startup_stm32f746xx.o(.text)
    CAN1_TX_IRQHandler                       0x080001f7   Thumb Code     0  startup_stm32f746xx.o(.text)
    CAN2_RX0_IRQHandler                      0x080001f7   Thumb Code     0  startup_stm32f746xx.o(.text)
    CAN2_RX1_IRQHandler                      0x080001f7   Thumb Code     0  startup_stm32f746xx.o(.text)
    CAN2_SCE_IRQHandler                      0x080001f7   Thumb Code     0  startup_stm32f746xx.o(.text)
    CAN2_TX_IRQHandler                       0x080001f7   Thumb Code     0  startup_stm32f746xx.o(.text)
    CEC_IRQHandler                           0x080001f7   Thumb Code     0  startup_stm32f746xx.o(.text)
    DCMI_IRQHandler                          0x080001f7   Thumb Code     0  startup_stm32f746xx.o(.text)
    DMA1_Stream0_IRQHandler                  0x080001f7   Thumb Code     0  startup_stm32f746xx.o(.text)
    DMA1_Stream1_IRQHandler                  0x080001f7   Thumb Code     0  startup_stm32f746xx.o(.text)
    DMA1_Stream2_IRQHandler                  0x080001f7   Thumb Code     0  startup_stm32f746xx.o(.text)
    DMA1_Stream3_IRQHandler                  0x080001f7   Thumb Code     0  startup_stm32f746xx.o(.text)
    DMA1_Stream4_IRQHandler                  0x080001f7   Thumb Code     0  startup_stm32f746xx.o(.text)
    DMA1_Stream5_IRQHandler                  0x080001f7   Thumb Code     0  startup_stm32f746xx.o(.text)
    DMA1_Stream6_IRQHandler                  0x080001f7   Thumb Code     0  startup_stm32f746xx.o(.text)
    DMA1_Stream7_IRQHandler                  0x080001f7   Thumb Code     0  startup_stm32f746xx.o(.text)
    DMA2D_IRQHandler                         0x080001f7   Thumb Code     0  startup_stm32f746xx.o(.text)
    DMA2_Stream1_IRQHandler                  0x080001f7   Thumb Code     0  startup_stm32f746xx.o(.text)
    DMA2_Stream2_IRQHandler                  0x080001f7   Thumb Code     0  startup_stm32f746xx.o(.text)
    DMA2_Stream3_IRQHandler                  0x080001f7   Thumb Code     0  startup_stm32f746xx.o(.text)
    DMA2_Stream4_IRQHandler                  0x080001f7   Thumb Code     0  startup_stm32f746xx.o(.text)
    DMA2_Stream5_IRQHandler                  0x080001f7   Thumb Code     0  startup_stm32f746xx.o(.text)
    DMA2_Stream6_IRQHandler                  0x080001f7   Thumb Code     0  startup_stm32f746xx.o(.text)
    DMA2_Stream7_IRQHandler                  0x080001f7   Thumb Code     0  startup_stm32f746xx.o(.text)
    ETH_IRQHandler                           0x080001f7   Thumb Code     0  startup_stm32f746xx.o(.text)
    ETH_WKUP_IRQHandler                      0x080001f7   Thumb Code     0  startup_stm32f746xx.o(.text)
    EXTI0_IRQHandler                         0x080001f7   Thumb Code     0  startup_stm32f746xx.o(.text)
    EXTI15_10_IRQHandler                     0x080001f7   Thumb Code     0  startup_stm32f746xx.o(.text)
    EXTI1_IRQHandler                         0x080001f7   Thumb Code     0  startup_stm32f746xx.o(.text)
    EXTI2_IRQHandler                         0x080001f7   Thumb Code     0  startup_stm32f746xx.o(.text)
    EXTI3_IRQHandler                         0x080001f7   Thumb Code     0  startup_stm32f746xx.o(.text)
    EXTI4_IRQHandler                         0x080001f7   Thumb Code     0  startup_stm32f746xx.o(.text)
    EXTI9_5_IRQHandler                       0x080001f7   Thumb Code     0  startup_stm32f746xx.o(.text)
    FLASH_IRQHandler                         0x080001f7   Thumb Code     0  startup_stm32f746xx.o(.text)
    FMC_IRQHandler                           0x080001f7   Thumb Code     0  startup_stm32f746xx.o(.text)
    FPU_IRQHandler                           0x080001f7   Thumb Code     0  startup_stm32f746xx.o(.text)
    I2C1_ER_IRQHandler                       0x080001f7   Thumb Code     0  startup_stm32f746xx.o(.text)
    I2C1_EV_IRQHandler                       0x080001f7   Thumb Code     0  startup_stm32f746xx.o(.text)
    I2C2_ER_IRQHandler                       0x080001f7   Thumb Code     0  startup_stm32f746xx.o(.text)
    I2C2_EV_IRQHandler                       0x080001f7   Thumb Code     0  startup_stm32f746xx.o(.text)
    I2C3_ER_IRQHandler                       0x080001f7   Thumb Code     0  startup_stm32f746xx.o(.text)
    I2C3_EV_IRQHandler                       0x080001f7   Thumb Code     0  startup_stm32f746xx.o(.text)
    I2C4_ER_IRQHandler                       0x080001f7   Thumb Code     0  startup_stm32f746xx.o(.text)
    I2C4_EV_IRQHandler                       0x080001f7   Thumb Code     0  startup_stm32f746xx.o(.text)
    LPTIM1_IRQHandler                        0x080001f7   Thumb Code     0  startup_stm32f746xx.o(.text)
    LTDC_ER_IRQHandler                       0x080001f7   Thumb Code     0  startup_stm32f746xx.o(.text)
    LTDC_IRQHandler                          0x080001f7   Thumb Code     0  startup_stm32f746xx.o(.text)
    OTG_FS_IRQHandler                        0x080001f7   Thumb Code     0  startup_stm32f746xx.o(.text)
    OTG_FS_WKUP_IRQHandler                   0x080001f7   Thumb Code     0  startup_stm32f746xx.o(.text)
    OTG_HS_EP1_IN_IRQHandler                 0x080001f7   Thumb Code     0  startup_stm32f746xx.o(.text)
    OTG_HS_EP1_OUT_IRQHandler                0x080001f7   Thumb Code     0  startup_stm32f746xx.o(.text)
    OTG_HS_IRQHandler                        0x080001f7   Thumb Code     0  startup_stm32f746xx.o(.text)
    OTG_HS_WKUP_IRQHandler                   0x080001f7   Thumb Code     0  startup_stm32f746xx.o(.text)
    PVD_IRQHandler                           0x080001f7   Thumb Code     0  startup_stm32f746xx.o(.text)
    QUADSPI_IRQHandler                       0x080001f7   Thumb Code     0  startup_stm32f746xx.o(.text)
    RCC_IRQHandler                           0x080001f7   Thumb Code     0  startup_stm32f746xx.o(.text)
    RNG_IRQHandler                           0x080001f7   Thumb Code     0  startup_stm32f746xx.o(.text)
    RTC_Alarm_IRQHandler                     0x080001f7   Thumb Code     0  startup_stm32f746xx.o(.text)
    RTC_WKUP_IRQHandler                      0x080001f7   Thumb Code     0  startup_stm32f746xx.o(.text)
    SAI1_IRQHandler                          0x080001f7   Thumb Code     0  startup_stm32f746xx.o(.text)
    SAI2_IRQHandler                          0x080001f7   Thumb Code     0  startup_stm32f746xx.o(.text)
    SDMMC1_IRQHandler                        0x080001f7   Thumb Code     0  startup_stm32f746xx.o(.text)
    SPDIF_RX_IRQHandler                      0x080001f7   Thumb Code     0  startup_stm32f746xx.o(.text)
    SPI1_IRQHandler                          0x080001f7   Thumb Code     0  startup_stm32f746xx.o(.text)
    SPI2_IRQHandler                          0x080001f7   Thumb Code     0  startup_stm32f746xx.o(.text)
    SPI3_IRQHandler                          0x080001f7   Thumb Code     0  startup_stm32f746xx.o(.text)
    SPI4_IRQHandler                          0x080001f7   Thumb Code     0  startup_stm32f746xx.o(.text)
    SPI5_IRQHandler                          0x080001f7   Thumb Code     0  startup_stm32f746xx.o(.text)
    SPI6_IRQHandler                          0x080001f7   Thumb Code     0  startup_stm32f746xx.o(.text)
    TAMP_STAMP_IRQHandler                    0x080001f7   Thumb Code     0  startup_stm32f746xx.o(.text)
    TIM1_BRK_TIM9_IRQHandler                 0x080001f7   Thumb Code     0  startup_stm32f746xx.o(.text)
    TIM1_CC_IRQHandler                       0x080001f7   Thumb Code     0  startup_stm32f746xx.o(.text)
    TIM1_TRG_COM_TIM11_IRQHandler            0x080001f7   Thumb Code     0  startup_stm32f746xx.o(.text)
    TIM1_UP_TIM10_IRQHandler                 0x080001f7   Thumb Code     0  startup_stm32f746xx.o(.text)
    TIM6_DAC_IRQHandler                      0x080001f7   Thumb Code     0  startup_stm32f746xx.o(.text)
    TIM7_IRQHandler                          0x080001f7   Thumb Code     0  startup_stm32f746xx.o(.text)
    TIM8_BRK_TIM12_IRQHandler                0x080001f7   Thumb Code     0  startup_stm32f746xx.o(.text)
    TIM8_CC_IRQHandler                       0x080001f7   Thumb Code     0  startup_stm32f746xx.o(.text)
    TIM8_TRG_COM_TIM14_IRQHandler            0x080001f7   Thumb Code     0  startup_stm32f746xx.o(.text)
    TIM8_UP_TIM13_IRQHandler                 0x080001f7   Thumb Code     0  startup_stm32f746xx.o(.text)
    UART4_IRQHandler                         0x080001f7   Thumb Code     0  startup_stm32f746xx.o(.text)
    UART5_IRQHandler                         0x080001f7   Thumb Code     0  startup_stm32f746xx.o(.text)
    UART7_IRQHandler                         0x080001f7   Thumb Code     0  startup_stm32f746xx.o(.text)
    UART8_IRQHandler                         0x080001f7   Thumb Code     0  startup_stm32f746xx.o(.text)
    USART1_IRQHandler                        0x080001f7   Thumb Code     0  startup_stm32f746xx.o(.text)
    USART2_IRQHandler                        0x080001f7   Thumb Code     0  startup_stm32f746xx.o(.text)
    USART3_IRQHandler                        0x080001f7   Thumb Code     0  startup_stm32f746xx.o(.text)
    USART6_IRQHandler                        0x080001f7   Thumb Code     0  startup_stm32f746xx.o(.text)
    WWDG_IRQHandler                          0x080001f7   Thumb Code     0  startup_stm32f746xx.o(.text)
    __aeabi_memcpy                           0x08000201   Thumb Code    36  memcpya.o(.text)
    __aeabi_memcpy4                          0x08000201   Thumb Code     0  memcpya.o(.text)
    __aeabi_memcpy8                          0x08000201   Thumb Code     0  memcpya.o(.text)
    __aeabi_uidiv                            0x08000225   Thumb Code     0  uidiv.o(.text)
    __aeabi_uidivmod                         0x08000225   Thumb Code    44  uidiv.o(.text)
    __scatterload                            0x08000251   Thumb Code    28  init.o(.text)
    __scatterload_rt2                        0x08000251   Thumb Code     0  init.o(.text)
    BSP_LCD_Clear                            0x08000431   Thumb Code    48  stm32746g_discovery_lcd.o(i.BSP_LCD_Clear)
    BSP_LCD_ClockConfig                      0x08000469   Thumb Code    26  stm32746g_discovery_lcd.o(i.BSP_LCD_ClockConfig)
    BSP_LCD_DisplayChar                      0x08000489   Thumb Code    44  stm32746g_discovery_lcd.o(i.BSP_LCD_DisplayChar)
    BSP_LCD_DisplayOn                        0x080004bd   Thumb Code    38  stm32746g_discovery_lcd.o(i.BSP_LCD_DisplayOn)
    BSP_LCD_DisplayStringAt                  0x080004f1   Thumb Code   192  stm32746g_discovery_lcd.o(i.BSP_LCD_DisplayStringAt)
    BSP_LCD_DrawCircle                       0x080005b9   Thumb Code   270  stm32746g_discovery_lcd.o(i.BSP_LCD_DrawCircle)
    BSP_LCD_DrawHLine                        0x080006d1   Thumb Code   116  stm32746g_discovery_lcd.o(i.BSP_LCD_DrawHLine)
    BSP_LCD_DrawPixel                        0x0800074d   Thumb Code    90  stm32746g_discovery_lcd.o(i.BSP_LCD_DrawPixel)
    BSP_LCD_FillCircle                       0x080007b1   Thumb Code   186  stm32746g_discovery_lcd.o(i.BSP_LCD_FillCircle)
    BSP_LCD_GetXSize                         0x08000875   Thumb Code    22  stm32746g_discovery_lcd.o(i.BSP_LCD_GetXSize)
    BSP_LCD_GetYSize                         0x08000895   Thumb Code    22  stm32746g_discovery_lcd.o(i.BSP_LCD_GetYSize)
    BSP_LCD_Init                             0x080008b5   Thumb Code   142  stm32746g_discovery_lcd.o(i.BSP_LCD_Init)
    BSP_LCD_LayerDefaultInit                 0x08000959   Thumb Code   112  stm32746g_discovery_lcd.o(i.BSP_LCD_LayerDefaultInit)
    BSP_LCD_MspInit                          0x080009d1   Thumb Code   286  stm32746g_discovery_lcd.o(i.BSP_LCD_MspInit)
    BSP_LCD_SelectLayer                      0x08000b09   Thumb Code     6  stm32746g_discovery_lcd.o(i.BSP_LCD_SelectLayer)
    BSP_LCD_SetBackColor                     0x08000b15   Thumb Code    18  stm32746g_discovery_lcd.o(i.BSP_LCD_SetBackColor)
    BSP_LCD_SetFont                          0x08000b31   Thumb Code    18  stm32746g_discovery_lcd.o(i.BSP_LCD_SetFont)
    BSP_LCD_SetTextColor                     0x08000b4d   Thumb Code    16  stm32746g_discovery_lcd.o(i.BSP_LCD_SetTextColor)
    BSP_LCD_SetTransparency                  0x08000b65   Thumb Code     8  stm32746g_discovery_lcd.o(i.BSP_LCD_SetTransparency)
    BSP_LED_Init                             0x08000b71   Thumb Code    68  stm32746g_discovery.o(i.BSP_LED_Init)
    BSP_LED_Off                              0x08000bc1   Thumb Code    20  stm32746g_discovery.o(i.BSP_LED_Off)
    BSP_LED_On                               0x08000bdd   Thumb Code    20  stm32746g_discovery.o(i.BSP_LED_On)
    BSP_PB_GetState                          0x08000bf9   Thumb Code    16  stm32746g_discovery.o(i.BSP_PB_GetState)
    BSP_PB_Init                              0x08000c11   Thumb Code   128  stm32746g_discovery.o(i.BSP_PB_Init)
    BSP_SDRAM_Init                           0x08000ca5   Thumb Code   108  stm32746g_discovery_sdram.o(i.BSP_SDRAM_Init)
    BSP_SDRAM_Initialization_sequence        0x08000d1d   Thumb Code   134  stm32746g_discovery_sdram.o(i.BSP_SDRAM_Initialization_sequence)
    BSP_SDRAM_MspInit                        0x08000da9   Thumb Code   322  stm32746g_discovery_sdram.o(i.BSP_SDRAM_MspInit)
    BSP_TS_GetState                          0x08000f11   Thumb Code   360  stm32746g_discovery_ts.o(i.BSP_TS_GetState)
    BSP_TS_Get_GestureId                     0x08001081   Thumb Code    88  stm32746g_discovery_ts.o(i.BSP_TS_Get_GestureId)
    BSP_TS_Init                              0x080010dd   Thumb Code    50  stm32746g_discovery_ts.o(i.BSP_TS_Init)
    DMA2_Stream0_IRQHandler                  0x080011b9   Thumb Code     6  stm32f7xx_it.o(i.DMA2_Stream0_IRQHandler)
    Error_Handler                            0x08001319   Thumb Code     2  main.o(i.Error_Handler)
    FMC_SDRAM_Init                           0x0800131b   Thumb Code    94  stm32f7xx_ll_fmc.o(i.FMC_SDRAM_Init)
    FMC_SDRAM_ProgramRefreshRate             0x08001379   Thumb Code    12  stm32f7xx_ll_fmc.o(i.FMC_SDRAM_ProgramRefreshRate)
    FMC_SDRAM_SendCommand                    0x08001385   Thumb Code    72  stm32f7xx_ll_fmc.o(i.FMC_SDRAM_SendCommand)
    FMC_SDRAM_Timing_Init                    0x080013cd   Thumb Code   134  stm32f7xx_ll_fmc.o(i.FMC_SDRAM_Timing_Init)
    HAL_ADC_ConfigChannel                    0x08001459   Thumb Code   338  stm32f7xx_hal_adc.o(i.HAL_ADC_ConfigChannel)
    HAL_ADC_ConvCpltCallback                 0x080015bd   Thumb Code    32  main.o(i.HAL_ADC_ConvCpltCallback)
    HAL_ADC_ConvHalfCpltCallback             0x080015e5   Thumb Code     2  stm32f7xx_hal_adc.o(i.HAL_ADC_ConvHalfCpltCallback)
    HAL_ADC_ErrorCallback                    0x080015e7   Thumb Code     2  stm32f7xx_hal_adc.o(i.HAL_ADC_ErrorCallback)
    HAL_ADC_Init                             0x080015e9   Thumb Code    84  stm32f7xx_hal_adc.o(i.HAL_ADC_Init)
    HAL_ADC_MspInit                          0x0800163d   Thumb Code   168  stm32f7xx_hal_msp.o(i.HAL_ADC_MspInit)
    HAL_ADC_Start                            0x080016fd   Thumb Code   170  stm32f7xx_hal_adc.o(i.HAL_ADC_Start)
    HAL_ADC_Start_DMA                        0x080017b5   Thumb Code   226  stm32f7xx_hal_adc.o(i.HAL_ADC_Start_DMA)
    HAL_DMA2D_ConfigLayer                    0x080018b1   Thumb Code   180  stm32f7xx_hal_dma2d.o(i.HAL_DMA2D_ConfigLayer)
    HAL_DMA2D_Init                           0x08001969   Thumb Code    90  stm32f7xx_hal_dma2d.o(i.HAL_DMA2D_Init)
    HAL_DMA2D_MspInit                        0x080019c3   Thumb Code     2  stm32f7xx_hal_dma2d.o(i.HAL_DMA2D_MspInit)
    HAL_DMA2D_PollForTransfer                0x080019c5   Thumb Code   268  stm32f7xx_hal_dma2d.o(i.HAL_DMA2D_PollForTransfer)
    HAL_DMA2D_Start                          0x08001ad1   Thumb Code    52  stm32f7xx_hal_dma2d.o(i.HAL_DMA2D_Start)
    HAL_DMA_DeInit                           0x08001b05   Thumb Code    86  stm32f7xx_hal_dma.o(i.HAL_DMA_DeInit)
    HAL_DMA_IRQHandler                       0x08001b5d   Thumb Code   414  stm32f7xx_hal_dma.o(i.HAL_DMA_IRQHandler)
    HAL_DMA_Init                             0x08001d05   Thumb Code   218  stm32f7xx_hal_dma.o(i.HAL_DMA_Init)
    HAL_DMA_Start_IT                         0x08001de5   Thumb Code   122  stm32f7xx_hal_dma.o(i.HAL_DMA_Start_IT)
    HAL_Delay                                0x08001e5f   Thumb Code    22  stm32f7xx_hal.o(i.HAL_Delay)
    HAL_GPIO_Init                            0x08001e75   Thumb Code   418  stm32f7xx_hal_gpio.o(i.HAL_GPIO_Init)
    HAL_GPIO_ReadPin                         0x0800204d   Thumb Code    10  stm32f7xx_hal_gpio.o(i.HAL_GPIO_ReadPin)
    HAL_GPIO_WritePin                        0x08002057   Thumb Code    10  stm32f7xx_hal_gpio.o(i.HAL_GPIO_WritePin)
    HAL_GetTick                              0x08002061   Thumb Code     6  stm32f7xx_hal.o(i.HAL_GetTick)
    HAL_I2C_DeInit                           0x0800206d   Thumb Code    52  stm32f7xx_hal_i2c.o(i.HAL_I2C_DeInit)
    HAL_I2C_GetState                         0x080020a1   Thumb Code     6  stm32f7xx_hal_i2c.o(i.HAL_I2C_GetState)
    HAL_I2C_Init                             0x080020a9   Thumb Code   172  stm32f7xx_hal_i2c.o(i.HAL_I2C_Init)
    HAL_I2C_Mem_Read                         0x08002159   Thumb Code   360  stm32f7xx_hal_i2c.o(i.HAL_I2C_Mem_Read)
    HAL_I2C_Mem_Write                        0x080022c5   Thumb Code   354  stm32f7xx_hal_i2c.o(i.HAL_I2C_Mem_Write)
    HAL_I2C_MspDeInit                        0x0800242d   Thumb Code     2  stm32f7xx_hal_i2c.o(i.HAL_I2C_MspDeInit)
    HAL_I2C_MspInit                          0x0800242f   Thumb Code     2  stm32f7xx_hal_i2c.o(i.HAL_I2C_MspInit)
    HAL_IncTick                              0x08002431   Thumb Code    10  stm32f7xx_hal.o(i.HAL_IncTick)
    HAL_Init                                 0x08002441   Thumb Code    22  stm32f7xx_hal.o(i.HAL_Init)
    HAL_InitTick                             0x08002459   Thumb Code    34  stm32f7xx_hal.o(i.HAL_InitTick)
    HAL_LTDC_ConfigLayer                     0x08002481   Thumb Code    82  stm32f7xx_hal_ltdc.o(i.HAL_LTDC_ConfigLayer)
    HAL_LTDC_GetState                        0x080024d3   Thumb Code     6  stm32f7xx_hal_ltdc.o(i.HAL_LTDC_GetState)
    HAL_LTDC_Init                            0x080024d9   Thumb Code   252  stm32f7xx_hal_ltdc.o(i.HAL_LTDC_Init)
    HAL_LTDC_MspInit                         0x080025d9   Thumb Code   146  stm32f7xx_hal_msp.o(i.HAL_LTDC_MspInit)
    HAL_LTDC_SetAlpha                        0x08002689   Thumb Code    68  stm32f7xx_hal_ltdc.o(i.HAL_LTDC_SetAlpha)
    HAL_MspInit                              0x080026cd   Thumb Code    88  stm32f7xx_hal_msp.o(i.HAL_MspInit)
    HAL_NVIC_EnableIRQ                       0x08002725   Thumb Code    22  stm32f7xx_hal_cortex.o(i.HAL_NVIC_EnableIRQ)
    HAL_NVIC_SetPriority                     0x0800273d   Thumb Code    60  stm32f7xx_hal_cortex.o(i.HAL_NVIC_SetPriority)
    HAL_NVIC_SetPriorityGrouping             0x0800277d   Thumb Code    28  stm32f7xx_hal_cortex.o(i.HAL_NVIC_SetPriorityGrouping)
    HAL_RCCEx_PeriphCLKConfig                0x080027a1   Thumb Code  1712  stm32f7xx_hal_rcc_ex.o(i.HAL_RCCEx_PeriphCLKConfig)
    HAL_RCC_ClockConfig                      0x08002e55   Thumb Code   338  stm32f7xx_hal_rcc.o(i.HAL_RCC_ClockConfig)
    HAL_RCC_GetHCLKFreq                      0x08002fb9   Thumb Code     6  stm32f7xx_hal_rcc.o(i.HAL_RCC_GetHCLKFreq)
    HAL_RCC_GetSysClockFreq                  0x08002fc5   Thumb Code   120  stm32f7xx_hal_rcc.o(i.HAL_RCC_GetSysClockFreq)
    HAL_RCC_OscConfig                        0x08003049   Thumb Code   790  stm32f7xx_hal_rcc.o(i.HAL_RCC_OscConfig)
    HAL_SDRAM_Init                           0x08003369   Thumb Code    66  stm32f7xx_hal_sdram.o(i.HAL_SDRAM_Init)
    HAL_SDRAM_MspInit                        0x080033ab   Thumb Code     2  stm32f7xx_hal_sdram.o(i.HAL_SDRAM_MspInit)
    HAL_SDRAM_ProgramRefreshRate             0x080033ad   Thumb Code    34  stm32f7xx_hal_sdram.o(i.HAL_SDRAM_ProgramRefreshRate)
    HAL_SDRAM_SendCommand                    0x080033d1   Thumb Code    48  stm32f7xx_hal_sdram.o(i.HAL_SDRAM_SendCommand)
    HAL_SYSTICK_CLKSourceConfig              0x08003401   Thumb Code    24  stm32f7xx_hal_cortex.o(i.HAL_SYSTICK_CLKSourceConfig)
    HAL_SYSTICK_Callback                     0x08003419   Thumb Code     2  stm32f7xx_hal_cortex.o(i.HAL_SYSTICK_Callback)
    HAL_SYSTICK_Config                       0x0800341b   Thumb Code    38  stm32f7xx_hal_cortex.o(i.HAL_SYSTICK_Config)
    HAL_SYSTICK_IRQHandler                   0x08003441   Thumb Code     8  stm32f7xx_hal_cortex.o(i.HAL_SYSTICK_IRQHandler)
    HAL_TIMEx_BreakCallback                  0x08003449   Thumb Code     2  stm32f7xx_hal_tim_ex.o(i.HAL_TIMEx_BreakCallback)
    HAL_TIMEx_CommutationCallback            0x0800344b   Thumb Code     2  stm32f7xx_hal_tim_ex.o(i.HAL_TIMEx_CommutationCallback)
    HAL_TIMEx_MasterConfigSynchronization    0x0800344d   Thumb Code    78  stm32f7xx_hal_tim_ex.o(i.HAL_TIMEx_MasterConfigSynchronization)
    HAL_TIM_Base_Init                        0x080034a5   Thumb Code    48  stm32f7xx_hal_tim.o(i.HAL_TIM_Base_Init)
    HAL_TIM_Base_MspInit                     0x080034d5   Thumb Code   262  stm32f7xx_hal_msp.o(i.HAL_TIM_Base_MspInit)
    HAL_TIM_Base_Start_IT                    0x080035fd   Thumb Code    24  stm32f7xx_hal_tim.o(i.HAL_TIM_Base_Start_IT)
    HAL_TIM_ConfigClockSource                0x08003615   Thumb Code   246  stm32f7xx_hal_tim.o(i.HAL_TIM_ConfigClockSource)
    HAL_TIM_IC_CaptureCallback               0x08003711   Thumb Code     2  stm32f7xx_hal_tim.o(i.HAL_TIM_IC_CaptureCallback)
    HAL_TIM_IRQHandler                       0x08003713   Thumb Code   382  stm32f7xx_hal_tim.o(i.HAL_TIM_IRQHandler)
    HAL_TIM_OC_DelayElapsedCallback          0x08003891   Thumb Code     2  stm32f7xx_hal_tim.o(i.HAL_TIM_OC_DelayElapsedCallback)
    HAL_TIM_PWM_PulseFinishedCallback        0x08003893   Thumb Code     2  stm32f7xx_hal_tim.o(i.HAL_TIM_PWM_PulseFinishedCallback)
    HAL_TIM_PeriodElapsedCallback            0x08003895   Thumb Code     2  stm32f7xx_hal_tim.o(i.HAL_TIM_PeriodElapsedCallback)
    HAL_TIM_TriggerCallback                  0x08003897   Thumb Code     2  stm32f7xx_hal_tim.o(i.HAL_TIM_TriggerCallback)
    SysTick_Handler                          0x08004727   Thumb Code    14  stm32f7xx_it.o(i.SysTick_Handler)
    SystemClock_Config                       0x08004735   Thumb Code   138  main.o(i.SystemClock_Config)
    SystemInit                               0x080047c1   Thumb Code    68  system_stm32f7xx.o(i.SystemInit)
    TIM2_IRQHandler                          0x08004815   Thumb Code    18  stm32f7xx_it.o(i.TIM2_IRQHandler)
    TIM3_IRQHandler                          0x0800482d   Thumb Code    18  stm32f7xx_it.o(i.TIM3_IRQHandler)
    TIM4_IRQHandler                          0x08004845   Thumb Code    18  stm32f7xx_it.o(i.TIM4_IRQHandler)
    TIM5_IRQHandler                          0x0800485d   Thumb Code    18  stm32f7xx_it.o(i.TIM5_IRQHandler)
    TIM_Base_SetConfig                       0x08004875   Thumb Code   150  stm32f7xx_hal_tim.o(i.TIM_Base_SetConfig)
    TIM_ETR_SetConfig                        0x08004939   Thumb Code    18  stm32f7xx_hal_tim.o(i.TIM_ETR_SetConfig)
    TS_IO_Delay                              0x080049a1   Thumb Code     4  stm32746g_discovery.o(i.TS_IO_Delay)
    TS_IO_Init                               0x080049a5   Thumb Code     6  stm32746g_discovery.o(i.TS_IO_Init)
    TS_IO_Read                               0x080049b1   Thumb Code    34  stm32746g_discovery.o(i.TS_IO_Read)
    TS_IO_Write                              0x080049d9   Thumb Code    26  stm32746g_discovery.o(i.TS_IO_Write)
    __0sprintf$1                             0x080049f9   Thumb Code    34  printf1.o(i.__0sprintf$1)
    __1sprintf$1                             0x080049f9   Thumb Code     0  printf1.o(i.__0sprintf$1)
    __2sprintf                               0x080049f9   Thumb Code     0  printf1.o(i.__0sprintf$1)
    __scatterload_copy                       0x08004a21   Thumb Code    14  handlers.o(i.__scatterload_copy)
    __scatterload_null                       0x08004a2f   Thumb Code     2  handlers.o(i.__scatterload_null)
    __scatterload_zeroinit                   0x08004a31   Thumb Code    14  handlers.o(i.__scatterload_zeroinit)
    ft5336_Init                              0x08004bb9   Thumb Code    16  ft5336.o(i.ft5336_Init)
    ft5336_ReadID                            0x08004bc9   Thumb Code    58  ft5336.o(i.ft5336_ReadID)
    ft5336_Reset                             0x08004c03   Thumb Code     2  ft5336.o(i.ft5336_Reset)
    ft5336_TS_ClearIT                        0x08004c05   Thumb Code     2  ft5336.o(i.ft5336_TS_ClearIT)
    ft5336_TS_DetectTouch                    0x08004c09   Thumb Code    60  ft5336.o(i.ft5336_TS_DetectTouch)
    ft5336_TS_DisableIT                      0x08004c49   Thumb Code    10  ft5336.o(i.ft5336_TS_DisableIT)
    ft5336_TS_EnableIT                       0x08004c53   Thumb Code    10  ft5336.o(i.ft5336_TS_EnableIT)
    ft5336_TS_GetGestureID                   0x08004c5d   Thumb Code    30  ft5336.o(i.ft5336_TS_GetGestureID)
    ft5336_TS_GetTouchInfo                   0x08004c7d   Thumb Code   200  ft5336.o(i.ft5336_TS_GetTouchInfo)
    ft5336_TS_GetXY                          0x08004d49   Thumb Code   282  ft5336.o(i.ft5336_TS_GetXY)
    ft5336_TS_ITStatus                       0x08004e69   Thumb Code     4  ft5336.o(i.ft5336_TS_ITStatus)
    ft5336_TS_Start                          0x08004e6d   Thumb Code     4  ft5336.o(i.ft5336_TS_Start)
    main                                     0x08004e71   Thumb Code   480  main.o(i.main)
    timerTest                                0x0800509d   Thumb Code    22  main.o(i.timerTest)
    COM_TX_PIN                               0x080050b8   Data           2  stm32746g_discovery.o(.constdata)
    COM_RX_PIN                               0x080050ba   Data           2  stm32746g_discovery.o(.constdata)
    COM_TX_AF                                0x080050bc   Data           2  stm32746g_discovery.o(.constdata)
    COM_RX_AF                                0x080050be   Data           2  stm32746g_discovery.o(.constdata)
    GPIO_PIN                                 0x080050c0   Data           4  stm32746g_discovery.o(.constdata)
    BUTTON_PIN                               0x080050c4   Data           6  stm32746g_discovery.o(.constdata)
    BUTTON_IRQn                              0x080050ca   Data           6  stm32746g_discovery.o(.constdata)
    Font24_Table                             0x080050d0   Data        6840  stm32746g_discovery_lcd.o(.constdata)
    Font8_Table                              0x08006b88   Data         760  stm32746g_discovery_lcd.o(.constdata)
    AHBPrescTable                            0x08006e88   Data          16  system_stm32f7xx.o(.constdata)
    Region$$Table$$Base                      0x08006e98   Number         0  anon$$obj.o(Region$$Table)
    Region$$Table$$Limit                     0x08006eb8   Number         0  anon$$obj.o(Region$$Table)
    COM_USART                                0x20000000   Data           4  stm32746g_discovery.o(.data)
    COM_TX_PORT                              0x20000004   Data           4  stm32746g_discovery.o(.data)
    COM_RX_PORT                              0x20000008   Data           4  stm32746g_discovery.o(.data)
    BUTTON_PORT                              0x2000000c   Data          12  stm32746g_discovery.o(.data)
    Font24                                   0x2000001c   Data           8  stm32746g_discovery_lcd.o(.data)
    Font8                                    0x20000024   Data           8  stm32746g_discovery_lcd.o(.data)
    ft5336_ts_drv                            0x2000003c   Data          40  ft5336.o(.data)
    uwTick                                   0x2000006c   Data           4  stm32f7xx_hal.o(.data)
    touch_index                              0x20000070   Data           1  main.o(.data)
    adc_value                                0x20000074   Data           4  main.o(.data)
    ts_colors                                0x2000009c   Data         100  main.o(.data)
    SystemCoreClock                          0x20000100   Data           4  system_stm32f7xx.o(.data)
    hLtdcHandler                             0x20000220   Data         168  stm32746g_discovery_lcd.o(.bss)
    sdramHandle                              0x200003e0   Data          52  stm32746g_discovery_sdram.o(.bss)
    uhADCxConvertedValue                     0x20000468   Data         400  main.o(.bss)
    tims                                     0x200005f8   Data          28  main.o(.bss)
    text                                     0x20000614   Data         100  main.o(.bss)
    hltdc                                    0x20000678   Data         168  main.o(.bss)
    hadc3                                    0x20000720   Data          72  main.o(.bss)
    htim2                                    0x20000768   Data          60  main.o(.bss)
    htim3                                    0x200007a4   Data          60  main.o(.bss)
    htim4                                    0x200007e0   Data          60  main.o(.bss)
    htim5                                    0x2000081c   Data          60  main.o(.bss)
    TS_State                                 0x20000858   Data          44  main.o(.bss)
    hdma_adc3                                0x20000884   Data          96  main.o(.bss)
    __initial_sp                             0x20000ce8   Data           0  startup_stm32f746xx.o(STACK)



==============================================================================

Memory Map of the image

  Image Entry point : 0x080001c9

  Load Region LR_IROM1 (Base: 0x08000000, Size: 0x00006fbc, Max: 0x00100000, ABSOLUTE)

    Execution Region ER_IROM1 (Exec base: 0x08000000, Load base: 0x08000000, Size: 0x00006eb8, Max: 0x00100000, ABSOLUTE)

    Exec Addr    Load Addr    Size         Type   Attr      Idx    E Section Name        Object

    0x08000000   0x08000000   0x000001c8   Data   RO            3    RESET               startup_stm32f746xx.o
    0x080001c8   0x080001c8   0x00000000   Code   RO         4993  * .ARM.Collect$$$$00000000  mc_w.l(entry.o)
    0x080001c8   0x080001c8   0x00000004   Code   RO         5261    .ARM.Collect$$$$00000001  mc_w.l(entry2.o)
    0x080001cc   0x080001cc   0x00000004   Code   RO         5264    .ARM.Collect$$$$00000004  mc_w.l(entry5.o)
    0x080001d0   0x080001d0   0x00000000   Code   RO         5266    .ARM.Collect$$$$00000008  mc_w.l(entry7b.o)
    0x080001d0   0x080001d0   0x00000000   Code   RO         5268    .ARM.Collect$$$$0000000A  mc_w.l(entry8b.o)
    0x080001d0   0x080001d0   0x00000008   Code   RO         5269    .ARM.Collect$$$$0000000B  mc_w.l(entry9a.o)
    0x080001d8   0x080001d8   0x00000000   Code   RO         5271    .ARM.Collect$$$$0000000D  mc_w.l(entry10a.o)
    0x080001d8   0x080001d8   0x00000000   Code   RO         5273    .ARM.Collect$$$$0000000F  mc_w.l(entry11a.o)
    0x080001d8   0x080001d8   0x00000004   Code   RO         5262    .ARM.Collect$$$$00002712  mc_w.l(entry2.o)
    0x080001dc   0x080001dc   0x00000024   Code   RO            4    .text               startup_stm32f746xx.o
    0x08000200   0x08000200   0x00000024   Code   RO         4996    .text               mc_w.l(memcpya.o)
    0x08000224   0x08000224   0x0000002c   Code   RO         5278    .text               mc_w.l(uidiv.o)
    0x08000250   0x08000250   0x00000024   Code   RO         5293    .text               mc_w.l(init.o)
    0x08000274   0x08000274   0x00000062   Code   RO         4462    i.ADC_DMAConvCplt   stm32f7xx_hal_adc.o
    0x080002d6   0x080002d6   0x00000016   Code   RO         4463    i.ADC_DMAError      stm32f7xx_hal_adc.o
    0x080002ec   0x080002ec   0x0000000a   Code   RO         4464    i.ADC_DMAHalfConvCplt  stm32f7xx_hal_adc.o
    0x080002f6   0x080002f6   0x00000002   PAD
    0x080002f8   0x080002f8   0x00000138   Code   RO         4465    i.ADC_Init          stm32f7xx_hal_adc.o
    0x08000430   0x08000430   0x00000038   Code   RO          350    i.BSP_LCD_Clear     stm32746g_discovery_lcd.o
    0x08000468   0x08000468   0x00000020   Code   RO          352    i.BSP_LCD_ClockConfig  stm32746g_discovery_lcd.o
    0x08000488   0x08000488   0x00000034   Code   RO          354    i.BSP_LCD_DisplayChar  stm32746g_discovery_lcd.o
    0x080004bc   0x080004bc   0x00000034   Code   RO          356    i.BSP_LCD_DisplayOn  stm32746g_discovery_lcd.o
    0x080004f0   0x080004f0   0x000000c8   Code   RO          357    i.BSP_LCD_DisplayStringAt  stm32746g_discovery_lcd.o
    0x080005b8   0x080005b8   0x00000118   Code   RO          360    i.BSP_LCD_DrawCircle  stm32746g_discovery_lcd.o
    0x080006d0   0x080006d0   0x0000007c   Code   RO          362    i.BSP_LCD_DrawHLine  stm32746g_discovery_lcd.o
    0x0800074c   0x0800074c   0x00000064   Code   RO          364    i.BSP_LCD_DrawPixel  stm32746g_discovery_lcd.o
    0x080007b0   0x080007b0   0x000000c4   Code   RO          368    i.BSP_LCD_FillCircle  stm32746g_discovery_lcd.o
    0x08000874   0x08000874   0x00000020   Code   RO          375    i.BSP_LCD_GetXSize  stm32746g_discovery_lcd.o
    0x08000894   0x08000894   0x00000020   Code   RO          376    i.BSP_LCD_GetYSize  stm32746g_discovery_lcd.o
    0x080008b4   0x080008b4   0x000000a4   Code   RO          377    i.BSP_LCD_Init      stm32746g_discovery_lcd.o
    0x08000958   0x08000958   0x00000078   Code   RO          378    i.BSP_LCD_LayerDefaultInit  stm32746g_discovery_lcd.o
    0x080009d0   0x080009d0   0x00000138   Code   RO          381    i.BSP_LCD_MspInit   stm32746g_discovery_lcd.o
    0x08000b08   0x08000b08   0x0000000c   Code   RO          386    i.BSP_LCD_SelectLayer  stm32746g_discovery_lcd.o
    0x08000b14   0x08000b14   0x0000001c   Code   RO          387    i.BSP_LCD_SetBackColor  stm32746g_discovery_lcd.o
    0x08000b30   0x08000b30   0x0000001c   Code   RO          390    i.BSP_LCD_SetFont   stm32746g_discovery_lcd.o
    0x08000b4c   0x08000b4c   0x00000018   Code   RO          397    i.BSP_LCD_SetTextColor  stm32746g_discovery_lcd.o
    0x08000b64   0x08000b64   0x0000000c   Code   RO          398    i.BSP_LCD_SetTransparency  stm32746g_discovery_lcd.o
    0x08000b70   0x08000b70   0x00000050   Code   RO           22    i.BSP_LED_Init      stm32746g_discovery.o
    0x08000bc0   0x08000bc0   0x0000001c   Code   RO           23    i.BSP_LED_Off       stm32746g_discovery.o
    0x08000bdc   0x08000bdc   0x0000001c   Code   RO           24    i.BSP_LED_On        stm32746g_discovery.o
    0x08000bf8   0x08000bf8   0x00000018   Code   RO           27    i.BSP_PB_GetState   stm32746g_discovery.o
    0x08000c10   0x08000c10   0x00000094   Code   RO           28    i.BSP_PB_Init       stm32746g_discovery.o
    0x08000ca4   0x08000ca4   0x00000078   Code   RO          737    i.BSP_SDRAM_Init    stm32746g_discovery_sdram.o
    0x08000d1c   0x08000d1c   0x0000008c   Code   RO          738    i.BSP_SDRAM_Initialization_sequence  stm32746g_discovery_sdram.o
    0x08000da8   0x08000da8   0x00000168   Code   RO          740    i.BSP_SDRAM_MspInit  stm32746g_discovery_sdram.o
    0x08000f10   0x08000f10   0x00000170   Code   RO          819    i.BSP_TS_GetState   stm32746g_discovery_ts.o
    0x08001080   0x08001080   0x0000005c   Code   RO          820    i.BSP_TS_Get_GestureId  stm32746g_discovery_ts.o
    0x080010dc   0x080010dc   0x0000003c   Code   RO          824    i.BSP_TS_Init       stm32746g_discovery_ts.o
    0x08001118   0x08001118   0x000000a0   Code   RO         3680    i.DMA2D_SetConfig   stm32f7xx_hal_dma2d.o
    0x080011b8   0x080011b8   0x0000000c   Code   RO         4839    i.DMA2_Stream0_IRQHandler  stm32f7xx_it.o
    0x080011c4   0x080011c4   0x00000028   Code   RO         3281    i.DMA_CalcBaseAndBitshift  stm32f7xx_hal_dma.o
    0x080011ec   0x080011ec   0x00000054   Code   RO         3282    i.DMA_CheckFifoParam  stm32f7xx_hal_dma.o
    0x08001240   0x08001240   0x00000028   Code   RO         3283    i.DMA_SetConfig     stm32f7xx_hal_dma.o
    0x08001268   0x08001268   0x000000b0   Code   RO          402    i.DrawChar          stm32746g_discovery_lcd.o
    0x08001318   0x08001318   0x00000002   Code   RO         4737    i.Error_Handler     main.o
    0x0800131a   0x0800131a   0x0000005e   Code   RO         4327    i.FMC_SDRAM_Init    stm32f7xx_ll_fmc.o
    0x08001378   0x08001378   0x0000000c   Code   RO         4328    i.FMC_SDRAM_ProgramRefreshRate  stm32f7xx_ll_fmc.o
    0x08001384   0x08001384   0x00000048   Code   RO         4329    i.FMC_SDRAM_SendCommand  stm32f7xx_ll_fmc.o
    0x080013cc   0x080013cc   0x0000008c   Code   RO         4331    i.FMC_SDRAM_Timing_Init  stm32f7xx_ll_fmc.o
    0x08001458   0x08001458   0x00000164   Code   RO         4467    i.HAL_ADC_ConfigChannel  stm32f7xx_hal_adc.o
    0x080015bc   0x080015bc   0x00000028   Code   RO         4738    i.HAL_ADC_ConvCpltCallback  main.o
    0x080015e4   0x080015e4   0x00000002   Code   RO         4469    i.HAL_ADC_ConvHalfCpltCallback  stm32f7xx_hal_adc.o
    0x080015e6   0x080015e6   0x00000002   Code   RO         4471    i.HAL_ADC_ErrorCallback  stm32f7xx_hal_adc.o
    0x080015e8   0x080015e8   0x00000054   Code   RO         4476    i.HAL_ADC_Init      stm32f7xx_hal_adc.o
    0x0800163c   0x0800163c   0x000000c0   Code   RO         4898    i.HAL_ADC_MspInit   stm32f7xx_hal_msp.o
    0x080016fc   0x080016fc   0x000000b8   Code   RO         4482    i.HAL_ADC_Start     stm32f7xx_hal_adc.o
    0x080017b4   0x080017b4   0x000000fc   Code   RO         4483    i.HAL_ADC_Start_DMA  stm32f7xx_hal_adc.o
    0x080018b0   0x080018b0   0x000000b8   Code   RO         3692    i.HAL_DMA2D_ConfigLayer  stm32f7xx_hal_dma2d.o
    0x08001968   0x08001968   0x0000005a   Code   RO         3700    i.HAL_DMA2D_Init    stm32f7xx_hal_dma2d.o
    0x080019c2   0x080019c2   0x00000002   Code   RO         3703    i.HAL_DMA2D_MspInit  stm32f7xx_hal_dma2d.o
    0x080019c4   0x080019c4   0x0000010c   Code   RO         3704    i.HAL_DMA2D_PollForTransfer  stm32f7xx_hal_dma2d.o
    0x08001ad0   0x08001ad0   0x00000034   Code   RO         3707    i.HAL_DMA2D_Start   stm32f7xx_hal_dma2d.o
    0x08001b04   0x08001b04   0x00000056   Code   RO         3286    i.HAL_DMA_DeInit    stm32f7xx_hal_dma.o
    0x08001b5a   0x08001b5a   0x00000002   PAD
    0x08001b5c   0x08001b5c   0x000001a8   Code   RO         3289    i.HAL_DMA_IRQHandler  stm32f7xx_hal_dma.o
    0x08001d04   0x08001d04   0x000000e0   Code   RO         3290    i.HAL_DMA_Init      stm32f7xx_hal_dma.o
    0x08001de4   0x08001de4   0x0000007a   Code   RO         3294    i.HAL_DMA_Start_IT  stm32f7xx_hal_dma.o
    0x08001e5e   0x08001e5e   0x00000016   Code   RO         1770    i.HAL_Delay         stm32f7xx_hal.o
    0x08001e74   0x08001e74   0x000001d8   Code   RO         1925    i.HAL_GPIO_Init     stm32f7xx_hal_gpio.o
    0x0800204c   0x0800204c   0x0000000a   Code   RO         1927    i.HAL_GPIO_ReadPin  stm32f7xx_hal_gpio.o
    0x08002056   0x08002056   0x0000000a   Code   RO         1929    i.HAL_GPIO_WritePin  stm32f7xx_hal_gpio.o
    0x08002060   0x08002060   0x0000000c   Code   RO         1778    i.HAL_GetTick       stm32f7xx_hal.o
    0x0800206c   0x0800206c   0x00000034   Code   RO         2482    i.HAL_I2C_DeInit    stm32f7xx_hal_i2c.o
    0x080020a0   0x080020a0   0x00000006   Code   RO         2490    i.HAL_I2C_GetState  stm32f7xx_hal_i2c.o
    0x080020a6   0x080020a6   0x00000002   PAD
    0x080020a8   0x080020a8   0x000000b0   Code   RO         2491    i.HAL_I2C_Init      stm32f7xx_hal_i2c.o
    0x08002158   0x08002158   0x0000016c   Code   RO         2507    i.HAL_I2C_Mem_Read  stm32f7xx_hal_i2c.o
    0x080022c4   0x080022c4   0x00000168   Code   RO         2510    i.HAL_I2C_Mem_Write  stm32f7xx_hal_i2c.o
    0x0800242c   0x0800242c   0x00000002   Code   RO         2513    i.HAL_I2C_MspDeInit  stm32f7xx_hal_i2c.o
    0x0800242e   0x0800242e   0x00000002   Code   RO         2514    i.HAL_I2C_MspInit   stm32f7xx_hal_i2c.o
    0x08002430   0x08002430   0x00000010   Code   RO         1779    i.HAL_IncTick       stm32f7xx_hal.o
    0x08002440   0x08002440   0x00000016   Code   RO         1780    i.HAL_Init          stm32f7xx_hal.o
    0x08002456   0x08002456   0x00000002   PAD
    0x08002458   0x08002458   0x00000028   Code   RO         1781    i.HAL_InitTick      stm32f7xx_hal.o
    0x08002480   0x08002480   0x00000052   Code   RO         3426    i.HAL_LTDC_ConfigLayer  stm32f7xx_hal_ltdc.o
    0x080024d2   0x080024d2   0x00000006   Code   RO         3441    i.HAL_LTDC_GetState  stm32f7xx_hal_ltdc.o
    0x080024d8   0x080024d8   0x00000100   Code   RO         3443    i.HAL_LTDC_Init     stm32f7xx_hal_ltdc.o
    0x080025d8   0x080025d8   0x000000b0   Code   RO         4900    i.HAL_LTDC_MspInit  stm32f7xx_hal_msp.o
    0x08002688   0x08002688   0x00000044   Code   RO         3452    i.HAL_LTDC_SetAlpha  stm32f7xx_hal_ltdc.o
    0x080026cc   0x080026cc   0x00000058   Code   RO         4901    i.HAL_MspInit       stm32f7xx_hal_msp.o
    0x08002724   0x08002724   0x00000016   Code   RO         2360    i.HAL_NVIC_EnableIRQ  stm32f7xx_hal_cortex.o
    0x0800273a   0x0800273a   0x00000002   PAD
    0x0800273c   0x0800273c   0x00000040   Code   RO         2366    i.HAL_NVIC_SetPriority  stm32f7xx_hal_cortex.o
    0x0800277c   0x0800277c   0x00000024   Code   RO         2367    i.HAL_NVIC_SetPriorityGrouping  stm32f7xx_hal_cortex.o
    0x080027a0   0x080027a0   0x000006b4   Code   RO         1627    i.HAL_RCCEx_PeriphCLKConfig  stm32f7xx_hal_rcc_ex.o
    0x08002e54   0x08002e54   0x00000164   Code   RO         1662    i.HAL_RCC_ClockConfig  stm32f7xx_hal_rcc.o
    0x08002fb8   0x08002fb8   0x0000000c   Code   RO         1667    i.HAL_RCC_GetHCLKFreq  stm32f7xx_hal_rcc.o
    0x08002fc4   0x08002fc4   0x00000084   Code   RO         1671    i.HAL_RCC_GetSysClockFreq  stm32f7xx_hal_rcc.o
    0x08003048   0x08003048   0x00000320   Code   RO         1674    i.HAL_RCC_OscConfig  stm32f7xx_hal_rcc.o
    0x08003368   0x08003368   0x00000042   Code   RO         4162    i.HAL_SDRAM_Init    stm32f7xx_hal_sdram.o
    0x080033aa   0x080033aa   0x00000002   Code   RO         4164    i.HAL_SDRAM_MspInit  stm32f7xx_hal_sdram.o
    0x080033ac   0x080033ac   0x00000022   Code   RO         4165    i.HAL_SDRAM_ProgramRefreshRate  stm32f7xx_hal_sdram.o
    0x080033ce   0x080033ce   0x00000002   PAD
    0x080033d0   0x080033d0   0x00000030   Code   RO         4171    i.HAL_SDRAM_SendCommand  stm32f7xx_hal_sdram.o
    0x08003400   0x08003400   0x00000018   Code   RO         2369    i.HAL_SYSTICK_CLKSourceConfig  stm32f7xx_hal_cortex.o
    0x08003418   0x08003418   0x00000002   Code   RO         2370    i.HAL_SYSTICK_Callback  stm32f7xx_hal_cortex.o
    0x0800341a   0x0800341a   0x00000026   Code   RO         2371    i.HAL_SYSTICK_Config  stm32f7xx_hal_cortex.o
    0x08003440   0x08003440   0x00000008   Code   RO         2372    i.HAL_SYSTICK_IRQHandler  stm32f7xx_hal_cortex.o
    0x08003448   0x08003448   0x00000002   Code   RO         2084    i.HAL_TIMEx_BreakCallback  stm32f7xx_hal_tim_ex.o
    0x0800344a   0x0800344a   0x00000002   Code   RO         2085    i.HAL_TIMEx_CommutationCallback  stm32f7xx_hal_tim_ex.o
    0x0800344c   0x0800344c   0x00000058   Code   RO         2102    i.HAL_TIMEx_MasterConfigSynchronization  stm32f7xx_hal_tim_ex.o
    0x080034a4   0x080034a4   0x00000030   Code   RO          993    i.HAL_TIM_Base_Init  stm32f7xx_hal_tim.o
    0x080034d4   0x080034d4   0x00000128   Code   RO         4903    i.HAL_TIM_Base_MspInit  stm32f7xx_hal_msp.o
    0x080035fc   0x080035fc   0x00000018   Code   RO          998    i.HAL_TIM_Base_Start_IT  stm32f7xx_hal_tim.o
    0x08003614   0x08003614   0x000000fc   Code   RO         1002    i.HAL_TIM_ConfigClockSource  stm32f7xx_hal_tim.o
    0x08003710   0x08003710   0x00000002   Code   RO         1022    i.HAL_TIM_IC_CaptureCallback  stm32f7xx_hal_tim.o
    0x08003712   0x08003712   0x0000017e   Code   RO         1035    i.HAL_TIM_IRQHandler  stm32f7xx_hal_tim.o
    0x08003890   0x08003890   0x00000002   Code   RO         1038    i.HAL_TIM_OC_DelayElapsedCallback  stm32f7xx_hal_tim.o
    0x08003892   0x08003892   0x00000002   Code   RO         1065    i.HAL_TIM_PWM_PulseFinishedCallback  stm32f7xx_hal_tim.o
    0x08003894   0x08003894   0x00000002   Code   RO         1072    i.HAL_TIM_PeriodElapsedCallback  stm32f7xx_hal_tim.o
    0x08003896   0x08003896   0x00000002   Code   RO         1076    i.HAL_TIM_TriggerCallback  stm32f7xx_hal_tim.o
    0x08003898   0x08003898   0x00000022   Code   RO         2533    i.I2C_Flush_TXDR    stm32f7xx_hal_i2c.o
    0x080038ba   0x080038ba   0x00000002   PAD
    0x080038bc   0x080038bc   0x0000007c   Code   RO         2541    i.I2C_IsAcknowledgeFailed  stm32f7xx_hal_i2c.o
    0x08003938   0x08003938   0x0000006e   Code   RO         2544    i.I2C_RequestMemoryRead  stm32f7xx_hal_i2c.o
    0x080039a6   0x080039a6   0x0000006e   Code   RO         2545    i.I2C_RequestMemoryWrite  stm32f7xx_hal_i2c.o
    0x08003a14   0x08003a14   0x00000024   Code   RO         2548    i.I2C_TransferConfig  stm32f7xx_hal_i2c.o
    0x08003a38   0x08003a38   0x00000052   Code   RO         2549    i.I2C_WaitOnFlagUntilTimeout  stm32f7xx_hal_i2c.o
    0x08003a8a   0x08003a8a   0x00000050   Code   RO         2551    i.I2C_WaitOnSTOPFlagUntilTimeout  stm32f7xx_hal_i2c.o
    0x08003ada   0x08003ada   0x00000054   Code   RO         2552    i.I2C_WaitOnTXISFlagUntilTimeout  stm32f7xx_hal_i2c.o
    0x08003b2e   0x08003b2e   0x00000012   Code   RO           37    i.I2Cx_Error        stm32746g_discovery.o
    0x08003b40   0x08003b40   0x00000050   Code   RO           38    i.I2Cx_Init         stm32746g_discovery.o
    0x08003b90   0x08003b90   0x00000124   Code   RO           39    i.I2Cx_MspInit      stm32746g_discovery.o
    0x08003cb4   0x08003cb4   0x0000002a   Code   RO           40    i.I2Cx_ReadMultiple  stm32746g_discovery.o
    0x08003cde   0x08003cde   0x0000002a   Code   RO           41    i.I2Cx_WriteMultiple  stm32746g_discovery.o
    0x08003d08   0x08003d08   0x00000080   Code   RO          405    i.LL_FillBuffer     stm32746g_discovery_lcd.o
    0x08003d88   0x08003d88   0x000001d0   Code   RO         3462    i.LTDC_SetConfig    stm32f7xx_hal_ltdc.o
    0x08003f58   0x08003f58   0x0000004c   Code   RO         4739    i.MX_ADC3_Init      main.o
    0x08003fa4   0x08003fa4   0x00000574   Code   RO         4740    i.MX_GPIO_Init      main.o
    0x08004518   0x08004518   0x0000008c   Code   RO         4741    i.MX_LTDC_Init      main.o
    0x080045a4   0x080045a4   0x00000058   Code   RO         4742    i.MX_TIM2_Init      main.o
    0x080045fc   0x080045fc   0x00000058   Code   RO         4743    i.MX_TIM3_Init      main.o
    0x08004654   0x08004654   0x00000058   Code   RO         4744    i.MX_TIM4_Init      main.o
    0x080046ac   0x080046ac   0x00000058   Code   RO         4745    i.MX_TIM5_Init      main.o
    0x08004704   0x08004704   0x00000022   Code   RO         2373    i.NVIC_SetPriority  stm32f7xx_hal_cortex.o
    0x08004726   0x08004726   0x0000000e   Code   RO         4840    i.SysTick_Handler   stm32f7xx_it.o
    0x08004734   0x08004734   0x0000008a   Code   RO         4746    i.SystemClock_Config  main.o
    0x080047be   0x080047be   0x00000002   PAD
    0x080047c0   0x080047c0   0x00000054   Code   RO         4959    i.SystemInit        system_stm32f7xx.o
    0x08004814   0x08004814   0x00000018   Code   RO         4841    i.TIM2_IRQHandler   stm32f7xx_it.o
    0x0800482c   0x0800482c   0x00000018   Code   RO         4842    i.TIM3_IRQHandler   stm32f7xx_it.o
    0x08004844   0x08004844   0x00000018   Code   RO         4843    i.TIM4_IRQHandler   stm32f7xx_it.o
    0x0800485c   0x0800485c   0x00000018   Code   RO         4844    i.TIM5_IRQHandler   stm32f7xx_it.o
    0x08004874   0x08004874   0x000000c4   Code   RO         1077    i.TIM_Base_SetConfig  stm32f7xx_hal_tim.o
    0x08004938   0x08004938   0x00000012   Code   RO         1084    i.TIM_ETR_SetConfig  stm32f7xx_hal_tim.o
    0x0800494a   0x0800494a   0x00000010   Code   RO         1085    i.TIM_ITRx_SetConfig  stm32f7xx_hal_tim.o
    0x0800495a   0x0800495a   0x00000022   Code   RO         1091    i.TIM_TI1_ConfigInputStage  stm32f7xx_hal_tim.o
    0x0800497c   0x0800497c   0x00000024   Code   RO         1093    i.TIM_TI2_ConfigInputStage  stm32f7xx_hal_tim.o
    0x080049a0   0x080049a0   0x00000004   Code   RO           42    i.TS_IO_Delay       stm32746g_discovery.o
    0x080049a4   0x080049a4   0x0000000c   Code   RO           43    i.TS_IO_Init        stm32746g_discovery.o
    0x080049b0   0x080049b0   0x00000028   Code   RO           44    i.TS_IO_Read        stm32746g_discovery.o
    0x080049d8   0x080049d8   0x00000020   Code   RO           45    i.TS_IO_Write       stm32746g_discovery.o
    0x080049f8   0x080049f8   0x00000028   Code   RO         5047    i.__0sprintf$1      mc_w.l(printf1.o)
    0x08004a20   0x08004a20   0x0000000e   Code   RO         5307    i.__scatterload_copy  mc_w.l(handlers.o)
    0x08004a2e   0x08004a2e   0x00000002   Code   RO         5308    i.__scatterload_null  mc_w.l(handlers.o)
    0x08004a30   0x08004a30   0x0000000e   Code   RO         5309    i.__scatterload_zeroinit  mc_w.l(handlers.o)
    0x08004a3e   0x08004a3e   0x00000002   PAD
    0x08004a40   0x08004a40   0x00000154   Code   RO         5052    i._printf_core      mc_w.l(printf1.o)
    0x08004b94   0x08004b94   0x0000000a   Code   RO         5054    i._sputc            mc_w.l(printf1.o)
    0x08004b9e   0x08004b9e   0x00000002   PAD
    0x08004ba0   0x08004ba0   0x00000018   Code   RO          895    i.ft5336_I2C_InitializeIfRequired  ft5336.o
    0x08004bb8   0x08004bb8   0x00000010   Code   RO          896    i.ft5336_Init       ft5336.o
    0x08004bc8   0x08004bc8   0x0000003a   Code   RO          897    i.ft5336_ReadID     ft5336.o
    0x08004c02   0x08004c02   0x00000002   Code   RO          898    i.ft5336_Reset      ft5336.o
    0x08004c04   0x08004c04   0x00000002   Code   RO          899    i.ft5336_TS_ClearIT  ft5336.o
    0x08004c06   0x08004c06   0x00000002   PAD
    0x08004c08   0x08004c08   0x00000040   Code   RO          900    i.ft5336_TS_DetectTouch  ft5336.o
    0x08004c48   0x08004c48   0x0000000a   Code   RO          901    i.ft5336_TS_DisableIT  ft5336.o
    0x08004c52   0x08004c52   0x0000000a   Code   RO          902    i.ft5336_TS_EnableIT  ft5336.o
    0x08004c5c   0x08004c5c   0x0000001e   Code   RO          903    i.ft5336_TS_GetGestureID  ft5336.o
    0x08004c7a   0x08004c7a   0x00000002   PAD
    0x08004c7c   0x08004c7c   0x000000cc   Code   RO          904    i.ft5336_TS_GetTouchInfo  ft5336.o
    0x08004d48   0x08004d48   0x00000120   Code   RO          905    i.ft5336_TS_GetXY   ft5336.o
    0x08004e68   0x08004e68   0x00000004   Code   RO          906    i.ft5336_TS_ITStatus  ft5336.o
    0x08004e6c   0x08004e6c   0x00000004   Code   RO          907    i.ft5336_TS_Start   ft5336.o
    0x08004e70   0x08004e70   0x0000022c   Code   RO         4747    i.main              main.o
    0x0800509c   0x0800509c   0x0000001c   Code   RO         4749    i.timerTest         main.o
    0x080050b8   0x080050b8   0x00000018   Data   RO           47    .constdata          stm32746g_discovery.o
    0x080050d0   0x080050d0   0x00001ab8   Data   RO          407    .constdata          stm32746g_discovery_lcd.o
    0x08006b88   0x08006b88   0x000002f8   Data   RO          411    .constdata          stm32746g_discovery_lcd.o
    0x08006e80   0x08006e80   0x00000008   Data   RO         3296    .constdata          stm32f7xx_hal_dma.o
    0x08006e88   0x08006e88   0x00000010   Data   RO         4960    .constdata          system_stm32f7xx.o
    0x08006e98   0x08006e98   0x00000020   Data   RO         5305    Region$$Table       anon$$obj.o


    Execution Region RW_IRAM1 (Exec base: 0x20000000, Load base: 0x08006eb8, Size: 0x00000ce8, Max: 0x00050000, ABSOLUTE)

    Exec Addr    Load Addr    Size         Type   Attr      Idx    E Section Name        Object

    0x20000000   0x08006eb8   0x00000018   Data   RW           48    .data               stm32746g_discovery.o
    0x20000018   0x08006ed0   0x0000000c   Data   RW          412    .data               stm32746g_discovery_lcd.o
    0x20000024   0x08006edc   0x00000008   Data   RW          416    .data               stm32746g_discovery_lcd.o
    0x2000002c   0x08006ee4   0x00000002   Data   RW          747    .data               stm32746g_discovery_sdram.o
    0x2000002e   0x08006ee6   0x00000002   PAD
    0x20000030   0x08006ee8   0x0000000c   Data   RW          827    .data               stm32746g_discovery_ts.o
    0x2000003c   0x08006ef4   0x00000028   Data   RW          908    .data               ft5336.o
    0x20000064   0x08006f1c   0x00000005   Data   RW          909    .data               ft5336.o
    0x20000069   0x08006f21   0x00000003   PAD
    0x2000006c   0x08006f24   0x00000004   Data   RW         1786    .data               stm32f7xx_hal.o
    0x20000070   0x08006f28   0x00000090   Data   RW         4753    .data               main.o
    0x20000100   0x08006fb8   0x00000004   Data   RW         4962    .data               system_stm32f7xx.o
    0x20000104        -       0x00000098   Zero   RW           46    .bss                stm32746g_discovery.o
    0x2000019c        -       0x00000184   Zero   RW          406    .bss                stm32746g_discovery_lcd.o
    0x20000320        -       0x00000120   Zero   RW          746    .bss                stm32746g_discovery_sdram.o
    0x20000440        -       0x00000028   Zero   RW          826    .bss                stm32746g_discovery_ts.o
    0x20000468        -       0x0000041c   Zero   RW         4750    .bss                main.o
    0x20000884        -       0x00000060   Zero   RW         4751    .bss                main.o
    0x200008e4   0x08006fbc   0x00000004   PAD
    0x200008e8        -       0x00000400   Zero   RW            1    STACK               startup_stm32f746xx.o


==============================================================================

Image component sizes


      Code (inc. data)   RO Data    RW Data    ZI Data      Debug   Object Name

       716         38          0         45          0      16423   ft5336.o
      2728        220          0        144       1148      10618   main.o
        36          8        456          0       1024        868   startup_stm32f746xx.o
       870        116         24         24        152     470658   stm32746g_discovery.o
      2160        216       7600         20        388      23309   stm32746g_discovery_lcd.o
       620         56          0          2        288       4588   stm32746g_discovery_sdram.o
       520         22          0         12         40       5926   stm32746g_discovery_ts.o
       112         18          0          4          0       3987   stm32f7xx_hal.o
      1322         68          0          0          0       7910   stm32f7xx_hal_adc.o
       228         12          0          0          0      37509   stm32f7xx_hal_cortex.o
      1020         22          8          0          0       6828   stm32f7xx_hal_dma.o
       756          8          0          0          0       7039   stm32f7xx_hal_dma2d.o
       492         54          0          0          0       3359   stm32f7xx_hal_gpio.o
      1622         24          0          0          0      15176   stm32f7xx_hal_i2c.o
       876          4          0          0          0       4731   stm32f7xx_hal_ltdc.o
       752         88          0          0          0       3502   stm32f7xx_hal_msp.o
      1300         46          0          0          0       4562   stm32f7xx_hal_rcc.o
      1716         16          0          0          0       2480   stm32f7xx_hal_rcc_ex.o
       150          0          0          0          0       3420   stm32f7xx_hal_sdram.o
      1016         52          0          0          0      11093   stm32f7xx_hal_tim.o
        92         10          0          0          0       2666   stm32f7xx_hal_tim_ex.o
       122         30          0          0          0       3184   stm32f7xx_it.o
       318          6          0          0          0       3692   stm32f7xx_ll_fmc.o
        84         16         16          4          0       1559   system_stm32f7xx.o

    ----------------------------------------------------------------------
     19648       1150       8136        260       3044     655087   Object Totals
         0          0         32          0          0          0   (incl. Generated)
        20          0          0          5          4          0   (incl. Padding)

    ----------------------------------------------------------------------

      Code (inc. data)   RO Data    RW Data    ZI Data      Debug   Library Member Name

         0          0          0          0          0          0   entry.o
         0          0          0          0          0          0   entry10a.o
         0          0          0          0          0          0   entry11a.o
         8          4          0          0          0          0   entry2.o
         4          0          0          0          0          0   entry5.o
         0          0          0          0          0          0   entry7b.o
         0          0          0          0          0          0   entry8b.o
         8          4          0          0          0          0   entry9a.o
        30          0          0          0          0          0   handlers.o
        36          8          0          0          0         68   init.o
        36          0          0          0          0         68   memcpya.o
       390         10          0          0          0        252   printf1.o
        44          0          0          0          0         80   uidiv.o

    ----------------------------------------------------------------------
       560         26          0          0          0        468   Library Totals
         4          0          0          0          0          0   (incl. Padding)

    ----------------------------------------------------------------------

      Code (inc. data)   RO Data    RW Data    ZI Data      Debug   Library Name

       556         26          0          0          0        468   mc_w.l

    ----------------------------------------------------------------------
       560         26          0          0          0        468   Library Totals

    ----------------------------------------------------------------------

==============================================================================


      Code (inc. data)   RO Data    RW Data    ZI Data      Debug   

     20208       1176       8136        260       3044     639703   Grand Totals
     20208       1176       8136        260       3044     639703   ELF Image Totals
     20208       1176       8136        260          0          0   ROM Totals

==============================================================================

    Total RO  Size (Code + RO Data)                28344 (  27.68kB)
    Total RW  Size (RW Data + ZI Data)              3304 (   3.23kB)
    Total ROM Size (Code + RO Data + RW Data)      28604 (  27.93kB)

==============================================================================

