<html>
<body>
<pre>
<h1>µVision Build Log</h1>
<h2>Tool Versions:</h2>
IDE-Version: µVision V5.24.2.0
Copyright (C) 2017 ARM Ltd and ARM Germany GmbH. All rights reserved.
License Information: Ake Tudo, AkeTudo, LIC=----
 
Tool Versions:
Toolchain:       MDK-Lite  Version: 5.24.1
Toolchain Path:  P:\softwares\Keil_v5\ARM\ARMCC\Bin
C Compiler:      Armcc.exe V5.06 update 5 (build 528)
Assembler:       Armasm.exe V5.06 update 5 (build 528)
Linker/Locator:  ArmLink.exe V5.06 update 5 (build 528)
Library Manager: ArmAr.exe V5.06 update 5 (build 528)
Hex Converter:   FromElf.exe V5.06 update 5 (build 528)
CPU DLL:         SARMCM3.DLL V5.24.1
Dialog DLL:      DCM.DLL V1.16.0.0
Target DLL:      STLink\ST-LINKIII-KEIL_SWO.dll V3.0.1.0
Dialog DLL:      TCM.DLL V1.32.0.0
 
<h2>Project:</h2>
P:\studia\PW_WEiTI\semX\SMS\lab\Projekty\SMS_OnuohaDalida\Projekt04\MDK-ARM\Projekt04.uvprojx
Project File Date:  11/27/2017

<h2>Output:</h2>
*** Using Compiler 'V5.06 update 5 (build 528)', folder: 'P:\softwares\Keil_v5\ARM\ARMCC\Bin'
Build target 'Projekt04'
compiling main.c...
../Src/main.c(91): warning:  #1295-D: Deprecated declaration mandelbrot - give arg types
  void mandelbrot();
../Src/main.c(210): warning:  #177-D: variable "xmin"  was declared but never referenced
      static float xmin = -0.1011-0.01;
../Src/main.c(211): warning:  #177-D: variable "xmax"  was declared but never referenced
      static float xmax = -0.1011+0.01;
../Src/main.c(212): warning:  #177-D: variable "ymin"  was declared but never referenced
      static float ymin =  0.9563-0.01;
../Src/main.c(213): warning:  #177-D: variable "ymax"  was declared but never referenced
      static float ymax =  0.9563+0.01;
../Src/main.c(360): warning:  #177-D: variable "pLayerCfg1"  was declared but never referenced
    LTDC_LayerCfgTypeDef pLayerCfg1;
../Src/main.c(101): warning:  #177-D: function "MX_TIM6_Init"  was declared but never referenced
  static void MX_TIM6_Init(void);
../Src/main.c: 7 warnings, 0 errors
linking...
Program Size: Code=20208 RO-data=8136 RW-data=260 ZI-data=3044  
"Projekt04\Projekt04.axf" - 0 Error(s), 7 Warning(s).

<h2>Software Packages used:</h2>

Package Vendor: ARM
                http://www.keil.com/pack/ARM.CMSIS.5.1.1.pack
                ARM.CMSIS.5.1.1
                CMSIS (Cortex Microcontroller Software Interface Standard)
   * Component: CORE Version: 5.0.2

Package Vendor: Keil
                http://www.keil.com/pack/Keil.STM32F7xx_DFP.2.9.0.pack
                Keil.STM32F7xx_DFP.2.9.0
                STMicroelectronics STM32F7 Series Device Support, Drivers and Examples

<h2>Collection of Component include folders:</h2>
  .\RTE\_Projekt04
  P:\softwares\Keil_v5\ARM\PACK\ARM\CMSIS\5.1.1\CMSIS\Include
  P:\softwares\Keil_v5\ARM\PACK\Keil\STM32F7xx_DFP\2.9.0\Drivers\CMSIS\Device\ST\STM32F7xx\Include

<h2>Collection of Component Files used:</h2>

   * Component: ARM::CMSIS:CORE:5.0.2
Build Time Elapsed:  00:00:06
</pre>
</body>
</html>
