<html>
<body>
<pre>
<h1>µVision Build Log</h1>
<h2>Tool Versions:</h2>
IDE-Version: µVision V5.21.1.0
Copyright (C) 2016 ARM Ltd and ARM Germany GmbH. All rights reserved.
License Information: Patryk Chaber, Warsaw University of Technology, LIC=Z3CX7-E3RWC-YBQE9-4JWRV-3NT06-JCAQU
 
Tool Versions:
Toolchain:       MDK-ARM Professional  Version: 5.21a
Toolchain Path:  C:\Keil_v5\ARM\ARMCC\Bin
C Compiler:      Armcc.exe V5.06 update 3 (build 300)
Assembler:       Armasm.exe V5.06 update 3 (build 300)
Linker/Locator:  ArmLink.exe V5.06 update 3 (build 300)
Library Manager: ArmAr.exe V5.06 update 3 (build 300)
Hex Converter:   FromElf.exe V5.06 update 3 (build 300)
CPU DLL:         SARMCM3.DLL V5.21a
Dialog DLL:      DARMSTM.DLL V1.66.0.1
Target DLL:      Segger\JL2CM3.dll V2.99.23.0
Dialog DLL:      TARMSTM.DLL V1.65.0.0
 
<h2>Project:</h2>
F:\SMS\SMS_2_Onuoha_Dailida\Projekt03\projekt03.uvprojx
Project File Date:  11/21/2017

<h2>Output:</h2>
*** Using Compiler 'V5.06 update 3 (build 300)', folder: 'C:\Keil_v5\ARM\ARMCC\Bin'
Build target 'Target 1'
compiling main.c...
main.c(350): warning:  #167-D: argument of type "char *" is incompatible with parameter of type "unsigned char *"
  	LCD_WriteText(buffer); // wyswietl zawartosc bufora na LCD
main.c(354): warning:  #167-D: argument of type "char *" is incompatible with parameter of type "unsigned char *"
  	LCD_WriteText(buffer); // wyswietl zawartosc bufora na LCD
main.c: 2 warnings, 0 errors
linking...
Program Size: Code=14320 RO-data=956 RW-data=120 ZI-data=2720  
".\Objects\projekt03.axf" - 0 Error(s), 2 Warning(s).

<h2>Collection of Component include folders:</h2>
  F:\SMS\SMS_2_Onuoha_Dailida\Projekt03\RTE
  C:\Keil_v5\ARM\PACK\Keil\STM32F1xx_DFP\2.1.0\Device\Include

<h2>Collection of Component Files used:</h2>
Build Time Elapsed:  00:00:00
</pre>
</body>
</html>
