Component: ARM Compiler 5.06 update 3 (build 300) Tool: armlink [4d35c9]

==============================================================================

Section Cross References

    stm32f10x_it.o(i.ADC1_2_IRQHandler) refers to stm32f10x_adc.o(i.ADC_GetITStatus) for ADC_GetITStatus
    stm32f10x_it.o(i.ADC1_2_IRQHandler) refers to stm32f10x_adc.o(i.ADC_ClearITPendingBit) for ADC_ClearITPendingBit
    stm32f10x_it.o(i.ADC1_2_IRQHandler) refers to stm32f10x_adc.o(i.ADC_GetConversionValue) for ADC_GetConversionValue
    stm32f10x_it.o(i.ADC1_2_IRQHandler) refers to dflt_clz.o(x$fpl$dfltu) for __aeabi_ui2d
    stm32f10x_it.o(i.ADC1_2_IRQHandler) refers to stm32f10x_it.o(.data) for adc
    stm32f10x_it.o(i.EXTI9_5_IRQHandler) refers to main.o(i.KB2char) for KB2char
    stm32f10x_it.o(i.EXTI9_5_IRQHandler) refers to stm32f10x_exti.o(i.EXTI_ClearITPendingBit) for EXTI_ClearITPendingBit
    stm32f10x_it.o(i.EXTI9_5_IRQHandler) refers to main.o(.data) for key_pointer
    stm32f10x_it.o(i.EXTI9_5_IRQHandler) refers to main.o(.bss) for key_buffer
    stm32f10x_it.o(i.SysTick_Handler) refers to modbus.o(i.MB) for MB
    stm32f10x_it.o(i.SysTick_Handler) refers to delay.o(i.DelayTick) for DelayTick
    stm32f10x_it.o(i.SysTick_Handler) refers to modbus.o(i.TimeoutTick) for TimeoutTick
    stm32f10x_it.o(i.TIM2_IRQHandler) refers to stm32f10x_tim.o(i.TIM_GetITStatus) for TIM_GetITStatus
    stm32f10x_it.o(i.TIM2_IRQHandler) refers to stm32f10x_tim.o(i.TIM_ClearITPendingBit) for TIM_ClearITPendingBit
    stm32f10x_it.o(i.TIM2_IRQHandler) refers to stm32f10x_adc.o(i.ADC_SoftwareStartConvCmd) for ADC_SoftwareStartConvCmd
    stm32f10x_it.o(i.TIM4_IRQHandler) refers to stm32f10x_tim.o(i.TIM_GetITStatus) for TIM_GetITStatus
    stm32f10x_it.o(i.TIM4_IRQHandler) refers to stm32f10x_tim.o(i.TIM_ClearITPendingBit) for TIM_ClearITPendingBit
    stm32f10x_it.o(i.TIM4_IRQHandler) refers to modbus.o(i.Timer50usTick) for Timer50usTick
    stm32f10x_it.o(i.USART1_IRQHandler) refers to stm32f10x_usart.o(i.USART_GetITStatus) for USART_GetITStatus
    stm32f10x_it.o(i.USART1_IRQHandler) refers to stm32f10x_usart.o(i.USART_ClearITPendingBit) for USART_ClearITPendingBit
    stm32f10x_it.o(i.USART1_IRQHandler) refers to modbus.o(i.SetCharacterReceived) for SetCharacterReceived
    stm32f10x_it.o(i.USART1_IRQHandler) refers to modbus.o(i.SetCharacterReadyToTransmit) for SetCharacterReadyToTransmit
    delay.o(i.Delay) refers to delay.o(.data) for msc
    delay.o(i.DelayTick) refers to delay.o(.data) for msc
    delay.o(i.Delay_ms) refers to delay.o(i.Delay) for Delay
    main.o(i.ADC1_Config) refers to stm32f10x_adc.o(i.ADC_DeInit) for ADC_DeInit
    main.o(i.ADC1_Config) refers to stm32f10x_adc.o(i.ADC_Init) for ADC_Init
    main.o(i.ADC1_Config) refers to stm32f10x_adc.o(i.ADC_RegularChannelConfig) for ADC_RegularChannelConfig
    main.o(i.ADC1_Config) refers to stm32f10x_adc.o(i.ADC_ExternalTrigConvCmd) for ADC_ExternalTrigConvCmd
    main.o(i.ADC1_Config) refers to stm32f10x_adc.o(i.ADC_ITConfig) for ADC_ITConfig
    main.o(i.ADC1_Config) refers to stm32f10x_adc.o(i.ADC_Cmd) for ADC_Cmd
    main.o(i.ADC1_Config) refers to stm32f10x_adc.o(i.ADC_ResetCalibration) for ADC_ResetCalibration
    main.o(i.ADC1_Config) refers to stm32f10x_adc.o(i.ADC_GetResetCalibrationStatus) for ADC_GetResetCalibrationStatus
    main.o(i.ADC1_Config) refers to stm32f10x_adc.o(i.ADC_StartCalibration) for ADC_StartCalibration
    main.o(i.ADC1_Config) refers to stm32f10x_adc.o(i.ADC_GetCalibrationStatus) for ADC_GetCalibrationStatus
    main.o(i.Communication_Get) refers to stm32f10x_usart.o(i.USART_ReceiveData) for USART_ReceiveData
    main.o(i.Communication_Get) refers to modbus.o(i.SetCharacterReceived) for SetCharacterReceived
    main.o(i.Communication_Mode) refers to stm32f10x_usart.o(i.USART_ITConfig) for USART_ITConfig
    main.o(i.Communication_Put) refers to stm32f10x_usart.o(i.USART_SendData) for USART_SendData
    main.o(i.Disable50usTimer) refers to stm32f10x_tim.o(i.TIM_ITConfig) for TIM_ITConfig
    main.o(i.Enable50usTimer) refers to stm32f10x_tim.o(i.TIM_ITConfig) for TIM_ITConfig
    main.o(i.GPIO_Config) refers to stm32f10x_gpio.o(i.GPIO_Init) for GPIO_Init
    main.o(i.GPIO_Config) refers to stm32f10x_gpio.o(i.GPIO_ResetBits) for GPIO_ResetBits
    main.o(i.KB2char) refers to stm32f10x_gpio.o(i.GPIO_SetBits) for GPIO_SetBits
    main.o(i.KB2char) refers to stm32f10x_gpio.o(i.GPIO_ResetBits) for GPIO_ResetBits
    main.o(i.KB2char) refers to delay.o(i.Delay_ms) for Delay_ms
    main.o(i.KB2char) refers to stm32f10x_gpio.o(i.GPIO_ReadInputDataBit) for GPIO_ReadInputDataBit
    main.o(i.LCD_Refresh) refers to _printf_pad.o(.text) for _printf_pre_padding
    main.o(i.LCD_Refresh) refers to _printf_percent.o(.ARM.Collect$$_printf_percent$$00000000) for _printf_percent
    main.o(i.LCD_Refresh) refers to _printf_d.o(.ARM.Collect$$_printf_percent$$00000009) for _printf_d
[...]
    .text                                    0x080008b0   Section        0  _printf_char_common.o(.text)
    _printf_input_char                       0x080008b1   Thumb Code    10  _printf_char_common.o(.text)
    .text                                    0x080008e0   Section        0  _sputc.o(.text)
    .text                                    0x080008ec   Section        8  rt_locale_intlibspace.o(.text)
    .text                                    0x080008f4   Section      138  lludiv10.o(.text)
    .text                                    0x08000980   Section        0  _printf_fp_infnan.o(.text)
    .text                                    0x08000a00   Section        0  bigflt0.o(.text)
    .text                                    0x08000adc   Section        8  libspace.o(.text)
    .text                                    0x08000ae4   Section       74  sys_stackheap_outer.o(.text)
    .text                                    0x08000b2e   Section        0  exit.o(.text)
    .text                                    0x08000b40   Section      128  strcmpv7m.o(.text)
    .text                                    0x08000bc0   Section        0  sys_exit.o(.text)
    .text                                    0x08000bcc   Section        2  use_no_semi.o(.text)
    .text                                    0x08000bce   Section        0  indicate_semi.o(.text)
    CL$$btod_d2e                             0x08000bce   Section       62  btod.o(CL$$btod_d2e)
    CL$$btod_d2e_denorm_low                  0x08000c0c   Section       70  btod.o(CL$$btod_d2e_denorm_low)
    CL$$btod_d2e_norm_op1                    0x08000c52   Section       96  btod.o(CL$$btod_d2e_norm_op1)
    CL$$btod_div_common                      0x08000cb2   Section      824  btod.o(CL$$btod_div_common)
    CL$$btod_e2e                             0x08000fea   Section      198  btod.o(CL$$btod_e2e)
    CL$$btod_ediv                            0x080010b0   Section       40  btod.o(CL$$btod_ediv)
    CL$$btod_emul                            0x080010d8   Section       40  btod.o(CL$$btod_emul)
    CL$$btod_mult_common                     0x08001100   Section      580  btod.o(CL$$btod_mult_common)
    i.ADC1_2_IRQHandler                      0x08001344   Section        0  stm32f10x_it.o(i.ADC1_2_IRQHandler)
    i.ADC1_Config                            0x08001378   Section        0  main.o(i.ADC1_Config)
    i.ADC_ClearITPendingBit                  0x080013fc   Section        0  stm32f10x_adc.o(i.ADC_ClearITPendingBit)
    i.ADC_Cmd                                0x08001406   Section        0  stm32f10x_adc.o(i.ADC_Cmd)
    i.ADC_DeInit                             0x0800141c   Section        0  stm32f10x_adc.o(i.ADC_DeInit)
    i.ADC_ExternalTrigConvCmd                0x08001478   Section        0  stm32f10x_adc.o(i.ADC_ExternalTrigConvCmd)
    i.ADC_GetCalibrationStatus               0x0800148e   Section        0  stm32f10x_adc.o(i.ADC_GetCalibrationStatus)
    i.ADC_GetConversionValue                 0x080014a2   Section        0  stm32f10x_adc.o(i.ADC_GetConversionValue)
    i.ADC_GetITStatus                        0x080014aa   Section        0  stm32f10x_adc.o(i.ADC_GetITStatus)
    i.ADC_GetResetCalibrationStatus          0x080014ce   Section        0  stm32f10x_adc.o(i.ADC_GetResetCalibrationStatus)
    i.ADC_ITConfig                           0x080014e2   Section        0  stm32f10x_adc.o(i.ADC_ITConfig)
    i.ADC_Init                               0x080014fc   Section        0  stm32f10x_adc.o(i.ADC_Init)
    i.ADC_RegularChannelConfig               0x0800154c   Section        0  stm32f10x_adc.o(i.ADC_RegularChannelConfig)
    i.ADC_ResetCalibration                   0x08001604   Section        0  stm32f10x_adc.o(i.ADC_ResetCalibration)
    i.ADC_SoftwareStartConvCmd               0x0800160e   Section        0  stm32f10x_adc.o(i.ADC_SoftwareStartConvCmd)
    i.ADC_StartCalibration                   0x08001624   Section        0  stm32f10x_adc.o(i.ADC_StartCalibration)
    i.BusFault_Handler                       0x0800162e   Section        0  stm32f10x_it.o(i.BusFault_Handler)
    i.CRC16                                  0x08001634   Section        0  crc16.o(i.CRC16)
    i.Communication_Get                      0x0800166c   Section        0  main.o(i.Communication_Get)
    i.Communication_Mode                     0x08001688   Section        0  main.o(i.Communication_Mode)
    i.Communication_Put                      0x080016ac   Section        0  main.o(i.Communication_Put)
    i.DMA1_Channel1_IRQHandler               0x080016c0   Section        0  stm32f10x_it.o(i.DMA1_Channel1_IRQHandler)
    i.DMA1_Channel2_IRQHandler               0x080016c2   Section        0  stm32f10x_it.o(i.DMA1_Channel2_IRQHandler)
    i.DMA1_Channel3_IRQHandler               0x080016c4   Section        0  stm32f10x_it.o(i.DMA1_Channel3_IRQHandler)
    i.DMA1_Channel4_IRQHandler               0x080016c6   Section        0  stm32f10x_it.o(i.DMA1_Channel4_IRQHandler)
    i.DMA1_Channel5_IRQHandler               0x080016c8   Section        0  stm32f10x_it.o(i.DMA1_Channel5_IRQHandler)
    i.DMA1_Channel6_IRQHandler               0x080016ca   Section        0  stm32f10x_it.o(i.DMA1_Channel6_IRQHandler)
    i.DMA1_Channel7_IRQHandler               0x080016cc   Section        0  stm32f10x_it.o(i.DMA1_Channel7_IRQHandler)
    i.DebugMon_Handler                       0x080016ce   Section        0  stm32f10x_it.o(i.DebugMon_Handler)
    i.Delay                                  0x080016d0   Section        0  delay.o(i.Delay)
    i.DelayTick                              0x080016e4   Section        0  delay.o(i.DelayTick)
    i.Delay_ms                               0x080016fc   Section        0  delay.o(i.Delay_ms)
    i.Disable50usTimer                       0x0800170c   Section        0  main.o(i.Disable50usTimer)
    i.EXTI0_IRQHandler                       0x08001720   Section        0  stm32f10x_it.o(i.EXTI0_IRQHandler)
    i.EXTI15_10_IRQHandler                   0x08001722   Section        0  stm32f10x_it.o(i.EXTI15_10_IRQHandler)
    i.EXTI1_IRQHandler                       0x08001724   Section        0  stm32f10x_it.o(i.EXTI1_IRQHandler)
    i.EXTI2_IRQHandler                       0x08001726   Section        0  stm32f10x_it.o(i.EXTI2_IRQHandler)
    i.EXTI3_IRQHandler                       0x08001728   Section        0  stm32f10x_it.o(i.EXTI3_IRQHandler)
    i.EXTI4_IRQHandler                       0x0800172a   Section        0  stm32f10x_it.o(i.EXTI4_IRQHandler)
    i.EXTI9_5_IRQHandler                     0x0800172c   Section        0  stm32f10x_it.o(i.EXTI9_5_IRQHandler)
    i.EXTI_ClearITPendingBit                 0x08001768   Section        0  stm32f10x_exti.o(i.EXTI_ClearITPendingBit)
    i.EXTI_Init                              0x08001774   Section        0  stm32f10x_exti.o(i.EXTI_Init)
    i.Enable50usTimer                        0x08001808   Section        0  main.o(i.Enable50usTimer)
    i.FLASH_IRQHandler                       0x0800181c   Section        0  stm32f10x_it.o(i.FLASH_IRQHandler)
    i.FLASH_PrefetchBufferCmd                0x08001820   Section        0  stm32f10x_flash.o(i.FLASH_PrefetchBufferCmd)
    i.FLASH_SetLatency                       0x0800183c   Section        0  stm32f10x_flash.o(i.FLASH_SetLatency)
    i.GPIO_Config                            0x08001854   Section        0  main.o(i.GPIO_Config)
    i.GPIO_EXTILineConfig                    0x08001924   Section        0  stm32f10x_gpio.o(i.GPIO_EXTILineConfig)
    i.GPIO_Init                              0x08001964   Section        0  stm32f10x_gpio.o(i.GPIO_Init)
    i.GPIO_ReadInputDataBit                  0x08001a7a   Section        0  stm32f10x_gpio.o(i.GPIO_ReadInputDataBit)
    i.GPIO_ResetBits                         0x08001a8c   Section        0  stm32f10x_gpio.o(i.GPIO_ResetBits)
    i.GPIO_SetBits                           0x08001a90   Section        0  stm32f10x_gpio.o(i.GPIO_SetBits)
    i.GPIO_WriteBit                          0x08001a94   Section        0  stm32f10x_gpio.o(i.GPIO_WriteBit)
    i.HardFault_Handler                      0x08001a9e   Section        0  stm32f10x_it.o(i.HardFault_Handler)
    i.I2C1_ER_IRQHandler                     0x08001aa2   Section        0  stm32f10x_it.o(i.I2C1_ER_IRQHandler)
    i.I2C1_EV_IRQHandler                     0x08001aa4   Section        0  stm32f10x_it.o(i.I2C1_EV_IRQHandler)
    i.I2C2_ER_IRQHandler                     0x08001aa6   Section        0  stm32f10x_it.o(i.I2C2_ER_IRQHandler)
    i.I2C2_EV_IRQHandler                     0x08001aa8   Section        0  stm32f10x_it.o(i.I2C2_EV_IRQHandler)
    i.Is50usTimerStarted                     0x08001aac   Section        0  modbus.o(i.Is50usTimerStarted)
    i.Ist15Expired                           0x08001ab8   Section        0  modbus.o(i.Ist15Expired)
    i.Ist35Expired                           0x08001ac4   Section        0  modbus.o(i.Ist35Expired)
    i.KB2char                                0x08001ad0   Section        0  main.o(i.KB2char)
    i.LCD_GoTo                               0x08001b60   Section        0  lcd_hd44780.o(i.LCD_GoTo)
    i.LCD_Initialize                         0x08001b78   Section        0  lcd_hd44780.o(i.LCD_Initialize)
    i.LCD_ReadNibble                         0x08001c30   Section        0  lcd_hd44780.o(i.LCD_ReadNibble)
    i.LCD_ReadStatus                         0x08001c88   Section        0  lcd_hd44780.o(i.LCD_ReadStatus)
    i.LCD_Refresh                            0x08001ce0   Section        0  main.o(i.LCD_Refresh)
    i.LCD_WriteCommand                       0x08001db4   Section        0  lcd_hd44780.o(i.LCD_WriteCommand)
    i.LCD_WriteData                          0x08001df4   Section        0  lcd_hd44780.o(i.LCD_WriteData)
    i.LCD_WriteNibble                        0x08001e30   Section        0  lcd_hd44780.o(i.LCD_WriteNibble)
    i.LCD_WriteText                          0x08001eb0   Section        0  lcd_hd44780.o(i.LCD_WriteText)
    i.MB                                     0x08001ec8   Section        0  modbus.o(i.MB)
    i.MB_Buf_append                          0x08002030   Section        0  modbus.o(i.MB_Buf_append)
    i.MB_Buf_clear                           0x0800205c   Section        0  modbus.o(i.MB_Buf_clear)
    i.MB_Buf_control                         0x08002084   Section        0  modbus.o(i.MB_Buf_control)
    i.MB_Buf_pop                             0x080020bc   Section        0  modbus.o(i.MB_Buf_pop)
    i.MB_Buf_process_master                  0x08002114   Section        0  modbus.o(i.MB_Buf_process_master)
    i.MB_Config                              0x08002118   Section        0  modbus.o(i.MB_Config)
    i.MB_GetResponse                         0x08002154   Section        0  modbus.o(i.MB_GetResponse)
    i.MB_SendRequest                         0x080021d8   Section        0  modbus.o(i.MB_SendRequest)
    i.MemManage_Handler                      0x0800228c   Section        0  stm32f10x_it.o(i.MemManage_Handler)
    i.NMI_Handler                            0x08002290   Section        0  stm32f10x_it.o(i.NMI_Handler)
    i.NVIC_ClearPendingIRQ                   0x08002294   Section        0  main.o(i.NVIC_ClearPendingIRQ)
    NVIC_ClearPendingIRQ                     0x08002295   Thumb Code    18  main.o(i.NVIC_ClearPendingIRQ)
    i.NVIC_Config                            0x080022ac   Section        0  main.o(i.NVIC_Config)
    i.NVIC_EnableIRQ                         0x080023ee   Section        0  main.o(i.NVIC_EnableIRQ)
    NVIC_EnableIRQ                           0x080023ef   Thumb Code    22  main.o(i.NVIC_EnableIRQ)
    i.NVIC_Init                              0x08002404   Section        0  misc.o(i.NVIC_Init)
    i.NVIC_PriorityGroupConfig               0x08002474   Section        0  misc.o(i.NVIC_PriorityGroupConfig)
    i.NVIC_SetPriority                       0x08002488   Section        0  main.o(i.NVIC_SetPriority)
    NVIC_SetPriority                         0x08002489   Thumb Code    32  main.o(i.NVIC_SetPriority)
    i.NVIC_SetVectorTable                    0x080024b0   Section        0  misc.o(i.NVIC_SetVectorTable)
    i.PVD_IRQHandler                         0x080024c4   Section        0  stm32f10x_it.o(i.PVD_IRQHandler)
    i.PendSV_Handler                         0x080024c6   Section        0  stm32f10x_it.o(i.PendSV_Handler)
    i.RCC_ADCCLKConfig                       0x080024c8   Section        0  stm32f10x_rcc.o(i.RCC_ADCCLKConfig)
    i.RCC_APB1PeriphClockCmd                 0x080024e0   Section        0  stm32f10x_rcc.o(i.RCC_APB1PeriphClockCmd)
    i.RCC_APB2PeriphClockCmd                 0x08002500   Section        0  stm32f10x_rcc.o(i.RCC_APB2PeriphClockCmd)
    i.RCC_APB2PeriphResetCmd                 0x08002520   Section        0  stm32f10x_rcc.o(i.RCC_APB2PeriphResetCmd)
    i.RCC_Config                             0x08002540   Section        0  main.o(i.RCC_Config)
    i.RCC_DeInit                             0x08002614   Section        0  stm32f10x_rcc.o(i.RCC_DeInit)
    i.RCC_GetClocksFreq                      0x08002660   Section        0  stm32f10x_rcc.o(i.RCC_GetClocksFreq)
    i.RCC_GetFlagStatus                      0x08002734   Section        0  stm32f10x_rcc.o(i.RCC_GetFlagStatus)
    i.RCC_GetSYSCLKSource                    0x08002770   Section        0  stm32f10x_rcc.o(i.RCC_GetSYSCLKSource)
    i.RCC_HCLKConfig                         0x08002780   Section        0  stm32f10x_rcc.o(i.RCC_HCLKConfig)
    i.RCC_HSEConfig                          0x08002798   Section        0  stm32f10x_rcc.o(i.RCC_HSEConfig)
    i.RCC_IRQHandler                         0x080027e4   Section        0  stm32f10x_it.o(i.RCC_IRQHandler)
    i.RCC_PCLK1Config                        0x080027e8   Section        0  stm32f10x_rcc.o(i.RCC_PCLK1Config)
    i.RCC_PCLK2Config                        0x08002800   Section        0  stm32f10x_rcc.o(i.RCC_PCLK2Config)
    i.RCC_PLLCmd                             0x08002818   Section        0  stm32f10x_rcc.o(i.RCC_PLLCmd)
    i.RCC_PLLConfig                          0x08002824   Section        0  stm32f10x_rcc.o(i.RCC_PLLConfig)
    i.RCC_SYSCLKConfig                       0x08002840   Section        0  stm32f10x_rcc.o(i.RCC_SYSCLKConfig)
    i.RCC_WaitForHSEStartUp                  0x08002858   Section        0  stm32f10x_rcc.o(i.RCC_WaitForHSEStartUp)
    i.RTCAlarm_IRQHandler                    0x08002890   Section        0  stm32f10x_it.o(i.RTCAlarm_IRQHandler)
    i.RTC_IRQHandler                         0x08002892   Section        0  stm32f10x_it.o(i.RTC_IRQHandler)
    i.Reset50usTimer                         0x08002894   Section        0  modbus.o(i.Reset50usTimer)
    i.SPI1_IRQHandler                        0x080028b0   Section        0  stm32f10x_it.o(i.SPI1_IRQHandler)
    i.SPI2_IRQHandler                        0x080028b2   Section        0  stm32f10x_it.o(i.SPI2_IRQHandler)
    i.SVC_Handler                            0x080028b4   Section        0  stm32f10x_it.o(i.SVC_Handler)
    i.Set50usTimer                           0x080028b8   Section        0  modbus.o(i.Set50usTimer)
    i.SetCharacterReadyToTransmit            0x080028f0   Section        0  modbus.o(i.SetCharacterReadyToTransmit)
    i.SetCharacterReceived                   0x08002914   Section        0  modbus.o(i.SetCharacterReceived)
    i.SetTimeout                             0x08002920   Section        0  modbus.o(i.SetTimeout)
    i.Start50usTimer                         0x08002934   Section        0  modbus.o(i.Start50usTimer)
    i.Stop50usTimer                          0x08002960   Section        0  modbus.o(i.Stop50usTimer)
    i.SysTick_CLKSourceConfig                0x08002974   Section        0  misc.o(i.SysTick_CLKSourceConfig)
    i.SysTick_Handler                        0x0800299c   Section        0  stm32f10x_it.o(i.SysTick_Handler)
    i.TAMPER_IRQHandler                      0x080029ac   Section        0  stm32f10x_it.o(i.TAMPER_IRQHandler)
    i.TIM1_BRK_IRQHandler                    0x080029ae   Section        0  stm32f10x_it.o(i.TIM1_BRK_IRQHandler)
    i.TIM1_CC_IRQHandler                     0x080029b0   Section        0  stm32f10x_it.o(i.TIM1_CC_IRQHandler)
    i.TIM1_TRG_COM_IRQHandler                0x080029b2   Section        0  stm32f10x_it.o(i.TIM1_TRG_COM_IRQHandler)
    i.TIM1_UP_IRQHandler                     0x080029b4   Section        0  stm32f10x_it.o(i.TIM1_UP_IRQHandler)
    i.TIM2_Config                            0x080029b6   Section        0  main.o(i.TIM2_Config)
    i.TIM2_IRQHandler                        0x08002a14   Section        0  stm32f10x_it.o(i.TIM2_IRQHandler)
    i.TIM3_IRQHandler                        0x08002a38   Section        0  stm32f10x_it.o(i.TIM3_IRQHandler)
    i.TIM4_Config                            0x08002a3c   Section        0  main.o(i.TIM4_Config)
    i.TIM4_IRQHandler                        0x08002a78   Section        0  stm32f10x_it.o(i.TIM4_IRQHandler)
    i.TIM_ClearITPendingBit                  0x08002a98   Section        0  stm32f10x_tim.o(i.TIM_ClearITPendingBit)
    i.TIM_Cmd                                0x08002a9e   Section        0  stm32f10x_tim.o(i.TIM_Cmd)
    i.TIM_GetITStatus                        0x08002ab6   Section        0  stm32f10x_tim.o(i.TIM_GetITStatus)
    i.TIM_ITConfig                           0x08002ad8   Section        0  stm32f10x_tim.o(i.TIM_ITConfig)
    i.TIM_OC2Init                            0x08002aec   Section        0  stm32f10x_tim.o(i.TIM_OC2Init)
    i.TIM_TimeBaseInit                       0x08002b90   Section        0  stm32f10x_tim.o(i.TIM_TimeBaseInit)
    i.TimeoutPassed                          0x08002c34   Section        0  modbus.o(i.TimeoutPassed)
    i.TimeoutTick                            0x08002c48   Section        0  modbus.o(i.TimeoutTick)
    i.Timer50usTick                          0x08002c60   Section        0  modbus.o(i.Timer50usTick)
    i.USART1_Config                          0x08002cb8   Section        0  main.o(i.USART1_Config)
    i.USART1_IRQHandler                      0x08002d10   Section        0  stm32f10x_it.o(i.USART1_IRQHandler)
    i.USART2_IRQHandler                      0x08002d50   Section        0  stm32f10x_it.o(i.USART2_IRQHandler)
    i.USART3_IRQHandler                      0x08002d52   Section        0  stm32f10x_it.o(i.USART3_IRQHandler)
    i.USART_ClearITPendingBit                0x08002d54   Section        0  stm32f10x_usart.o(i.USART_ClearITPendingBit)
    i.USART_Cmd                              0x08002d72   Section        0  stm32f10x_usart.o(i.USART_Cmd)
    i.USART_GetITStatus                      0x08002d8a   Section        0  stm32f10x_usart.o(i.USART_GetITStatus)
    i.USART_ITConfig                         0x08002dde   Section        0  stm32f10x_usart.o(i.USART_ITConfig)
    i.USART_Init                             0x08002e28   Section        0  stm32f10x_usart.o(i.USART_Init)
    i.USART_ReceiveData                      0x08002f00   Section        0  stm32f10x_usart.o(i.USART_ReceiveData)
    i.USART_SendData                         0x08002f0a   Section        0  stm32f10x_usart.o(i.USART_SendData)
    i.USBWakeUp_IRQHandler                   0x08002f12   Section        0  stm32f10x_it.o(i.USBWakeUp_IRQHandler)
    i.UsageFault_Handler                     0x08002f14   Section        0  stm32f10x_it.o(i.UsageFault_Handler)
    i.WWDG_IRQHandler                        0x08002f18   Section        0  stm32f10x_it.o(i.WWDG_IRQHandler)
    i.__ARM_fpclassify                       0x08002f1a   Section        0  fpclassify.o(i.__ARM_fpclassify)
    i._is_digit                              0x08002f42   Section        0  __printf_wp.o(i._is_digit)
    i.main                                   0x08002f50   Section        0  main.o(i.main)
    locale$$code                             0x080030b4   Section       44  lc_numeric_c.o(locale$$code)
    x$fpl$dadd                               0x080030e0   Section      336  daddsub_clz.o(x$fpl$dadd)
    _dadd1                                   0x080030f1   Thumb Code     0  daddsub_clz.o(x$fpl$dadd)
    x$fpl$ddiv                               0x08003230   Section      688  ddiv.o(x$fpl$ddiv)
    ddiv_entry                               0x08003237   Thumb Code     0  ddiv.o(x$fpl$ddiv)
    x$fpl$dfltu                              0x080034e0   Section       38  dflt_clz.o(x$fpl$dfltu)
    x$fpl$dmul                               0x08003508   Section      340  dmul.o(x$fpl$dmul)
    x$fpl$dnaninf                            0x0800365c   Section      156  dnaninf.o(x$fpl$dnaninf)
    x$fpl$dretinf                            0x080036f8   Section       12  dretinf.o(x$fpl$dretinf)
    x$fpl$dsub                               0x08003704   Section      468  daddsub_clz.o(x$fpl$dsub)
    _dsub1                                   0x08003715   Thumb Code     0  daddsub_clz.o(x$fpl$dsub)
    x$fpl$printf1                            0x080038d8   Section        4  printf1.o(x$fpl$printf1)
    .constdata                               0x080038dc   Section      512  crc16.o(.constdata)
    x$fpl$usenofp                            0x080038dc   Section        0  usenofp.o(x$fpl$usenofp)
    aucCRCHi                                 0x080038dc   Data         256  crc16.o(.constdata)
    aucCRCLo                                 0x080039dc   Data         256  crc16.o(.constdata)
    .constdata                               0x08003adc   Section      148  bigflt0.o(.constdata)
    tenpwrs_x                                0x08003adc   Data          60  bigflt0.o(.constdata)
    tenpwrs_i                                0x08003b18   Data          64  bigflt0.o(.constdata)
    locale$$data                             0x08003b90   Section       28  lc_numeric_c.o(locale$$data)
    __lcnum_c_name                           0x08003b94   Data           2  lc_numeric_c.o(locale$$data)
    __lcnum_c_start                          0x08003b9c   Data           0  lc_numeric_c.o(locale$$data)
    __lcnum_c_point                          0x08003ba8   Data           0  lc_numeric_c.o(locale$$data)
    __lcnum_c_thousands                      0x08003baa   Data           0  lc_numeric_c.o(locale$$data)
    __lcnum_c_grouping                       0x08003bab   Data           0  lc_numeric_c.o(locale$$data)
    __lcnum_c_end                            0x08003bac   Data           0  lc_numeric_c.o(locale$$data)
    .data                                    0x20000000   Section       16  stm32f10x_it.o(.data)
    msc                                      0x20000000   Data           4  stm32f10x_it.o(.data)
    .data                                    0x20000010   Section        4  delay.o(.data)
    msc                                      0x20000010   Data           4  delay.o(.data)
    .data                                    0x20000014   Section       30  main.o(.data)
    msc                                      0x20000014   Data           4  main.o(.data)
    .data                                    0x20000032   Section       20  stm32f10x_rcc.o(.data)
    APBAHBPrescTable                         0x20000032   Data          16  stm32f10x_rcc.o(.data)
    ADCPrescTable                            0x20000042   Data           4  stm32f10x_rcc.o(.data)
    .data                                    0x20000046   Section        4  lcd_hd44780.o(.data)
    .data                                    0x2000004c   Section       43  modbus.o(.data)
    MB_Buf_size                              0x20000056   Data           2  modbus.o(.data)
    character_recieved                       0x20000058   Data           1  modbus.o(.data)
    character_ready_to_send                  0x20000059   Data           1  modbus.o(.data)
    demand_of_emmision                       0x2000005a   Data           1  modbus.o(.data)
    frame_ok                                 0x2000005b   Data           1  modbus.o(.data)
    response_ready                           0x2000005c   Data           1  modbus.o(.data)
    state                                    0x20000076   Data           1  modbus.o(.data)
    .bss                                     0x20000078   Section       64  main.o(.bss)
    .bss                                     0x200000b8   Section     1024  modbus.o(.bss)
    MB_Buf                                   0x200000b8   Data        1024  modbus.o(.bss)
    .bss                                     0x200004b8   Section       96  libspace.o(.bss)
    HEAP                                     0x20000518   Section      512  startup_stm32f10x_md.o(HEAP)
    Heap_Mem                                 0x20000518   Data         512  startup_stm32f10x_md.o(HEAP)
    STACK                                    0x20000718   Section     1024  startup_stm32f10x_md.o(STACK)
    Stack_Mem                                0x20000718   Data        1024  startup_stm32f10x_md.o(STACK)
    __initial_sp                             0x20000b18   Data           0  startup_stm32f10x_md.o(STACK)

    Global Symbols

    Symbol Name                              Value     Ov Type        Size  Object(Section)

    BuildAttributes$$THM_ISAv4$P$D$K$B$S$PE$A:L22UL41UL21$X:L11$S22US41US21$IEEE1$IW$USESV6$~STKCKD$USESV7$~SHL$OTIME$ROPI$IEEEJ$EBA8$UX$STANDARDLIB$REQ8$PRES8$EABIv2 0x00000000   Number         0  anon$$obj.o ABSOLUTE
    __ARM_use_no_argv                        0x00000000   Number         0  main.o ABSOLUTE
    _printf_flags                            0x00000000   Number         0  printf_stubs.o ABSOLUTE
    _printf_return_value                     0x00000000   Number         0  printf_stubs.o ABSOLUTE
    _printf_sizespec                         0x00000000   Number         0  printf_stubs.o ABSOLUTE
    _printf_widthprec                        0x00000000   Number         0  printf_stubs.o ABSOLUTE
    __ARM_exceptions_init                     - Undefined Weak Reference
    __alloca_initialize                       - Undefined Weak Reference
    __arm_preinit_                            - Undefined Weak Reference
    __cpp_initialize__aeabi_                  - Undefined Weak Reference
    __cxa_finalize                            - Undefined Weak Reference
    __sigvec_lookup                           - Undefined Weak Reference
    _atexit_init                              - Undefined Weak Reference
    _call_atexit_fns                          - Undefined Weak Reference
    _clock_init                               - Undefined Weak Reference
    _fp_trap_init                             - Undefined Weak Reference
    _fp_trap_shutdown                         - Undefined Weak Reference
    _get_lc_collate                           - Undefined Weak Reference
    _get_lc_ctype                             - Undefined Weak Reference
    _get_lc_monetary                          - Undefined Weak Reference
    _get_lc_time                              - Undefined Weak Reference
    _getenv_init                              - Undefined Weak Reference
    _handle_redirection                       - Undefined Weak Reference
    _init_alloc                               - Undefined Weak Reference
    _init_user_alloc                          - Undefined Weak Reference
    _initio                                   - Undefined Weak Reference
    _printf_truncate_signed                   - Undefined Weak Reference
    _printf_truncate_unsigned                 - Undefined Weak Reference
    _rand_init                                - Undefined Weak Reference
    _signal_finish                            - Undefined Weak Reference
    _signal_init                              - Undefined Weak Reference
    _terminate_alloc                          - Undefined Weak Reference
    _terminate_user_alloc                     - Undefined Weak Reference
    _terminateio                              - Undefined Weak Reference
    __Vectors_Size                           0x000000ec   Number         0  startup_stm32f10x_md.o ABSOLUTE
    __Vectors                                0x08000000   Data           4  startup_stm32f10x_md.o(RESET)
    __Vectors_End                            0x080000ec   Data           0  startup_stm32f10x_md.o(RESET)
    __main                                   0x080000ed   Thumb Code     8  __main.o(!!!main)
    __scatterload                            0x080000f5   Thumb Code     0  __scatter.o(!!!scatter)
    __scatterload_rt2                        0x080000f5   Thumb Code    44  __scatter.o(!!!scatter)
    __scatterload_rt2_thumb_only             0x080000f5   Thumb Code     0  __scatter.o(!!!scatter)
    __scatterload_null                       0x08000103   Thumb Code     0  __scatter.o(!!!scatter)
    __scatterload_copy                       0x08000129   Thumb Code    26  __scatter_copy.o(!!handler_copy)
    __scatterload_zeroinit                   0x08000145   Thumb Code    28  __scatter_zi.o(!!handler_zi)
    _printf_f                                0x08000161   Thumb Code     0  _printf_f.o(.ARM.Collect$$_printf_percent$$00000003)
    _printf_percent                          0x08000161   Thumb Code     0  _printf_percent.o(.ARM.Collect$$_printf_percent$$00000000)
    _printf_d                                0x08000167   Thumb Code     0  _printf_d.o(.ARM.Collect$$_printf_percent$$00000009)
    _printf_percent_end                      0x0800016d   Thumb Code     0  _printf_percent_end.o(.ARM.Collect$$_printf_percent$$00000017)
    __rt_lib_init                            0x08000171   Thumb Code     0  libinit.o(.ARM.Collect$$libinit$$00000000)
    __rt_lib_init_fp_1                       0x08000173   Thumb Code     0  libinit2.o(.ARM.Collect$$libinit$$00000002)
    __rt_lib_init_heap_1                     0x08000173   Thumb Code     0  libinit2.o(.ARM.Collect$$libinit$$0000000A)
    __rt_lib_init_lc_common                  0x08000173   Thumb Code     0  libinit2.o(.ARM.Collect$$libinit$$0000000F)
    __rt_lib_init_preinit_1                  0x08000173   Thumb Code     0  libinit2.o(.ARM.Collect$$libinit$$00000004)
    __rt_lib_init_rand_1                     0x08000173   Thumb Code     0  libinit2.o(.ARM.Collect$$libinit$$0000000E)
    __rt_lib_init_user_alloc_1               0x08000173   Thumb Code     0  libinit2.o(.ARM.Collect$$libinit$$0000000C)
    __rt_lib_init_lc_collate_1               0x08000179   Thumb Code     0  libinit2.o(.ARM.Collect$$libinit$$00000011)
    __rt_lib_init_lc_ctype_1                 0x08000179   Thumb Code     0  libinit2.o(.ARM.Collect$$libinit$$00000013)
    __rt_lib_init_lc_monetary_1              0x08000179   Thumb Code     0  libinit2.o(.ARM.Collect$$libinit$$00000015)
    __rt_lib_init_lc_numeric_2               0x08000179   Thumb Code     0  libinit2.o(.ARM.Collect$$libinit$$00000016)
    __rt_lib_init_alloca_1                   0x08000183   Thumb Code     0  libinit2.o(.ARM.Collect$$libinit$$0000002E)
    __rt_lib_init_argv_1                     0x08000183   Thumb Code     0  libinit2.o(.ARM.Collect$$libinit$$0000002C)
    __rt_lib_init_atexit_1                   0x08000183   Thumb Code     0  libinit2.o(.ARM.Collect$$libinit$$0000001B)
    __rt_lib_init_clock_1                    0x08000183   Thumb Code     0  libinit2.o(.ARM.Collect$$libinit$$00000021)
    __rt_lib_init_cpp_1                      0x08000183   Thumb Code     0  libinit2.o(.ARM.Collect$$libinit$$00000032)
    __rt_lib_init_exceptions_1               0x08000183   Thumb Code     0  libinit2.o(.ARM.Collect$$libinit$$00000030)
    __rt_lib_init_fp_trap_1                  0x08000183   Thumb Code     0  libinit2.o(.ARM.Collect$$libinit$$0000001F)
    __rt_lib_init_getenv_1                   0x08000183   Thumb Code     0  libinit2.o(.ARM.Collect$$libinit$$00000023)
    __rt_lib_init_lc_numeric_1               0x08000183   Thumb Code     0  libinit2.o(.ARM.Collect$$libinit$$00000017)
    __rt_lib_init_lc_time_1                  0x08000183   Thumb Code     0  libinit2.o(.ARM.Collect$$libinit$$00000019)
    __rt_lib_init_return                     0x08000183   Thumb Code     0  libinit2.o(.ARM.Collect$$libinit$$00000033)
    __rt_lib_init_signal_1                   0x08000183   Thumb Code     0  libinit2.o(.ARM.Collect$$libinit$$0000001D)
    __rt_lib_init_stdio_1                    0x08000183   Thumb Code     0  libinit2.o(.ARM.Collect$$libinit$$00000025)
    __rt_lib_shutdown                        0x08000185   Thumb Code     0  libshutdown.o(.ARM.Collect$$libshutdown$$00000000)
    __rt_lib_shutdown_cpp_1                  0x08000187   Thumb Code     0  libshutdown2.o(.ARM.Collect$$libshutdown$$00000002)
    __rt_lib_shutdown_fp_trap_1              0x08000187   Thumb Code     0  libshutdown2.o(.ARM.Collect$$libshutdown$$00000007)
    __rt_lib_shutdown_heap_1                 0x08000187   Thumb Code     0  libshutdown2.o(.ARM.Collect$$libshutdown$$0000000F)
    __rt_lib_shutdown_return                 0x08000187   Thumb Code     0  libshutdown2.o(.ARM.Collect$$libshutdown$$00000010)
    __rt_lib_shutdown_signal_1               0x08000187   Thumb Code     0  libshutdown2.o(.ARM.Collect$$libshutdown$$0000000A)
    __rt_lib_shutdown_stdio_1                0x08000187   Thumb Code     0  libshutdown2.o(.ARM.Collect$$libshutdown$$00000004)
    __rt_lib_shutdown_user_alloc_1           0x08000187   Thumb Code     0  libshutdown2.o(.ARM.Collect$$libshutdown$$0000000C)
    __rt_entry                               0x08000189   Thumb Code     0  __rtentry.o(.ARM.Collect$$rtentry$$00000000)
    __rt_entry_presh_1                       0x08000189   Thumb Code     0  __rtentry2.o(.ARM.Collect$$rtentry$$00000002)
    __rt_entry_sh                            0x08000189   Thumb Code     0  __rtentry4.o(.ARM.Collect$$rtentry$$00000004)
    __rt_entry_li                            0x0800018f   Thumb Code     0  __rtentry2.o(.ARM.Collect$$rtentry$$0000000A)
    __rt_entry_postsh_1                      0x0800018f   Thumb Code     0  __rtentry2.o(.ARM.Collect$$rtentry$$00000009)
    __rt_entry_main                          0x08000193   Thumb Code     0  __rtentry2.o(.ARM.Collect$$rtentry$$0000000D)
    __rt_entry_postli_1                      0x08000193   Thumb Code     0  __rtentry2.o(.ARM.Collect$$rtentry$$0000000C)
    __rt_exit                                0x0800019b   Thumb Code     0  rtexit.o(.ARM.Collect$$rtexit$$00000000)
    __rt_exit_ls                             0x0800019d   Thumb Code     0  rtexit2.o(.ARM.Collect$$rtexit$$00000003)
    __rt_exit_prels_1                        0x0800019d   Thumb Code     0  rtexit2.o(.ARM.Collect$$rtexit$$00000002)
    __rt_exit_exit                           0x080001a1   Thumb Code     0  rtexit2.o(.ARM.Collect$$rtexit$$00000004)
    Reset_Handler                            0x080001a9   Thumb Code     4  startup_stm32f10x_md.o(.text)
    CAN1_RX1_IRQHandler                      0x080001bf   Thumb Code     0  startup_stm32f10x_md.o(.text)
    CAN1_SCE_IRQHandler                      0x080001bf   Thumb Code     0  startup_stm32f10x_md.o(.text)
    USB_HP_CAN1_TX_IRQHandler                0x080001bf   Thumb Code     0  startup_stm32f10x_md.o(.text)
    USB_LP_CAN1_RX0_IRQHandler               0x080001bf   Thumb Code     0  startup_stm32f10x_md.o(.text)
    __user_initial_stackheap                 0x080001c1   Thumb Code     0  startup_stm32f10x_md.o(.text)
    __2sprintf                               0x080001e1   Thumb Code    34  noretval__2sprintf.o(.text)
    _printf_pre_padding                      0x08000209   Thumb Code    44  _printf_pad.o(.text)
    _printf_post_padding                     0x08000235   Thumb Code    34  _printf_pad.o(.text)
    _printf_int_dec                          0x08000259   Thumb Code   104  _printf_dec.o(.text)
    __printf                                 0x080002d1   Thumb Code   270  __printf_wp.o(.text)
    __use_two_region_memory                  0x080003df   Thumb Code     2  heapauxi.o(.text)
    __rt_heap_escrow$2region                 0x080003e1   Thumb Code     2  heapauxi.o(.text)
    __rt_heap_expand$2region                 0x080003e3   Thumb Code     2  heapauxi.o(.text)
    _printf_int_common                       0x080003e5   Thumb Code   178  _printf_intcommon.o(.text)
    __lib_sel_fp_printf                      0x08000497   Thumb Code     2  _printf_fp_dec.o(.text)
    _printf_fp_dec_real                      0x08000645   Thumb Code   620  _printf_fp_dec.o(.text)
    _printf_char_common                      0x080008bb   Thumb Code    32  _printf_char_common.o(.text)
    _sputc                                   0x080008e1   Thumb Code    10  _sputc.o(.text)
    __rt_locale                              0x080008ed   Thumb Code     8  rt_locale_intlibspace.o(.text)
    _ll_udiv10                               0x080008f5   Thumb Code   138  lludiv10.o(.text)
    _printf_fp_infnan                        0x08000981   Thumb Code   112  _printf_fp_infnan.o(.text)
    _btod_etento                             0x08000a01   Thumb Code   216  bigflt0.o(.text)
    __user_libspace                          0x08000add   Thumb Code     8  libspace.o(.text)
    __user_perproc_libspace                  0x08000add   Thumb Code     0  libspace.o(.text)
    __user_perthread_libspace                0x08000add   Thumb Code     0  libspace.o(.text)
    __user_setup_stackheap                   0x08000ae5   Thumb Code    74  sys_stackheap_outer.o(.text)
    exit                                     0x08000b2f   Thumb Code    18  exit.o(.text)
    strcmp                                   0x08000b41   Thumb Code   128  strcmpv7m.o(.text)
    _sys_exit                                0x08000bc1   Thumb Code     8  sys_exit.o(.text)
    __I$use$semihosting                      0x08000bcd   Thumb Code     0  use_no_semi.o(.text)
    __use_no_semihosting_swi                 0x08000bcd   Thumb Code     2  use_no_semi.o(.text)
    __semihosting_library_function           0x08000bcf   Thumb Code     0  indicate_semi.o(.text)
    _btod_d2e                                0x08000bcf   Thumb Code    62  btod.o(CL$$btod_d2e)
    _d2e_denorm_low                          0x08000c0d   Thumb Code    70  btod.o(CL$$btod_d2e_denorm_low)
    _d2e_norm_op1                            0x08000c53   Thumb Code    96  btod.o(CL$$btod_d2e_norm_op1)
    __btod_div_common                        0x08000cb3   Thumb Code   696  btod.o(CL$$btod_div_common)
    _e2e                                     0x08000feb   Thumb Code   198  btod.o(CL$$btod_e2e)
    _btod_ediv                               0x080010b1   Thumb Code    40  btod.o(CL$$btod_ediv)
    _btod_emul                               0x080010d9   Thumb Code    40  btod.o(CL$$btod_emul)
    __btod_mult_common                       0x08001101   Thumb Code   580  btod.o(CL$$btod_mult_common)
    ADC1_2_IRQHandler                        0x08001345   Thumb Code    42  stm32f10x_it.o(i.ADC1_2_IRQHandler)
    ADC1_Config                              0x08001379   Thumb Code   126  main.o(i.ADC1_Config)
    ADC_ClearITPendingBit                    0x080013fd   Thumb Code    10  stm32f10x_adc.o(i.ADC_ClearITPendingBit)
    ADC_Cmd                                  0x08001407   Thumb Code    22  stm32f10x_adc.o(i.ADC_Cmd)
    ADC_DeInit                               0x0800141d   Thumb Code    78  stm32f10x_adc.o(i.ADC_DeInit)
    ADC_ExternalTrigConvCmd                  0x08001479   Thumb Code    22  stm32f10x_adc.o(i.ADC_ExternalTrigConvCmd)
    ADC_GetCalibrationStatus                 0x0800148f   Thumb Code    20  stm32f10x_adc.o(i.ADC_GetCalibrationStatus)
    ADC_GetConversionValue                   0x080014a3   Thumb Code     8  stm32f10x_adc.o(i.ADC_GetConversionValue)
    ADC_GetITStatus                          0x080014ab   Thumb Code    36  stm32f10x_adc.o(i.ADC_GetITStatus)
    ADC_GetResetCalibrationStatus            0x080014cf   Thumb Code    20  stm32f10x_adc.o(i.ADC_GetResetCalibrationStatus)
    ADC_ITConfig                             0x080014e3   Thumb Code    24  stm32f10x_adc.o(i.ADC_ITConfig)
    ADC_Init                                 0x080014fd   Thumb Code    70  stm32f10x_adc.o(i.ADC_Init)
    ADC_RegularChannelConfig                 0x0800154d   Thumb Code   184  stm32f10x_adc.o(i.ADC_RegularChannelConfig)
    ADC_ResetCalibration                     0x08001605   Thumb Code    10  stm32f10x_adc.o(i.ADC_ResetCalibration)
    ADC_SoftwareStartConvCmd                 0x0800160f   Thumb Code    22  stm32f10x_adc.o(i.ADC_SoftwareStartConvCmd)
    ADC_StartCalibration                     0x08001625   Thumb Code    10  stm32f10x_adc.o(i.ADC_StartCalibration)
    BusFault_Handler                         0x0800162f   Thumb Code     4  stm32f10x_it.o(i.BusFault_Handler)
    CRC16                                    0x08001635   Thumb Code    48  crc16.o(i.CRC16)
    Communication_Get                        0x0800166d   Thumb Code    22  main.o(i.Communication_Get)
    Communication_Mode                       0x08001689   Thumb Code    32  main.o(i.Communication_Mode)
    Communication_Put                        0x080016ad   Thumb Code    14  main.o(i.Communication_Put)
    DMA1_Channel1_IRQHandler                 0x080016c1   Thumb Code     2  stm32f10x_it.o(i.DMA1_Channel1_IRQHandler)
    DMA1_Channel2_IRQHandler                 0x080016c3   Thumb Code     2  stm32f10x_it.o(i.DMA1_Channel2_IRQHandler)
    DMA1_Channel3_IRQHandler                 0x080016c5   Thumb Code     2  stm32f10x_it.o(i.DMA1_Channel3_IRQHandler)
    DMA1_Channel4_IRQHandler                 0x080016c7   Thumb Code     2  stm32f10x_it.o(i.DMA1_Channel4_IRQHandler)
    DMA1_Channel5_IRQHandler                 0x080016c9   Thumb Code     2  stm32f10x_it.o(i.DMA1_Channel5_IRQHandler)
    DMA1_Channel6_IRQHandler                 0x080016cb   Thumb Code     2  stm32f10x_it.o(i.DMA1_Channel6_IRQHandler)
    DMA1_Channel7_IRQHandler                 0x080016cd   Thumb Code     2  stm32f10x_it.o(i.DMA1_Channel7_IRQHandler)
    DebugMon_Handler                         0x080016cf   Thumb Code     2  stm32f10x_it.o(i.DebugMon_Handler)
    Delay                                    0x080016d1   Thumb Code    16  delay.o(i.Delay)
    DelayTick                                0x080016e5   Thumb Code    18  delay.o(i.DelayTick)
    Delay_ms                                 0x080016fd   Thumb Code    16  delay.o(i.Delay_ms)
    Disable50usTimer                         0x0800170d   Thumb Code    14  main.o(i.Disable50usTimer)
    EXTI0_IRQHandler                         0x08001721   Thumb Code     2  stm32f10x_it.o(i.EXTI0_IRQHandler)
    EXTI15_10_IRQHandler                     0x08001723   Thumb Code     2  stm32f10x_it.o(i.EXTI15_10_IRQHandler)
    EXTI1_IRQHandler                         0x08001725   Thumb Code     2  stm32f10x_it.o(i.EXTI1_IRQHandler)
    EXTI2_IRQHandler                         0x08001727   Thumb Code     2  stm32f10x_it.o(i.EXTI2_IRQHandler)
    EXTI3_IRQHandler                         0x08001729   Thumb Code     2  stm32f10x_it.o(i.EXTI3_IRQHandler)
    EXTI4_IRQHandler                         0x0800172b   Thumb Code     2  stm32f10x_it.o(i.EXTI4_IRQHandler)
    EXTI9_5_IRQHandler                       0x0800172d   Thumb Code    52  stm32f10x_it.o(i.EXTI9_5_IRQHandler)
    EXTI_ClearITPendingBit                   0x08001769   Thumb Code     6  stm32f10x_exti.o(i.EXTI_ClearITPendingBit)
    EXTI_Init                                0x08001775   Thumb Code   142  stm32f10x_exti.o(i.EXTI_Init)
    Enable50usTimer                          0x08001809   Thumb Code    14  main.o(i.Enable50usTimer)
    FLASH_IRQHandler                         0x0800181d   Thumb Code     2  stm32f10x_it.o(i.FLASH_IRQHandler)
    FLASH_PrefetchBufferCmd                  0x08001821   Thumb Code    22  stm32f10x_flash.o(i.FLASH_PrefetchBufferCmd)
    FLASH_SetLatency                         0x0800183d   Thumb Code    18  stm32f10x_flash.o(i.FLASH_SetLatency)
    GPIO_Config                              0x08001855   Thumb Code   194  main.o(i.GPIO_Config)
    GPIO_EXTILineConfig                      0x08001925   Thumb Code    60  stm32f10x_gpio.o(i.GPIO_EXTILineConfig)
    GPIO_Init                                0x08001965   Thumb Code   278  stm32f10x_gpio.o(i.GPIO_Init)
    GPIO_ReadInputDataBit                    0x08001a7b   Thumb Code    18  stm32f10x_gpio.o(i.GPIO_ReadInputDataBit)
    GPIO_ResetBits                           0x08001a8d   Thumb Code     4  stm32f10x_gpio.o(i.GPIO_ResetBits)
    GPIO_SetBits                             0x08001a91   Thumb Code     4  stm32f10x_gpio.o(i.GPIO_SetBits)
    GPIO_WriteBit                            0x08001a95   Thumb Code    10  stm32f10x_gpio.o(i.GPIO_WriteBit)
    HardFault_Handler                        0x08001a9f   Thumb Code     4  stm32f10x_it.o(i.HardFault_Handler)
    I2C1_ER_IRQHandler                       0x08001aa3   Thumb Code     2  stm32f10x_it.o(i.I2C1_ER_IRQHandler)
    I2C1_EV_IRQHandler                       0x08001aa5   Thumb Code     2  stm32f10x_it.o(i.I2C1_EV_IRQHandler)
    I2C2_ER_IRQHandler                       0x08001aa7   Thumb Code     2  stm32f10x_it.o(i.I2C2_ER_IRQHandler)
    I2C2_EV_IRQHandler                       0x08001aa9   Thumb Code     2  stm32f10x_it.o(i.I2C2_EV_IRQHandler)
    Is50usTimerStarted                       0x08001aad   Thumb Code     6  modbus.o(i.Is50usTimerStarted)
    Ist15Expired                             0x08001ab9   Thumb Code     6  modbus.o(i.Ist15Expired)
    Ist35Expired                             0x08001ac5   Thumb Code     6  modbus.o(i.Ist35Expired)
    KB2char                                  0x08001ad1   Thumb Code   124  main.o(i.KB2char)
    LCD_GoTo                                 0x08001b61   Thumb Code    24  lcd_hd44780.o(i.LCD_GoTo)
    LCD_Initialize                           0x08001b79   Thumb Code   172  lcd_hd44780.o(i.LCD_Initialize)
    LCD_ReadNibble                           0x08001c31   Thumb Code    82  lcd_hd44780.o(i.LCD_ReadNibble)
    LCD_ReadStatus                           0x08001c89   Thumb Code    78  lcd_hd44780.o(i.LCD_ReadStatus)
    LCD_Refresh                              0x08001ce1   Thumb Code   146  main.o(i.LCD_Refresh)
    LCD_WriteCommand                         0x08001db5   Thumb Code    58  lcd_hd44780.o(i.LCD_WriteCommand)
    LCD_WriteData                            0x08001df5   Thumb Code    56  lcd_hd44780.o(i.LCD_WriteData)
    LCD_WriteNibble                          0x08001e31   Thumb Code   124  lcd_hd44780.o(i.LCD_WriteNibble)
    LCD_WriteText                            0x08001eb1   Thumb Code    22  lcd_hd44780.o(i.LCD_WriteText)
    MB                                       0x08001ec9   Thumb Code   334  modbus.o(i.MB)
    MB_Buf_append                            0x08002031   Thumb Code    34  modbus.o(i.MB_Buf_append)
    MB_Buf_clear                             0x0800205d   Thumb Code    30  modbus.o(i.MB_Buf_clear)
    MB_Buf_control                           0x08002085   Thumb Code    44  modbus.o(i.MB_Buf_control)
    MB_Buf_pop                               0x080020bd   Thumb Code    80  modbus.o(i.MB_Buf_pop)
    MB_Buf_process_master                    0x08002115   Thumb Code     2  modbus.o(i.MB_Buf_process_master)
    MB_Config                                0x08002119   Thumb Code    50  modbus.o(i.MB_Config)
    MB_GetResponse                           0x08002155   Thumb Code   120  modbus.o(i.MB_GetResponse)
    MB_SendRequest                           0x080021d9   Thumb Code   154  modbus.o(i.MB_SendRequest)
    MemManage_Handler                        0x0800228d   Thumb Code     4  stm32f10x_it.o(i.MemManage_Handler)
    NMI_Handler                              0x08002291   Thumb Code     2  stm32f10x_it.o(i.NMI_Handler)
    NVIC_Config                              0x080022ad   Thumb Code   322  main.o(i.NVIC_Config)
    NVIC_Init                                0x08002405   Thumb Code   100  misc.o(i.NVIC_Init)
    NVIC_PriorityGroupConfig                 0x08002475   Thumb Code    10  misc.o(i.NVIC_PriorityGroupConfig)
    NVIC_SetVectorTable                      0x080024b1   Thumb Code    12  misc.o(i.NVIC_SetVectorTable)
    PVD_IRQHandler                           0x080024c5   Thumb Code     2  stm32f10x_it.o(i.PVD_IRQHandler)
    PendSV_Handler                           0x080024c7   Thumb Code     2  stm32f10x_it.o(i.PendSV_Handler)
    RCC_ADCCLKConfig                         0x080024c9   Thumb Code    18  stm32f10x_rcc.o(i.RCC_ADCCLKConfig)
    RCC_APB1PeriphClockCmd                   0x080024e1   Thumb Code    26  stm32f10x_rcc.o(i.RCC_APB1PeriphClockCmd)
    RCC_APB2PeriphClockCmd                   0x08002501   Thumb Code    26  stm32f10x_rcc.o(i.RCC_APB2PeriphClockCmd)
    RCC_APB2PeriphResetCmd                   0x08002521   Thumb Code    26  stm32f10x_rcc.o(i.RCC_APB2PeriphResetCmd)
    RCC_Config                               0x08002541   Thumb Code   210  main.o(i.RCC_Config)
    RCC_DeInit                               0x08002615   Thumb Code    64  stm32f10x_rcc.o(i.RCC_DeInit)
    RCC_GetClocksFreq                        0x08002661   Thumb Code   192  stm32f10x_rcc.o(i.RCC_GetClocksFreq)
    RCC_GetFlagStatus                        0x08002735   Thumb Code    56  stm32f10x_rcc.o(i.RCC_GetFlagStatus)
    RCC_GetSYSCLKSource                      0x08002771   Thumb Code    10  stm32f10x_rcc.o(i.RCC_GetSYSCLKSource)
    RCC_HCLKConfig                           0x08002781   Thumb Code    18  stm32f10x_rcc.o(i.RCC_HCLKConfig)
    RCC_HSEConfig                            0x08002799   Thumb Code    70  stm32f10x_rcc.o(i.RCC_HSEConfig)
    RCC_IRQHandler                           0x080027e5   Thumb Code     2  stm32f10x_it.o(i.RCC_IRQHandler)
    RCC_PCLK1Config                          0x080027e9   Thumb Code    18  stm32f10x_rcc.o(i.RCC_PCLK1Config)
    RCC_PCLK2Config                          0x08002801   Thumb Code    20  stm32f10x_rcc.o(i.RCC_PCLK2Config)
    RCC_PLLCmd                               0x08002819   Thumb Code     6  stm32f10x_rcc.o(i.RCC_PLLCmd)
    RCC_PLLConfig                            0x08002825   Thumb Code    24  stm32f10x_rcc.o(i.RCC_PLLConfig)
    RCC_SYSCLKConfig                         0x08002841   Thumb Code    18  stm32f10x_rcc.o(i.RCC_SYSCLKConfig)
    RCC_WaitForHSEStartUp                    0x08002859   Thumb Code    56  stm32f10x_rcc.o(i.RCC_WaitForHSEStartUp)
    RTCAlarm_IRQHandler                      0x08002891   Thumb Code     2  stm32f10x_it.o(i.RTCAlarm_IRQHandler)
    RTC_IRQHandler                           0x08002893   Thumb Code     2  stm32f10x_it.o(i.RTC_IRQHandler)
    Reset50usTimer                           0x08002895   Thumb Code    16  modbus.o(i.Reset50usTimer)
    SPI1_IRQHandler                          0x080028b1   Thumb Code     2  stm32f10x_it.o(i.SPI1_IRQHandler)
    SPI2_IRQHandler                          0x080028b3   Thumb Code     2  stm32f10x_it.o(i.SPI2_IRQHandler)
    SVC_Handler                              0x080028b5   Thumb Code     2  stm32f10x_it.o(i.SVC_Handler)
    Set50usTimer                             0x080028b9   Thumb Code    34  modbus.o(i.Set50usTimer)
    SetCharacterReadyToTransmit              0x080028f1   Thumb Code    32  modbus.o(i.SetCharacterReadyToTransmit)
    SetCharacterReceived                     0x08002915   Thumb Code     6  modbus.o(i.SetCharacterReceived)
    SetTimeout                               0x08002921   Thumb Code    14  modbus.o(i.SetTimeout)
    Start50usTimer                           0x08002935   Thumb Code    28  modbus.o(i.Start50usTimer)
    Stop50usTimer                            0x08002961   Thumb Code    14  modbus.o(i.Stop50usTimer)
    SysTick_CLKSourceConfig                  0x08002975   Thumb Code    40  misc.o(i.SysTick_CLKSourceConfig)
    SysTick_Handler                          0x0800299d   Thumb Code    16  stm32f10x_it.o(i.SysTick_Handler)
    TAMPER_IRQHandler                        0x080029ad   Thumb Code     2  stm32f10x_it.o(i.TAMPER_IRQHandler)
    TIM1_BRK_IRQHandler                      0x080029af   Thumb Code     2  stm32f10x_it.o(i.TIM1_BRK_IRQHandler)
    TIM1_CC_IRQHandler                       0x080029b1   Thumb Code     2  stm32f10x_it.o(i.TIM1_CC_IRQHandler)
    TIM1_TRG_COM_IRQHandler                  0x080029b3   Thumb Code     2  stm32f10x_it.o(i.TIM1_TRG_COM_IRQHandler)
    TIM1_UP_IRQHandler                       0x080029b5   Thumb Code     2  stm32f10x_it.o(i.TIM1_UP_IRQHandler)
    TIM2_Config                              0x080029b7   Thumb Code    92  main.o(i.TIM2_Config)
    TIM2_IRQHandler                          0x08002a15   Thumb Code    30  stm32f10x_it.o(i.TIM2_IRQHandler)
    TIM3_IRQHandler                          0x08002a39   Thumb Code     2  stm32f10x_it.o(i.TIM3_IRQHandler)
    TIM4_Config                              0x08002a3d   Thumb Code    54  main.o(i.TIM4_Config)
    TIM4_IRQHandler                          0x08002a79   Thumb Code    26  stm32f10x_it.o(i.TIM4_IRQHandler)
    TIM_ClearITPendingBit                    0x08002a99   Thumb Code     6  stm32f10x_tim.o(i.TIM_ClearITPendingBit)
    TIM_Cmd                                  0x08002a9f   Thumb Code    24  stm32f10x_tim.o(i.TIM_Cmd)
    TIM_GetITStatus                          0x08002ab7   Thumb Code    34  stm32f10x_tim.o(i.TIM_GetITStatus)
    TIM_ITConfig                             0x08002ad9   Thumb Code    18  stm32f10x_tim.o(i.TIM_ITConfig)
    TIM_OC2Init                              0x08002aed   Thumb Code   154  stm32f10x_tim.o(i.TIM_OC2Init)
    TIM_TimeBaseInit                         0x08002b91   Thumb Code   122  stm32f10x_tim.o(i.TIM_TimeBaseInit)
    TimeoutPassed                            0x08002c35   Thumb Code    14  modbus.o(i.TimeoutPassed)
    TimeoutTick                              0x08002c49   Thumb Code    18  modbus.o(i.TimeoutTick)
    Timer50usTick                            0x08002c61   Thumb Code    66  modbus.o(i.Timer50usTick)
    USART1_Config                            0x08002cb9   Thumb Code    82  main.o(i.USART1_Config)
    USART1_IRQHandler                        0x08002d11   Thumb Code    58  stm32f10x_it.o(i.USART1_IRQHandler)
    USART2_IRQHandler                        0x08002d51   Thumb Code     2  stm32f10x_it.o(i.USART2_IRQHandler)
    USART3_IRQHandler                        0x08002d53   Thumb Code     2  stm32f10x_it.o(i.USART3_IRQHandler)
    USART_ClearITPendingBit                  0x08002d55   Thumb Code    30  stm32f10x_usart.o(i.USART_ClearITPendingBit)
    USART_Cmd                                0x08002d73   Thumb Code    24  stm32f10x_usart.o(i.USART_Cmd)
    USART_GetITStatus                        0x08002d8b   Thumb Code    84  stm32f10x_usart.o(i.USART_GetITStatus)
    USART_ITConfig                           0x08002ddf   Thumb Code    74  stm32f10x_usart.o(i.USART_ITConfig)
    USART_Init                               0x08002e29   Thumb Code   210  stm32f10x_usart.o(i.USART_Init)
    USART_ReceiveData                        0x08002f01   Thumb Code    10  stm32f10x_usart.o(i.USART_ReceiveData)
    USART_SendData                           0x08002f0b   Thumb Code     8  stm32f10x_usart.o(i.USART_SendData)
    USBWakeUp_IRQHandler                     0x08002f13   Thumb Code     2  stm32f10x_it.o(i.USBWakeUp_IRQHandler)
    UsageFault_Handler                       0x08002f15   Thumb Code     4  stm32f10x_it.o(i.UsageFault_Handler)
    WWDG_IRQHandler                          0x08002f19   Thumb Code     2  stm32f10x_it.o(i.WWDG_IRQHandler)
    __ARM_fpclassify                         0x08002f1b   Thumb Code    40  fpclassify.o(i.__ARM_fpclassify)
    _is_digit                                0x08002f43   Thumb Code    14  __printf_wp.o(i._is_digit)
    main                                     0x08002f51   Thumb Code   320  main.o(i.main)
    _get_lc_numeric                          0x080030b5   Thumb Code    44  lc_numeric_c.o(locale$$code)
    __aeabi_dadd                             0x080030e1   Thumb Code     0  daddsub_clz.o(x$fpl$dadd)
    _dadd                                    0x080030e1   Thumb Code   332  daddsub_clz.o(x$fpl$dadd)
    __aeabi_ddiv                             0x08003231   Thumb Code     0  ddiv.o(x$fpl$ddiv)
    _ddiv                                    0x08003231   Thumb Code   552  ddiv.o(x$fpl$ddiv)
    __aeabi_ui2d                             0x080034e1   Thumb Code     0  dflt_clz.o(x$fpl$dfltu)
    _dfltu                                   0x080034e1   Thumb Code    38  dflt_clz.o(x$fpl$dfltu)
    __aeabi_dmul                             0x08003509   Thumb Code     0  dmul.o(x$fpl$dmul)
    _dmul                                    0x08003509   Thumb Code   332  dmul.o(x$fpl$dmul)
    __fpl_dnaninf                            0x0800365d   Thumb Code   156  dnaninf.o(x$fpl$dnaninf)
    __fpl_dretinf                            0x080036f9   Thumb Code    12  dretinf.o(x$fpl$dretinf)
    __aeabi_dsub                             0x08003705   Thumb Code     0  daddsub_clz.o(x$fpl$dsub)
    _dsub                                    0x08003705   Thumb Code   464  daddsub_clz.o(x$fpl$dsub)
    _printf_fp_dec                           0x080038d9   Thumb Code     4  printf1.o(x$fpl$printf1)
    __I$use$fp                               0x080038dc   Number         0  usenofp.o(x$fpl$usenofp)
    Region$$Table$$Base                      0x08003b70   Number         0  anon$$obj.o(Region$$Table)
    Region$$Table$$Limit                     0x08003b90   Number         0  anon$$obj.o(Region$$Table)
    adc                                      0x20000008   Data           8  stm32f10x_it.o(.data)
    key_pointer                              0x20000018   Data           4  main.o(.data)
    resp                                     0x2000001c   Data           4  main.o(.data)
    resplen                                  0x20000020   Data           2  main.o(.data)
    respstate                                0x20000022   Data           1  main.o(.data)
    respstate_fun                            0x20000023   Data           1  main.o(.data)
    write_single_coil_3                      0x20000024   Data           4  main.o(.data)
    fanon                                    0x20000028   Data           4  main.o(.data)
    fanoff                                   0x2000002c   Data           4  main.o(.data)
    temp                                     0x20000030   Data           2  main.o(.data)
    GPIO_InitStructure                       0x20000046   Data           4  lcd_hd44780.o(.data)
    DiscretesInputBuf                        0x2000004c   Data           1  modbus.o(.data)
    CoilsBuf                                 0x2000004d   Data           4  modbus.o(.data)
    InputRegistersBuf                        0x20000052   Data           2  modbus.o(.data)
    HoldingRegistersBuf                      0x20000054   Data           2  modbus.o(.data)
    timeout_time                             0x20000060   Data           4  modbus.o(.data)
    t15_nominal_ticks                        0x20000064   Data           4  modbus.o(.data)
    t35_nominal_ticks                        0x20000068   Data           4  modbus.o(.data)
    _50us_ticks                              0x2000006c   Data           4  modbus.o(.data)
    t15_expired                              0x20000070   Data           1  modbus.o(.data)
    t35_expired                              0x20000071   Data           1  modbus.o(.data)
    _50us_timer_started                      0x20000072   Data           1  modbus.o(.data)
    modbus_slave_address                     0x20000074   Data           2  modbus.o(.data)
    key_buffer                               0x20000078   Data          32  main.o(.bss)
    buffer                                   0x20000098   Data          32  main.o(.bss)
    __libspace_start                         0x200004b8   Data          96  libspace.o(.bss)
    __temporary_stack_top$libspace           0x20000518   Data           0  libspace.o(.bss)



==============================================================================

Memory Map of the image

  Image Entry point : 0x080000ed

  Load Region LR_IROM1 (Base: 0x08000000, Size: 0x00003c24, Max: 0x00020000, ABSOLUTE)

    Execution Region ER_IROM1 (Base: 0x08000000, Size: 0x00003bac, Max: 0x00020000, ABSOLUTE)

    Base Addr    Size         Type   Attr      Idx    E Section Name        Object

    0x08000000   0x000000ec   Data   RO         2232    RESET               startup_stm32f10x_md.o
    0x080000ec   0x00000008   Code   RO         2553  * !!!main             c_w.l(__main.o)
    0x080000f4   0x00000034   Code   RO         2789    !!!scatter          c_w.l(__scatter.o)
    0x08000128   0x0000001a   Code   RO         2791    !!handler_copy      c_w.l(__scatter_copy.o)
    0x08000142   0x00000002   PAD
    0x08000144   0x0000001c   Code   RO         2793    !!handler_zi        c_w.l(__scatter_zi.o)
    0x08000160   0x00000000   Code   RO         2550    .ARM.Collect$$_printf_percent$$00000000  c_w.l(_printf_percent.o)
    0x08000160   0x00000006   Code   RO         2549    .ARM.Collect$$_printf_percent$$00000003  c_w.l(_printf_f.o)
    0x08000166   0x00000006   Code   RO         2548    .ARM.Collect$$_printf_percent$$00000009  c_w.l(_printf_d.o)
    0x0800016c   0x00000004   Code   RO         2584    .ARM.Collect$$_printf_percent$$00000017  c_w.l(_printf_percent_end.o)
    0x08000170   0x00000002   Code   RO         2662    .ARM.Collect$$libinit$$00000000  c_w.l(libinit.o)
    0x08000172   0x00000000   Code   RO         2664    .ARM.Collect$$libinit$$00000002  c_w.l(libinit2.o)
    0x08000172   0x00000000   Code   RO         2666    .ARM.Collect$$libinit$$00000004  c_w.l(libinit2.o)
    0x08000172   0x00000000   Code   RO         2669    .ARM.Collect$$libinit$$0000000A  c_w.l(libinit2.o)
    0x08000172   0x00000000   Code   RO         2671    .ARM.Collect$$libinit$$0000000C  c_w.l(libinit2.o)
    0x08000172   0x00000000   Code   RO         2673    .ARM.Collect$$libinit$$0000000E  c_w.l(libinit2.o)
    0x08000172   0x00000006   Code   RO         2674    .ARM.Collect$$libinit$$0000000F  c_w.l(libinit2.o)
    0x08000178   0x00000000   Code   RO         2676    .ARM.Collect$$libinit$$00000011  c_w.l(libinit2.o)
    0x08000178   0x00000000   Code   RO         2678    .ARM.Collect$$libinit$$00000013  c_w.l(libinit2.o)
    0x08000178   0x00000000   Code   RO         2680    .ARM.Collect$$libinit$$00000015  c_w.l(libinit2.o)
    0x08000178   0x0000000a   Code   RO         2681    .ARM.Collect$$libinit$$00000016  c_w.l(libinit2.o)
    0x08000182   0x00000000   Code   RO         2682    .ARM.Collect$$libinit$$00000017  c_w.l(libinit2.o)
    0x08000182   0x00000000   Code   RO         2684    .ARM.Collect$$libinit$$00000019  c_w.l(libinit2.o)
    0x08000182   0x00000000   Code   RO         2686    .ARM.Collect$$libinit$$0000001B  c_w.l(libinit2.o)
    0x08000182   0x00000000   Code   RO         2688    .ARM.Collect$$libinit$$0000001D  c_w.l(libinit2.o)
    0x08000182   0x00000000   Code   RO         2690    .ARM.Collect$$libinit$$0000001F  c_w.l(libinit2.o)
    0x08000182   0x00000000   Code   RO         2692    .ARM.Collect$$libinit$$00000021  c_w.l(libinit2.o)
    0x08000182   0x00000000   Code   RO         2694    .ARM.Collect$$libinit$$00000023  c_w.l(libinit2.o)
    0x08000182   0x00000000   Code   RO         2696    .ARM.Collect$$libinit$$00000025  c_w.l(libinit2.o)
    0x08000182   0x00000000   Code   RO         2700    .ARM.Collect$$libinit$$0000002C  c_w.l(libinit2.o)
    0x08000182   0x00000000   Code   RO         2702    .ARM.Collect$$libinit$$0000002E  c_w.l(libinit2.o)
    0x08000182   0x00000000   Code   RO         2704    .ARM.Collect$$libinit$$00000030  c_w.l(libinit2.o)
    0x08000182   0x00000000   Code   RO         2706    .ARM.Collect$$libinit$$00000032  c_w.l(libinit2.o)
    0x08000182   0x00000002   Code   RO         2707    .ARM.Collect$$libinit$$00000033  c_w.l(libinit2.o)
    0x08000184   0x00000002   Code   RO         2737    .ARM.Collect$$libshutdown$$00000000  c_w.l(libshutdown.o)
    0x08000186   0x00000000   Code   RO         2748    .ARM.Collect$$libshutdown$$00000002  c_w.l(libshutdown2.o)
    0x08000186   0x00000000   Code   RO         2750    .ARM.Collect$$libshutdown$$00000004  c_w.l(libshutdown2.o)
    0x08000186   0x00000000   Code   RO         2753    .ARM.Collect$$libshutdown$$00000007  c_w.l(libshutdown2.o)
    0x08000186   0x00000000   Code   RO         2756    .ARM.Collect$$libshutdown$$0000000A  c_w.l(libshutdown2.o)
    0x08000186   0x00000000   Code   RO         2758    .ARM.Collect$$libshutdown$$0000000C  c_w.l(libshutdown2.o)
    0x08000186   0x00000000   Code   RO         2761    .ARM.Collect$$libshutdown$$0000000F  c_w.l(libshutdown2.o)
    0x08000186   0x00000002   Code   RO         2762    .ARM.Collect$$libshutdown$$00000010  c_w.l(libshutdown2.o)
    0x08000188   0x00000000   Code   RO         2575    .ARM.Collect$$rtentry$$00000000  c_w.l(__rtentry.o)
    0x08000188   0x00000000   Code   RO         2591    .ARM.Collect$$rtentry$$00000002  c_w.l(__rtentry2.o)
    0x08000188   0x00000006   Code   RO         2603    .ARM.Collect$$rtentry$$00000004  c_w.l(__rtentry4.o)
    0x0800018e   0x00000000   Code   RO         2593    .ARM.Collect$$rtentry$$00000009  c_w.l(__rtentry2.o)
    0x0800018e   0x00000004   Code   RO         2594    .ARM.Collect$$rtentry$$0000000A  c_w.l(__rtentry2.o)
    0x08000192   0x00000000   Code   RO         2596    .ARM.Collect$$rtentry$$0000000C  c_w.l(__rtentry2.o)
    0x08000192   0x00000008   Code   RO         2597    .ARM.Collect$$rtentry$$0000000D  c_w.l(__rtentry2.o)
    0x0800019a   0x00000002   Code   RO         2708    .ARM.Collect$$rtexit$$00000000  c_w.l(rtexit.o)
    0x0800019c   0x00000000   Code   RO         2715    .ARM.Collect$$rtexit$$00000002  c_w.l(rtexit2.o)
    0x0800019c   0x00000004   Code   RO         2716    .ARM.Collect$$rtexit$$00000003  c_w.l(rtexit2.o)
    0x080001a0   0x00000006   Code   RO         2717    .ARM.Collect$$rtexit$$00000004  c_w.l(rtexit2.o)
    0x080001a6   0x00000002   PAD
    0x080001a8   0x00000038   Code   RO         2233    .text               startup_stm32f10x_md.o
    0x080001e0   0x00000028   Code   RO         2520    .text               c_w.l(noretval__2sprintf.o)
    0x08000208   0x0000004e   Code   RO         2524    .text               c_w.l(_printf_pad.o)
    0x08000256   0x00000002   PAD
    0x08000258   0x00000078   Code   RO         2526    .text               c_w.l(_printf_dec.o)
    0x080002d0   0x0000010e   Code   RO         2536    .text               c_w.l(__printf_wp.o)
    0x080003de   0x00000006   Code   RO         2551    .text               c_w.l(heapauxi.o)
    0x080003e4   0x000000b2   Code   RO         2576    .text               c_w.l(_printf_intcommon.o)
    0x08000496   0x0000041a   Code   RO         2578    .text               c_w.l(_printf_fp_dec.o)
    0x080008b0   0x00000030   Code   RO         2580    .text               c_w.l(_printf_char_common.o)
    0x080008e0   0x0000000a   Code   RO         2582    .text               c_w.l(_sputc.o)
    0x080008ea   0x00000002   PAD
    0x080008ec   0x00000008   Code   RO         2608    .text               c_w.l(rt_locale_intlibspace.o)
    0x080008f4   0x0000008a   Code   RO         2610    .text               c_w.l(lludiv10.o)
    0x0800097e   0x00000002   PAD
    0x08000980   0x00000080   Code   RO         2612    .text               c_w.l(_printf_fp_infnan.o)
    0x08000a00   0x000000dc   Code   RO         2616    .text               c_w.l(bigflt0.o)
    0x08000adc   0x00000008   Code   RO         2648    .text               c_w.l(libspace.o)
    0x08000ae4   0x0000004a   Code   RO         2651    .text               c_w.l(sys_stackheap_outer.o)
    0x08000b2e   0x00000012   Code   RO         2653    .text               c_w.l(exit.o)
    0x08000b40   0x00000080   Code   RO         2655    .text               c_w.l(strcmpv7m.o)
    0x08000bc0   0x0000000c   Code   RO         2727    .text               c_w.l(sys_exit.o)
    0x08000bcc   0x00000002   Code   RO         2738    .text               c_w.l(use_no_semi.o)
    0x08000bce   0x00000000   Code   RO         2740    .text               c_w.l(indicate_semi.o)
    0x08000bce   0x0000003e   Code   RO         2619    CL$$btod_d2e        c_w.l(btod.o)
    0x08000c0c   0x00000046   Code   RO         2621    CL$$btod_d2e_denorm_low  c_w.l(btod.o)
    0x08000c52   0x00000060   Code   RO         2620    CL$$btod_d2e_norm_op1  c_w.l(btod.o)
    0x08000cb2   0x00000338   Code   RO         2629    CL$$btod_div_common  c_w.l(btod.o)
    0x08000fea   0x000000c6   Code   RO         2626    CL$$btod_e2e        c_w.l(btod.o)
    0x080010b0   0x00000028   Code   RO         2623    CL$$btod_ediv       c_w.l(btod.o)
    0x080010d8   0x00000028   Code   RO         2622    CL$$btod_emul       c_w.l(btod.o)
    0x08001100   0x00000244   Code   RO         2628    CL$$btod_mult_common  c_w.l(btod.o)
    0x08001344   0x00000034   Code   RO            1    i.ADC1_2_IRQHandler  stm32f10x_it.o
    0x08001378   0x00000084   Code   RO          515    i.ADC1_Config       main.o
    0x080013fc   0x0000000a   Code   RO         1734    i.ADC_ClearITPendingBit  stm32f10x_adc.o
    0x08001406   0x00000016   Code   RO         1735    i.ADC_Cmd           stm32f10x_adc.o
    0x0800141c   0x0000005c   Code   RO         1737    i.ADC_DeInit        stm32f10x_adc.o
    0x08001478   0x00000016   Code   RO         1740    i.ADC_ExternalTrigConvCmd  stm32f10x_adc.o
    0x0800148e   0x00000014   Code   RO         1743    i.ADC_GetCalibrationStatus  stm32f10x_adc.o
    0x080014a2   0x00000008   Code   RO         1744    i.ADC_GetConversionValue  stm32f10x_adc.o
    0x080014aa   0x00000024   Code   RO         1747    i.ADC_GetITStatus   stm32f10x_adc.o
    0x080014ce   0x00000014   Code   RO         1749    i.ADC_GetResetCalibrationStatus  stm32f10x_adc.o
    0x080014e2   0x00000018   Code   RO         1752    i.ADC_ITConfig      stm32f10x_adc.o
    0x080014fa   0x00000002   PAD
    0x080014fc   0x00000050   Code   RO         1753    i.ADC_Init          stm32f10x_adc.o
    0x0800154c   0x000000b8   Code   RO         1757    i.ADC_RegularChannelConfig  stm32f10x_adc.o
    0x08001604   0x0000000a   Code   RO         1758    i.ADC_ResetCalibration  stm32f10x_adc.o
    0x0800160e   0x00000016   Code   RO         1760    i.ADC_SoftwareStartConvCmd  stm32f10x_adc.o
    0x08001624   0x0000000a   Code   RO         1762    i.ADC_StartCalibration  stm32f10x_adc.o
    0x0800162e   0x00000004   Code   RO            3    i.BusFault_Handler  stm32f10x_it.o
    0x08001632   0x00000002   PAD
    0x08001634   0x00000038   Code   RO         2324    i.CRC16             crc16.o
    0x0800166c   0x0000001c   Code   RO          516    i.Communication_Get  main.o
    0x08001688   0x00000024   Code   RO          517    i.Communication_Mode  main.o
    0x080016ac   0x00000014   Code   RO          518    i.Communication_Put  main.o
    0x080016c0   0x00000002   Code   RO            6    i.DMA1_Channel1_IRQHandler  stm32f10x_it.o
    0x080016c2   0x00000002   Code   RO            7    i.DMA1_Channel2_IRQHandler  stm32f10x_it.o
    0x080016c4   0x00000002   Code   RO            8    i.DMA1_Channel3_IRQHandler  stm32f10x_it.o
    0x080016c6   0x00000002   Code   RO            9    i.DMA1_Channel4_IRQHandler  stm32f10x_it.o
    0x080016c8   0x00000002   Code   RO           10    i.DMA1_Channel5_IRQHandler  stm32f10x_it.o
    0x080016ca   0x00000002   Code   RO           11    i.DMA1_Channel6_IRQHandler  stm32f10x_it.o
    0x080016cc   0x00000002   Code   RO           12    i.DMA1_Channel7_IRQHandler  stm32f10x_it.o
    0x080016ce   0x00000002   Code   RO           17    i.DebugMon_Handler  stm32f10x_it.o
    0x080016d0   0x00000014   Code   RO          489    i.Delay             delay.o
    0x080016e4   0x00000018   Code   RO          490    i.DelayTick         delay.o
    0x080016fc   0x00000010   Code   RO          491    i.Delay_ms          delay.o
    0x0800170c   0x00000014   Code   RO          519    i.Disable50usTimer  main.o
    0x08001720   0x00000002   Code   RO           18    i.EXTI0_IRQHandler  stm32f10x_it.o
    0x08001722   0x00000002   Code   RO           19    i.EXTI15_10_IRQHandler  stm32f10x_it.o
    0x08001724   0x00000002   Code   RO           20    i.EXTI1_IRQHandler  stm32f10x_it.o
    0x08001726   0x00000002   Code   RO           21    i.EXTI2_IRQHandler  stm32f10x_it.o
    0x08001728   0x00000002   Code   RO           22    i.EXTI3_IRQHandler  stm32f10x_it.o
    0x0800172a   0x00000002   Code   RO           23    i.EXTI4_IRQHandler  stm32f10x_it.o
    0x0800172c   0x0000003c   Code   RO           24    i.EXTI9_5_IRQHandler  stm32f10x_it.o
    0x08001768   0x0000000c   Code   RO         1952    i.EXTI_ClearITPendingBit  stm32f10x_exti.o
    0x08001774   0x00000094   Code   RO         1957    i.EXTI_Init         stm32f10x_exti.o
    0x08001808   0x00000014   Code   RO          520    i.Enable50usTimer   main.o
    0x0800181c   0x00000002   Code   RO           25    i.FLASH_IRQHandler  stm32f10x_it.o
    0x0800181e   0x00000002   PAD
    0x08001820   0x0000001c   Code   RO          710    i.FLASH_PrefetchBufferCmd  stm32f10x_flash.o
    0x0800183c   0x00000018   Code   RO          715    i.FLASH_SetLatency  stm32f10x_flash.o
    0x08001854   0x000000d0   Code   RO          521    i.GPIO_Config       main.o
    0x08001924   0x00000040   Code   RO          870    i.GPIO_EXTILineConfig  stm32f10x_gpio.o
    0x08001964   0x00000116   Code   RO          873    i.GPIO_Init         stm32f10x_gpio.o
    0x08001a7a   0x00000012   Code   RO          877    i.GPIO_ReadInputDataBit  stm32f10x_gpio.o
    0x08001a8c   0x00000004   Code   RO          880    i.GPIO_ResetBits    stm32f10x_gpio.o
    0x08001a90   0x00000004   Code   RO          881    i.GPIO_SetBits      stm32f10x_gpio.o
    0x08001a94   0x0000000a   Code   RO          884    i.GPIO_WriteBit     stm32f10x_gpio.o
    0x08001a9e   0x00000004   Code   RO           27    i.HardFault_Handler  stm32f10x_it.o
    0x08001aa2   0x00000002   Code   RO           28    i.I2C1_ER_IRQHandler  stm32f10x_it.o
    0x08001aa4   0x00000002   Code   RO           29    i.I2C1_EV_IRQHandler  stm32f10x_it.o
    0x08001aa6   0x00000002   Code   RO           30    i.I2C2_ER_IRQHandler  stm32f10x_it.o
    0x08001aa8   0x00000002   Code   RO           31    i.I2C2_EV_IRQHandler  stm32f10x_it.o
    0x08001aaa   0x00000002   PAD
    0x08001aac   0x0000000c   Code   RO         2343    i.Is50usTimerStarted  modbus.o
    0x08001ab8   0x0000000c   Code   RO         2344    i.Ist15Expired      modbus.o
    0x08001ac4   0x0000000c   Code   RO         2345    i.Ist35Expired      modbus.o
    0x08001ad0   0x00000090   Code   RO          522    i.KB2char           main.o
    0x08001b60   0x00000018   Code   RO         2237    i.LCD_GoTo          lcd_hd44780.o
    0x08001b78   0x000000b8   Code   RO         2238    i.LCD_Initialize    lcd_hd44780.o
    0x08001c30   0x00000058   Code   RO         2239    i.LCD_ReadNibble    lcd_hd44780.o
    0x08001c88   0x00000058   Code   RO         2240    i.LCD_ReadStatus    lcd_hd44780.o
    0x08001ce0   0x000000d4   Code   RO          523    i.LCD_Refresh       main.o
    0x08001db4   0x00000040   Code   RO         2245    i.LCD_WriteCommand  lcd_hd44780.o
    0x08001df4   0x0000003c   Code   RO         2246    i.LCD_WriteData     lcd_hd44780.o
    0x08001e30   0x00000080   Code   RO         2247    i.LCD_WriteNibble   lcd_hd44780.o
    0x08001eb0   0x00000016   Code   RO         2248    i.LCD_WriteText     lcd_hd44780.o
    0x08001ec6   0x00000002   PAD
    0x08001ec8   0x00000168   Code   RO         2346    i.MB                modbus.o
    0x08002030   0x0000002c   Code   RO         2347    i.MB_Buf_append     modbus.o
    0x0800205c   0x00000028   Code   RO         2348    i.MB_Buf_clear      modbus.o
    0x08002084   0x00000038   Code   RO         2349    i.MB_Buf_control    modbus.o
    0x080020bc   0x00000058   Code   RO         2350    i.MB_Buf_pop        modbus.o
    0x08002114   0x00000002   Code   RO         2351    i.MB_Buf_process_master  modbus.o
    0x08002116   0x00000002   PAD
    0x08002118   0x0000003c   Code   RO         2353    i.MB_Config         modbus.o
    0x08002154   0x00000084   Code   RO         2354    i.MB_GetResponse    modbus.o
    0x080021d8   0x000000b4   Code   RO         2355    i.MB_SendRequest    modbus.o
    0x0800228c   0x00000004   Code   RO           32    i.MemManage_Handler  stm32f10x_it.o
    0x08002290   0x00000002   Code   RO           33    i.NMI_Handler       stm32f10x_it.o
    0x08002292   0x00000002   PAD
    0x08002294   0x00000018   Code   RO          525    i.NVIC_ClearPendingIRQ  main.o
    0x080022ac   0x00000142   Code   RO          526    i.NVIC_Config       main.o
    0x080023ee   0x00000016   Code   RO          527    i.NVIC_EnableIRQ    main.o
    0x08002404   0x00000070   Code   RO          657    i.NVIC_Init         misc.o
    0x08002474   0x00000014   Code   RO          658    i.NVIC_PriorityGroupConfig  misc.o
    0x08002488   0x00000028   Code   RO          528    i.NVIC_SetPriority  main.o
    0x080024b0   0x00000014   Code   RO          659    i.NVIC_SetVectorTable  misc.o
    0x080024c4   0x00000002   Code   RO           34    i.PVD_IRQHandler    stm32f10x_it.o
    0x080024c6   0x00000002   Code   RO           35    i.PendSV_Handler    stm32f10x_it.o
    0x080024c8   0x00000018   Code   RO          981    i.RCC_ADCCLKConfig  stm32f10x_rcc.o
    0x080024e0   0x00000020   Code   RO          983    i.RCC_APB1PeriphClockCmd  stm32f10x_rcc.o
    0x08002500   0x00000020   Code   RO          985    i.RCC_APB2PeriphClockCmd  stm32f10x_rcc.o
    0x08002520   0x00000020   Code   RO          986    i.RCC_APB2PeriphResetCmd  stm32f10x_rcc.o
    0x08002540   0x000000d2   Code   RO          529    i.RCC_Config        main.o
    0x08002612   0x00000002   PAD
    0x08002614   0x0000004c   Code   RO          992    i.RCC_DeInit        stm32f10x_rcc.o
    0x08002660   0x000000d4   Code   RO          993    i.RCC_GetClocksFreq  stm32f10x_rcc.o
    0x08002734   0x0000003c   Code   RO          994    i.RCC_GetFlagStatus  stm32f10x_rcc.o
    0x08002770   0x00000010   Code   RO          996    i.RCC_GetSYSCLKSource  stm32f10x_rcc.o
    0x08002780   0x00000018   Code   RO          997    i.RCC_HCLKConfig    stm32f10x_rcc.o
    0x08002798   0x0000004c   Code   RO          998    i.RCC_HSEConfig     stm32f10x_rcc.o
    0x080027e4   0x00000002   Code   RO           36    i.RCC_IRQHandler    stm32f10x_it.o
    0x080027e6   0x00000002   PAD
    0x080027e8   0x00000018   Code   RO         1004    i.RCC_PCLK1Config   stm32f10x_rcc.o
    0x08002800   0x00000018   Code   RO         1005    i.RCC_PCLK2Config   stm32f10x_rcc.o
    0x08002818   0x0000000c   Code   RO         1006    i.RCC_PLLCmd        stm32f10x_rcc.o
    0x08002824   0x0000001c   Code   RO         1007    i.RCC_PLLConfig     stm32f10x_rcc.o
    0x08002840   0x00000018   Code   RO         1010    i.RCC_SYSCLKConfig  stm32f10x_rcc.o
    0x08002858   0x00000038   Code   RO         1012    i.RCC_WaitForHSEStartUp  stm32f10x_rcc.o
    0x08002890   0x00000002   Code   RO           37    i.RTCAlarm_IRQHandler  stm32f10x_it.o
    0x08002892   0x00000002   Code   RO           38    i.RTC_IRQHandler    stm32f10x_it.o
    0x08002894   0x0000001c   Code   RO         2356    i.Reset50usTimer    modbus.o
    0x080028b0   0x00000002   Code   RO           40    i.SPI1_IRQHandler   stm32f10x_it.o
    0x080028b2   0x00000002   Code   RO           41    i.SPI2_IRQHandler   stm32f10x_it.o
    0x080028b4   0x00000002   Code   RO           43    i.SVC_Handler       stm32f10x_it.o
    0x080028b6   0x00000002   PAD
    0x080028b8   0x00000038   Code   RO         2357    i.Set50usTimer      modbus.o
    0x080028f0   0x00000024   Code   RO         2358    i.SetCharacterReadyToTransmit  modbus.o
    0x08002914   0x0000000c   Code   RO         2359    i.SetCharacterReceived  modbus.o
    0x08002920   0x00000014   Code   RO         2360    i.SetTimeout        modbus.o
    0x08002934   0x0000002c   Code   RO         2361    i.Start50usTimer    modbus.o
    0x08002960   0x00000014   Code   RO         2362    i.Stop50usTimer     modbus.o
    0x08002974   0x00000028   Code   RO          661    i.SysTick_CLKSourceConfig  misc.o
    0x0800299c   0x00000010   Code   RO           44    i.SysTick_Handler   stm32f10x_it.o
    0x080029ac   0x00000002   Code   RO           45    i.TAMPER_IRQHandler  stm32f10x_it.o
    0x080029ae   0x00000002   Code   RO           46    i.TIM1_BRK_IRQHandler  stm32f10x_it.o
    0x080029b0   0x00000002   Code   RO           47    i.TIM1_CC_IRQHandler  stm32f10x_it.o
    0x080029b2   0x00000002   Code   RO           48    i.TIM1_TRG_COM_IRQHandler  stm32f10x_it.o
    0x080029b4   0x00000002   Code   RO           49    i.TIM1_UP_IRQHandler  stm32f10x_it.o
    0x080029b6   0x0000005c   Code   RO          530    i.TIM2_Config       main.o
    0x08002a12   0x00000002   PAD
    0x08002a14   0x00000024   Code   RO           50    i.TIM2_IRQHandler   stm32f10x_it.o
    0x08002a38   0x00000002   Code   RO           51    i.TIM3_IRQHandler   stm32f10x_it.o
    0x08002a3a   0x00000002   PAD
    0x08002a3c   0x0000003c   Code   RO          531    i.TIM4_Config       main.o
    0x08002a78   0x00000020   Code   RO           52    i.TIM4_IRQHandler   stm32f10x_it.o
    0x08002a98   0x00000006   Code   RO         1192    i.TIM_ClearITPendingBit  stm32f10x_tim.o
    0x08002a9e   0x00000018   Code   RO         1197    i.TIM_Cmd           stm32f10x_tim.o
    0x08002ab6   0x00000022   Code   RO         1218    i.TIM_GetITStatus   stm32f10x_tim.o
    0x08002ad8   0x00000012   Code   RO         1222    i.TIM_ITConfig      stm32f10x_tim.o
    0x08002aea   0x00000002   PAD
    0x08002aec   0x000000a4   Code   RO         1231    i.TIM_OC2Init       stm32f10x_tim.o
    0x08002b90   0x000000a4   Code   RO         1268    i.TIM_TimeBaseInit  stm32f10x_tim.o
    0x08002c34   0x00000014   Code   RO         2363    i.TimeoutPassed     modbus.o
    0x08002c48   0x00000018   Code   RO         2364    i.TimeoutTick       modbus.o
    0x08002c60   0x00000058   Code   RO         2365    i.Timer50usTick     modbus.o
    0x08002cb8   0x00000058   Code   RO          532    i.USART1_Config     main.o
    0x08002d10   0x00000040   Code   RO           62    i.USART1_IRQHandler  stm32f10x_it.o
    0x08002d50   0x00000002   Code   RO           63    i.USART2_IRQHandler  stm32f10x_it.o
    0x08002d52   0x00000002   Code   RO           64    i.USART3_IRQHandler  stm32f10x_it.o
    0x08002d54   0x0000001e   Code   RO         2006    i.USART_ClearITPendingBit  stm32f10x_usart.o
    0x08002d72   0x00000018   Code   RO         2009    i.USART_Cmd         stm32f10x_usart.o
    0x08002d8a   0x00000054   Code   RO         2013    i.USART_GetITStatus  stm32f10x_usart.o
    0x08002dde   0x0000004a   Code   RO         2015    i.USART_ITConfig    stm32f10x_usart.o
    0x08002e28   0x000000d8   Code   RO         2016    i.USART_Init        stm32f10x_usart.o
    0x08002f00   0x0000000a   Code   RO         2023    i.USART_ReceiveData  stm32f10x_usart.o
    0x08002f0a   0x00000008   Code   RO         2026    i.USART_SendData    stm32f10x_usart.o
    0x08002f12   0x00000002   Code   RO           65    i.USBWakeUp_IRQHandler  stm32f10x_it.o
    0x08002f14   0x00000004   Code   RO           68    i.UsageFault_Handler  stm32f10x_it.o
    0x08002f18   0x00000002   Code   RO           69    i.WWDG_IRQHandler   stm32f10x_it.o
    0x08002f1a   0x00000028   Code   RO         2646    i.__ARM_fpclassify  m_ws.l(fpclassify.o)
    0x08002f42   0x0000000e   Code   RO         2538    i._is_digit         c_w.l(__printf_wp.o)
    0x08002f50   0x00000164   Code   RO          533    i.main              main.o
    0x080030b4   0x0000002c   Code   RO         2642    locale$$code        c_w.l(lc_numeric_c.o)
    0x080030e0   0x00000150   Code   RO         2555    x$fpl$dadd          fz_ws.l(daddsub_clz.o)
    0x08003230   0x000002b0   Code   RO         2562    x$fpl$ddiv          fz_ws.l(ddiv.o)
    0x080034e0   0x00000026   Code   RO         2565    x$fpl$dfltu         fz_ws.l(dflt_clz.o)
    0x08003506   0x00000002   PAD
    0x08003508   0x00000154   Code   RO         2571    x$fpl$dmul          fz_ws.l(dmul.o)
    0x0800365c   0x0000009c   Code   RO         2585    x$fpl$dnaninf       fz_ws.l(dnaninf.o)
    0x080036f8   0x0000000c   Code   RO         2587    x$fpl$dretinf       fz_ws.l(dretinf.o)
    0x08003704   0x000001d4   Code   RO         2557    x$fpl$dsub          fz_ws.l(daddsub_clz.o)
    0x080038d8   0x00000004   Code   RO         2573    x$fpl$printf1       fz_ws.l(printf1.o)
    0x080038dc   0x00000000   Code   RO         2589    x$fpl$usenofp       fz_ws.l(usenofp.o)
    0x080038dc   0x00000200   Data   RO         2325    .constdata          crc16.o
    0x08003adc   0x00000094   Data   RO         2617    .constdata          c_w.l(bigflt0.o)
    0x08003b70   0x00000020   Data   RO         2787    Region$$Table       anon$$obj.o
    0x08003b90   0x0000001c   Data   RO         2641    locale$$data        c_w.l(lc_numeric_c.o)


    Execution Region RW_IRAM1 (Base: 0x20000000, Size: 0x00000b18, Max: 0x00005000, ABSOLUTE)

    Base Addr    Size         Type   Attr      Idx    E Section Name        Object

    0x20000000   0x00000010   Data   RW           70    .data               stm32f10x_it.o
    0x20000010   0x00000004   Data   RW          492    .data               delay.o
    0x20000014   0x0000001e   Data   RW          536    .data               main.o
    0x20000032   0x00000014   Data   RW         1013    .data               stm32f10x_rcc.o
    0x20000046   0x00000004   Data   RW         2250    .data               lcd_hd44780.o
    0x2000004a   0x00000002   PAD
    0x2000004c   0x0000002b   Data   RW         2367    .data               modbus.o
    0x20000077   0x00000001   PAD
    0x20000078   0x00000040   Zero   RW          535    .bss                main.o
    0x200000b8   0x00000400   Zero   RW         2366    .bss                modbus.o
    0x200004b8   0x00000060   Zero   RW         2649    .bss                c_w.l(libspace.o)
    0x20000518   0x00000200   Zero   RW         2231    HEAP                startup_stm32f10x_md.o
    0x20000718   0x00000400   Zero   RW         2230    STACK               startup_stm32f10x_md.o


==============================================================================

Image component sizes


      Code (inc. data)   RO Data    RW Data    ZI Data      Debug   Object Name

         0          0          0          0          0         32   core_cm3.o
        56          8        512          0          0       1120   crc16.o
        60         10          0          4          0       1383   delay.o
       658         42          0          4          0       4372   lcd_hd44780.o
      2034        196          0         30         64      25288   main.o
       192         30          0          0          0       2683   misc.o
      1346        244          0         43       1024      12505   modbus.o
        56         22        236          0       1536        884   startup_stm32f10x_md.o
       560         24          0          0          0      10677   stm32f10x_adc.o
       160         12          0          0          0       1561   stm32f10x_exti.o
        52         12          0          0          0       1129   stm32f10x_flash.o
       378          4          0          0          0       4974   stm32f10x_gpio.o
       352         36          0         16          0     283625   stm32f10x_it.o
       752        104          0         20          0      11914   stm32f10x_rcc.o
       410         52          0          0          0       4380   stm32f10x_tim.o
       446          6          0          0          0       6309   stm32f10x_usart.o

    ----------------------------------------------------------------------
      7538        802        780        120       2624     372836   Object Totals
         0          0         32          0          0          0   (incl. Generated)
        26          0          0          3          0          0   (incl. Padding)

    ----------------------------------------------------------------------

      Code (inc. data)   RO Data    RW Data    ZI Data      Debug   Library Member Name

         8          0          0          0          0         68   __main.o
       284          0          0          0          0        156   __printf_wp.o
         0          0          0          0          0          0   __rtentry.o
        12          0          0          0          0          0   __rtentry2.o
         6          0          0          0          0          0   __rtentry4.o
        52          8          0          0          0          0   __scatter.o
        26          0          0          0          0          0   __scatter_copy.o
        28          0          0          0          0          0   __scatter_zi.o
        48          6          0          0          0         96   _printf_char_common.o
         6          0          0          0          0          0   _printf_d.o
       120         16          0          0          0         92   _printf_dec.o
         6          0          0          0          0          0   _printf_f.o
      1050          0          0          0          0        216   _printf_fp_dec.o
       128         16          0          0          0         84   _printf_fp_infnan.o
       178          0          0          0          0         88   _printf_intcommon.o
        78          0          0          0          0        108   _printf_pad.o
         0          0          0          0          0          0   _printf_percent.o
         4          0          0          0          0          0   _printf_percent_end.o
        10          0          0          0          0         68   _sputc.o
       220          4        148          0          0         96   bigflt0.o
      1910        128          0          0          0        672   btod.o
        18          0          0          0          0         80   exit.o
         6          0          0          0          0        152   heapauxi.o
         0          0          0          0          0          0   indicate_semi.o
        44         10         28          0          0         76   lc_numeric_c.o
         2          0          0          0          0          0   libinit.o
        18          0          0          0          0          0   libinit2.o
         2          0          0          0          0          0   libshutdown.o
         2          0          0          0          0          0   libshutdown2.o
         8          4          0          0         96         68   libspace.o
       138          0          0          0          0         80   lludiv10.o
        40          6          0          0          0         84   noretval__2sprintf.o
         8          4          0          0          0         68   rt_locale_intlibspace.o
         2          0          0          0          0          0   rtexit.o
        10          0          0          0          0          0   rtexit2.o
       128          0          0          0          0         68   strcmpv7m.o
        12          4          0          0          0         68   sys_exit.o
        74          0          0          0          0         80   sys_stackheap_outer.o
         2          0          0          0          0         68   use_no_semi.o
       804         16          0          0          0        272   daddsub_clz.o
       688        140          0          0          0        208   ddiv.o
        38          0          0          0          0         68   dflt_clz.o
       340         12          0          0          0        104   dmul.o
       156          4          0          0          0         92   dnaninf.o
        12          0          0          0          0         68   dretinf.o
         4          0          0          0          0         68   printf1.o
         0          0          0          0          0          0   usenofp.o
        40          0          0          0          0         68   fpclassify.o

    ----------------------------------------------------------------------
      6782        378        176          0         96       3584   Library Totals
        12          0          0          0          0          0   (incl. Padding)

    ----------------------------------------------------------------------

      Code (inc. data)   RO Data    RW Data    ZI Data      Debug   Library Name

      4688        206        176          0         96       2636   c_w.l
      2042        172          0          0          0        880   fz_ws.l
        40          0          0          0          0         68   m_ws.l

    ----------------------------------------------------------------------
      6782        378        176          0         96       3584   Library Totals

    ----------------------------------------------------------------------

==============================================================================


      Code (inc. data)   RO Data    RW Data    ZI Data      Debug   

     14320       1180        956        120       2720     366692   Grand Totals
     14320       1180        956        120       2720     366692   ELF Image Totals
     14320       1180        956        120          0          0   ROM Totals

==============================================================================

    Total RO  Size (Code + RO Data)                15276 (  14.92kB)
    Total RW  Size (RW Data + ZI Data)              2840 (   2.77kB)
    Total ROM Size (Code + RO Data + RW Data)      15396 (  15.04kB)

==============================================================================

